<html>
<body>
<pre>
<h1>礦ision Build Log</h1>
<h2>Tool Versions:</h2>
IDE-Version: μVision V5.29.0.0
Copyright (C) 2019 ARM Ltd and ARM Germany GmbH. All rights reserved.
License Information: 2 1535985835@qq.com, 2, LIC=P6F63-AILTQ-NTV3G-V1PAW-KXDRY-01UVZ
 
Tool Versions:
Toolchain:       MDK-ARM Professional  Version: 5.29.0.0
Toolchain Path:  D:\keilARM\ARM\ARMCC\Bin
C Compiler:      Armcc.exe V5.06 update 6 (build 750)
Assembler:       Armasm.exe V5.06 update 6 (build 750)
Linker/Locator:  ArmLink.exe V5.06 update 6 (build 750)
Library Manager: ArmAr.exe V5.06 update 6 (build 750)
Hex Converter:   FromElf.exe V5.06 update 6 (build 750)
CPU DLL:         SARMCM3.DLL V5.29.0.0
Dialog DLL:      DARMSTM.DLL V1.68.0.0
Target DLL:      UL2CM3.DLL V1.163.0.0
Dialog DLL:      TARMSTM.DLL V1.66.0.0
 
<h2>Project:</h2>
C:\Users\15399\Desktop\rct6 毕设\人体健康监测系统\USER\Healthy.uvprojx
Project File Date:  04/08/2020

<h2>Output:</h2>
*** Using Compiler 'V5.06 update 6 (build 750)', folder: 'D:\keilARM\ARM\ARMCC\Bin'
Build target 'MPU6050'
compiling stm32f10x_it.c...
compiling led.c...
compiling key.c...
compiling system_stm32f10x.c...
compiling mpuiic.c...
compiling main.c...
main.c(109): warning:  #177-D: variable "t"  was declared but never referenced
  	u8 t=0,report=1;			//默认开启上报
main.c(109): warning:  #177-D: variable "report"  was declared but never referenced
  	u8 t=0,report=1;			//默认开启上报
main.c(110): warning:  #177-D: variable "key"  was declared but never referenced
  	u8 key;
main.c(114): warning:  #550-D: variable "temp"  was set but never used
  	short temp,temp_1,temp_2;					//温度	
main.c: 4 warnings, 0 errors
compiling lcd.c...
compiling mpu6050.c...
compiling ds18b20.c...
compiling timer.c...
compiling adc.c...
compiling sim900a.c...
compiling inv_mpu_dmp_motion_driver.c...
compiling inv_mpu.c...
compiling beep.c...
compiling text.c...
compiling delay.c...
compiling usart2.c...
compiling sys.c...
assembling startup_stm32f10x_hd.s...
compiling core_cm3.c...
compiling misc.c...
compiling usart.c...
compiling stm32f10x_gpio.c...
compiling stm32f10x_usart.c...
compiling stm32f10x_fsmc.c...
compiling stm32f10x_rcc.c...
compiling stm32f10x_tim.c...
compiling usmart_config.c...
compiling stm32f10x_adc.c...
compiling usmart.c...
compiling usmart_str.c...
linking...
Program Size: Code=54310 RO-data=10638 RW-data=868 ZI-data=2708  
FromELF: creating hex file...
"..\OBJ\MPU6050.axf" - 0 Error(s), 4 Warning(s).

<h2>Software Packages used:</h2>

Package Vendor: Keil
                http://www.keil.com/pack/Keil.STM32F1xx_DFP.2.3.0.pack
                Keil.STM32F1xx_DFP.2.3.0
                STMicroelectronics STM32F1 Series Device Support, Drivers and Examples

<h2>Collection of Component include folders:</h2>
  .\RTE\_MPU6050
  D:\keilARM\PACK\Keil\STM32F1xx_DFP\2.3.0\Device\Include

<h2>Collection of Component Files used:</h2>
Build Time Elapsed:  00:00:06
</pre>
</body>
</html>
