Component: ARM Compiler 5.06 update 6 (build 750) Tool: armlink [4d35ed]

==============================================================================

Section Cross References

    main.o(i.main) refers to misc.o(i.NVIC_PriorityGroupConfig) for NVIC_PriorityGroupConfig
    main.o(i.main) refers to usart.o(i.uart_init) for uart_init
    main.o(i.main) refers to usart2.o(i.usart2_init) for usart2_init
    main.o(i.main) refers to delay.o(i.delay_init) for delay_init
    main.o(i.main) refers to led.o(i.LED_Init) for LED_Init
    main.o(i.main) refers to key.o(i.KEY_Init) for KEY_Init
    main.o(i.main) refers to lcd.o(i.LCD_Init) for LCD_Init
    main.o(i.main) refers to mpu6050.o(i.MPU_Init) for MPU_Init
    main.o(i.main) refers to adc.o(i.Adc_Init) for Adc_Init
    main.o(i.main) refers to beep.o(i.BEEP_Init) for BEEP_Init
    main.o(i.main) refers to timer.o(i.TIM3_Int_Init) for TIM3_Int_Init
    main.o(i.main) refers to lcd.o(i.LCD_Clear) for LCD_Clear
    main.o(i.main) refers to lcd.o(i.LCD_ShowString) for LCD_ShowString
    main.o(i.main) refers to delay.o(i.delay_ms) for delay_ms
    main.o(i.main) refers to lcd.o(i.LCD_Fill) for LCD_Fill
    main.o(i.main) refers to ds18b20.o(i.DS18B20_Init) for DS18B20_Init
    main.o(i.main) refers to inv_mpu.o(i.mpu_dmp_init) for mpu_dmp_init
    main.o(i.main) refers to text.o(i.xianshi) for xianshi
    main.o(i.main) refers to stm32f10x_tim.o(i.TIM_Cmd) for TIM_Cmd
    main.o(i.main) refers to inv_mpu.o(i.mpu_dmp_get_data) for mpu_dmp_get_data
    main.o(i.main) refers to mpu6050.o(i.MPU_Get_Temperature) for MPU_Get_Temperature
    main.o(i.main) refers to mpu6050.o(i.MPU_Get_Accelerometer) for MPU_Get_Accelerometer
    main.o(i.main) refers to mpu6050.o(i.MPU_Get_Gyroscope) for MPU_Get_Gyroscope
    main.o(i.main) refers to fmul.o(x$fpl$fmul) for __aeabi_fmul
    main.o(i.main) refers to ffix.o(x$fpl$ffix) for __aeabi_f2iz
    main.o(i.main) refers to sim900a.o(i.sim900a_sms_sendchinese) for sim900a_sms_sendchinese
    main.o(i.main) refers to lcd.o(.data) for POINT_COLOR
    main.o(i.main) refers to main.o(.data) for temperature
    main.o(i.usart1_send_char) refers to stm32f10x_usart.o(i.USART_GetFlagStatus) for USART_GetFlagStatus
    main.o(i.usart1_send_char) refers to stm32f10x_usart.o(i.USART_SendData) for USART_SendData
    system_stm32f10x.o(i.SetSysClock) refers to system_stm32f10x.o(i.SetSysClockTo72) for SetSysClockTo72
    system_stm32f10x.o(i.SystemCoreClockUpdate) refers to system_stm32f10x.o(.data) for SystemCoreClock
    system_stm32f10x.o(i.SystemInit) refers to system_stm32f10x.o(i.SetSysClock) for SetSysClock
    led.o(i.LED_Init) refers to stm32f10x_rcc.o(i.RCC_APB2PeriphClockCmd) for RCC_APB2PeriphClockCmd
    led.o(i.LED_Init) refers to stm32f10x_gpio.o(i.GPIO_Init) for GPIO_Init
    led.o(i.LED_Init) refers to stm32f10x_gpio.o(i.GPIO_SetBits) for GPIO_SetBits
    key.o(i.KEY_Init) refers to stm32f10x_rcc.o(i.RCC_APB2PeriphClockCmd) for RCC_APB2PeriphClockCmd
    key.o(i.KEY_Init) refers to stm32f10x_gpio.o(i.GPIO_Init) for GPIO_Init
    key.o(i.KEY_Scan) refers to stm32f10x_gpio.o(i.GPIO_ReadInputDataBit) for GPIO_ReadInputDataBit
    key.o(i.KEY_Scan) refers to delay.o(i.delay_ms) for delay_ms
    key.o(i.KEY_Scan) refers to key.o(.data) for key_up
    lcd.o(i.LCD_Clear) refers to lcd.o(i.LCD_SetCursor) for LCD_SetCursor
    lcd.o(i.LCD_Clear) refers to lcd.o(i.LCD_WriteRAM_Prepare) for LCD_WriteRAM_Prepare
    lcd.o(i.LCD_Clear) refers to lcd.o(.bss) for lcddev
    lcd.o(i.LCD_Color_Fill) refers to lcd.o(i.LCD_SetCursor) for LCD_SetCursor
    lcd.o(i.LCD_Color_Fill) refers to lcd.o(i.LCD_WriteRAM_Prepare) for LCD_WriteRAM_Prepare
    lcd.o(i.LCD_DisplayOff) refers to lcd.o(i.LCD_WR_REG) for LCD_WR_REG
    lcd.o(i.LCD_DisplayOff) refers to lcd.o(i.LCD_WriteReg) for LCD_WriteReg
    lcd.o(i.LCD_DisplayOff) refers to lcd.o(.bss) for lcddev
    lcd.o(i.LCD_DisplayOn) refers to lcd.o(i.LCD_WR_REG) for LCD_WR_REG
    lcd.o(i.LCD_DisplayOn) refers to lcd.o(i.LCD_WriteReg) for LCD_WriteReg
    lcd.o(i.LCD_DisplayOn) refers to lcd.o(.bss) for lcddev
    lcd.o(i.LCD_Display_Dir) refers to lcd.o(i.LCD_Scan_Dir) for LCD_Scan_Dir
    lcd.o(i.LCD_Display_Dir) refers to lcd.o(.bss) for lcddev
    lcd.o(i.LCD_DrawLine) refers to lcd.o(i.LCD_DrawPoint) for LCD_DrawPoint
    lcd.o(i.LCD_DrawPoint) refers to lcd.o(i.LCD_SetCursor) for LCD_SetCursor
    lcd.o(i.LCD_DrawPoint) refers to lcd.o(i.LCD_WriteRAM_Prepare) for LCD_WriteRAM_Prepare
    lcd.o(i.LCD_DrawPoint) refers to lcd.o(.data) for POINT_COLOR
    lcd.o(i.LCD_DrawRectangle) refers to lcd.o(i.LCD_DrawLine) for LCD_DrawLine
    lcd.o(i.LCD_Draw_Circle) refers to lcd.o(i.LCD_DrawPoint) for LCD_DrawPoint
    lcd.o(i.LCD_Fast_DrawPoint) refers to lcd.o(i.LCD_WR_REG) for LCD_WR_REG
    lcd.o(i.LCD_Fast_DrawPoint) refers to lcd.o(i.LCD_WR_DATA) for LCD_WR_DATA
[...]
    _printf_wc                                - Undefined Weak Reference
    _rand_init                                - Undefined Weak Reference
    _signal_finish                            - Undefined Weak Reference
    _signal_init                              - Undefined Weak Reference
    _terminate_alloc                          - Undefined Weak Reference
    _terminate_user_alloc                     - Undefined Weak Reference
    _terminateio                              - Undefined Weak Reference
    __Vectors_Size                           0x00000130   Number         0  startup_stm32f10x_hd.o ABSOLUTE
    __Vectors                                0x08000000   Data           4  startup_stm32f10x_hd.o(RESET)
    __Vectors_End                            0x08000130   Data           0  startup_stm32f10x_hd.o(RESET)
    __main                                   0x08000131   Thumb Code     8  __main.o(!!!main)
    __scatterload                            0x08000139   Thumb Code     0  __scatter.o(!!!scatter)
    __scatterload_rt2                        0x08000139   Thumb Code    44  __scatter.o(!!!scatter)
    __scatterload_rt2_thumb_only             0x08000139   Thumb Code     0  __scatter.o(!!!scatter)
    __scatterload_null                       0x08000147   Thumb Code     0  __scatter.o(!!!scatter)
    __decompress                             0x0800016d   Thumb Code    90  __dczerorl2.o(!!dczerorl2)
    __decompress1                            0x0800016d   Thumb Code     0  __dczerorl2.o(!!dczerorl2)
    __scatterload_zeroinit                   0x080001c9   Thumb Code    28  __scatter_zi.o(!!handler_zi)
    _printf_d                                0x080001e5   Thumb Code     0  _printf_d.o(.ARM.Collect$$_printf_percent$$00000009)
    _printf_percent                          0x080001e5   Thumb Code     0  _printf_percent.o(.ARM.Collect$$_printf_percent$$00000000)
    _printf_x                                0x080001eb   Thumb Code     0  _printf_x.o(.ARM.Collect$$_printf_percent$$0000000C)
    _printf_percent_end                      0x080001f1   Thumb Code     0  _printf_percent_end.o(.ARM.Collect$$_printf_percent$$00000017)
    __rt_lib_init                            0x080001f5   Thumb Code     0  libinit.o(.ARM.Collect$$libinit$$00000000)
    __rt_lib_init_alloca_1                   0x080001f7   Thumb Code     0  libinit2.o(.ARM.Collect$$libinit$$0000002E)
    __rt_lib_init_argv_1                     0x080001f7   Thumb Code     0  libinit2.o(.ARM.Collect$$libinit$$0000002C)
    __rt_lib_init_atexit_1                   0x080001f7   Thumb Code     0  libinit2.o(.ARM.Collect$$libinit$$0000001B)
    __rt_lib_init_clock_1                    0x080001f7   Thumb Code     0  libinit2.o(.ARM.Collect$$libinit$$00000021)
    __rt_lib_init_cpp_1                      0x080001f7   Thumb Code     0  libinit2.o(.ARM.Collect$$libinit$$00000032)
    __rt_lib_init_exceptions_1               0x080001f7   Thumb Code     0  libinit2.o(.ARM.Collect$$libinit$$00000030)
    __rt_lib_init_fp_1                       0x080001f7   Thumb Code     0  libinit2.o(.ARM.Collect$$libinit$$00000002)
    __rt_lib_init_fp_trap_1                  0x080001f7   Thumb Code     0  libinit2.o(.ARM.Collect$$libinit$$0000001F)
    __rt_lib_init_getenv_1                   0x080001f7   Thumb Code     0  libinit2.o(.ARM.Collect$$libinit$$00000023)
    __rt_lib_init_heap_1                     0x080001f7   Thumb Code     0  libinit2.o(.ARM.Collect$$libinit$$0000000A)
    __rt_lib_init_lc_collate_1               0x080001f7   Thumb Code     0  libinit2.o(.ARM.Collect$$libinit$$00000011)
    __rt_lib_init_lc_ctype_1                 0x080001f7   Thumb Code     0  libinit2.o(.ARM.Collect$$libinit$$00000013)
    __rt_lib_init_lc_monetary_1              0x080001f7   Thumb Code     0  libinit2.o(.ARM.Collect$$libinit$$00000015)
    __rt_lib_init_lc_numeric_1               0x080001f7   Thumb Code     0  libinit2.o(.ARM.Collect$$libinit$$00000017)
    __rt_lib_init_lc_time_1                  0x080001f7   Thumb Code     0  libinit2.o(.ARM.Collect$$libinit$$00000019)
    __rt_lib_init_preinit_1                  0x080001f7   Thumb Code     0  libinit2.o(.ARM.Collect$$libinit$$00000004)
    __rt_lib_init_rand_1                     0x080001f7   Thumb Code     0  libinit2.o(.ARM.Collect$$libinit$$0000000E)
    __rt_lib_init_return                     0x080001f7   Thumb Code     0  libinit2.o(.ARM.Collect$$libinit$$00000033)
    __rt_lib_init_signal_1                   0x080001f7   Thumb Code     0  libinit2.o(.ARM.Collect$$libinit$$0000001D)
    __rt_lib_init_stdio_1                    0x080001f7   Thumb Code     0  libinit2.o(.ARM.Collect$$libinit$$00000025)
    __rt_lib_init_user_alloc_1               0x080001f7   Thumb Code     0  libinit2.o(.ARM.Collect$$libinit$$0000000C)
    __rt_lib_shutdown                        0x080001f9   Thumb Code     0  libshutdown.o(.ARM.Collect$$libshutdown$$00000000)
    __rt_lib_shutdown_cpp_1                  0x080001fb   Thumb Code     0  libshutdown2.o(.ARM.Collect$$libshutdown$$00000002)
    __rt_lib_shutdown_fp_trap_1              0x080001fb   Thumb Code     0  libshutdown2.o(.ARM.Collect$$libshutdown$$00000007)
    __rt_lib_shutdown_heap_1                 0x080001fb   Thumb Code     0  libshutdown2.o(.ARM.Collect$$libshutdown$$0000000F)
    __rt_lib_shutdown_return                 0x080001fb   Thumb Code     0  libshutdown2.o(.ARM.Collect$$libshutdown$$00000010)
    __rt_lib_shutdown_signal_1               0x080001fb   Thumb Code     0  libshutdown2.o(.ARM.Collect$$libshutdown$$0000000A)
    __rt_lib_shutdown_stdio_1                0x080001fb   Thumb Code     0  libshutdown2.o(.ARM.Collect$$libshutdown$$00000004)
    __rt_lib_shutdown_user_alloc_1           0x080001fb   Thumb Code     0  libshutdown2.o(.ARM.Collect$$libshutdown$$0000000C)
    __rt_entry                               0x080001fd   Thumb Code     0  __rtentry.o(.ARM.Collect$$rtentry$$00000000)
    __rt_entry_presh_1                       0x080001fd   Thumb Code     0  __rtentry2.o(.ARM.Collect$$rtentry$$00000002)
    __rt_entry_sh                            0x080001fd   Thumb Code     0  __rtentry4.o(.ARM.Collect$$rtentry$$00000004)
    __rt_entry_li                            0x08000203   Thumb Code     0  __rtentry2.o(.ARM.Collect$$rtentry$$0000000A)
    __rt_entry_postsh_1                      0x08000203   Thumb Code     0  __rtentry2.o(.ARM.Collect$$rtentry$$00000009)
    __rt_entry_main                          0x08000207   Thumb Code     0  __rtentry2.o(.ARM.Collect$$rtentry$$0000000D)
    __rt_entry_postli_1                      0x08000207   Thumb Code     0  __rtentry2.o(.ARM.Collect$$rtentry$$0000000C)
    __rt_exit                                0x0800020f   Thumb Code     0  rtexit.o(.ARM.Collect$$rtexit$$00000000)
    __rt_exit_ls                             0x08000211   Thumb Code     0  rtexit2.o(.ARM.Collect$$rtexit$$00000003)
    __rt_exit_prels_1                        0x08000211   Thumb Code     0  rtexit2.o(.ARM.Collect$$rtexit$$00000002)
    __rt_exit_exit                           0x08000215   Thumb Code     0  rtexit2.o(.ARM.Collect$$rtexit$$00000004)
    Reset_Handler                            0x0800021d   Thumb Code     8  startup_stm32f10x_hd.o(.text)
    ADC1_2_IRQHandler                        0x08000237   Thumb Code     0  startup_stm32f10x_hd.o(.text)
    ADC3_IRQHandler                          0x08000237   Thumb Code     0  startup_stm32f10x_hd.o(.text)
    CAN1_RX1_IRQHandler                      0x08000237   Thumb Code     0  startup_stm32f10x_hd.o(.text)
    CAN1_SCE_IRQHandler                      0x08000237   Thumb Code     0  startup_stm32f10x_hd.o(.text)
    DMA1_Channel1_IRQHandler                 0x08000237   Thumb Code     0  startup_stm32f10x_hd.o(.text)
    DMA1_Channel2_IRQHandler                 0x08000237   Thumb Code     0  startup_stm32f10x_hd.o(.text)
    DMA1_Channel3_IRQHandler                 0x08000237   Thumb Code     0  startup_stm32f10x_hd.o(.text)
    DMA1_Channel4_IRQHandler                 0x08000237   Thumb Code     0  startup_stm32f10x_hd.o(.text)
    DMA1_Channel5_IRQHandler                 0x08000237   Thumb Code     0  startup_stm32f10x_hd.o(.text)
    DMA1_Channel6_IRQHandler                 0x08000237   Thumb Code     0  startup_stm32f10x_hd.o(.text)
    DMA1_Channel7_IRQHandler                 0x08000237   Thumb Code     0  startup_stm32f10x_hd.o(.text)
    DMA2_Channel1_IRQHandler                 0x08000237   Thumb Code     0  startup_stm32f10x_hd.o(.text)
    DMA2_Channel2_IRQHandler                 0x08000237   Thumb Code     0  startup_stm32f10x_hd.o(.text)
    DMA2_Channel3_IRQHandler                 0x08000237   Thumb Code     0  startup_stm32f10x_hd.o(.text)
    DMA2_Channel4_5_IRQHandler               0x08000237   Thumb Code     0  startup_stm32f10x_hd.o(.text)
    EXTI0_IRQHandler                         0x08000237   Thumb Code     0  startup_stm32f10x_hd.o(.text)
    EXTI15_10_IRQHandler                     0x08000237   Thumb Code     0  startup_stm32f10x_hd.o(.text)
    EXTI1_IRQHandler                         0x08000237   Thumb Code     0  startup_stm32f10x_hd.o(.text)
    EXTI2_IRQHandler                         0x08000237   Thumb Code     0  startup_stm32f10x_hd.o(.text)
    EXTI3_IRQHandler                         0x08000237   Thumb Code     0  startup_stm32f10x_hd.o(.text)
    EXTI4_IRQHandler                         0x08000237   Thumb Code     0  startup_stm32f10x_hd.o(.text)
    EXTI9_5_IRQHandler                       0x08000237   Thumb Code     0  startup_stm32f10x_hd.o(.text)
    FLASH_IRQHandler                         0x08000237   Thumb Code     0  startup_stm32f10x_hd.o(.text)
    FSMC_IRQHandler                          0x08000237   Thumb Code     0  startup_stm32f10x_hd.o(.text)
    I2C1_ER_IRQHandler                       0x08000237   Thumb Code     0  startup_stm32f10x_hd.o(.text)
    I2C1_EV_IRQHandler                       0x08000237   Thumb Code     0  startup_stm32f10x_hd.o(.text)
    I2C2_ER_IRQHandler                       0x08000237   Thumb Code     0  startup_stm32f10x_hd.o(.text)
    I2C2_EV_IRQHandler                       0x08000237   Thumb Code     0  startup_stm32f10x_hd.o(.text)
    PVD_IRQHandler                           0x08000237   Thumb Code     0  startup_stm32f10x_hd.o(.text)
    RCC_IRQHandler                           0x08000237   Thumb Code     0  startup_stm32f10x_hd.o(.text)
    RTCAlarm_IRQHandler                      0x08000237   Thumb Code     0  startup_stm32f10x_hd.o(.text)
    RTC_IRQHandler                           0x08000237   Thumb Code     0  startup_stm32f10x_hd.o(.text)
    SDIO_IRQHandler                          0x08000237   Thumb Code     0  startup_stm32f10x_hd.o(.text)
    SPI1_IRQHandler                          0x08000237   Thumb Code     0  startup_stm32f10x_hd.o(.text)
    SPI2_IRQHandler                          0x08000237   Thumb Code     0  startup_stm32f10x_hd.o(.text)
    SPI3_IRQHandler                          0x08000237   Thumb Code     0  startup_stm32f10x_hd.o(.text)
    TAMPER_IRQHandler                        0x08000237   Thumb Code     0  startup_stm32f10x_hd.o(.text)
    TIM1_BRK_IRQHandler                      0x08000237   Thumb Code     0  startup_stm32f10x_hd.o(.text)
    TIM1_CC_IRQHandler                       0x08000237   Thumb Code     0  startup_stm32f10x_hd.o(.text)
    TIM1_TRG_COM_IRQHandler                  0x08000237   Thumb Code     0  startup_stm32f10x_hd.o(.text)
    TIM1_UP_IRQHandler                       0x08000237   Thumb Code     0  startup_stm32f10x_hd.o(.text)
    TIM2_IRQHandler                          0x08000237   Thumb Code     0  startup_stm32f10x_hd.o(.text)
    TIM4_IRQHandler                          0x08000237   Thumb Code     0  startup_stm32f10x_hd.o(.text)
    TIM5_IRQHandler                          0x08000237   Thumb Code     0  startup_stm32f10x_hd.o(.text)
    TIM6_IRQHandler                          0x08000237   Thumb Code     0  startup_stm32f10x_hd.o(.text)
    TIM7_IRQHandler                          0x08000237   Thumb Code     0  startup_stm32f10x_hd.o(.text)
    TIM8_BRK_IRQHandler                      0x08000237   Thumb Code     0  startup_stm32f10x_hd.o(.text)
    TIM8_CC_IRQHandler                       0x08000237   Thumb Code     0  startup_stm32f10x_hd.o(.text)
    TIM8_TRG_COM_IRQHandler                  0x08000237   Thumb Code     0  startup_stm32f10x_hd.o(.text)
    TIM8_UP_IRQHandler                       0x08000237   Thumb Code     0  startup_stm32f10x_hd.o(.text)
    UART4_IRQHandler                         0x08000237   Thumb Code     0  startup_stm32f10x_hd.o(.text)
    UART5_IRQHandler                         0x08000237   Thumb Code     0  startup_stm32f10x_hd.o(.text)
    USART3_IRQHandler                        0x08000237   Thumb Code     0  startup_stm32f10x_hd.o(.text)
    USBWakeUp_IRQHandler                     0x08000237   Thumb Code     0  startup_stm32f10x_hd.o(.text)
    USB_HP_CAN1_TX_IRQHandler                0x08000237   Thumb Code     0  startup_stm32f10x_hd.o(.text)
    USB_LP_CAN1_RX0_IRQHandler               0x08000237   Thumb Code     0  startup_stm32f10x_hd.o(.text)
    WWDG_IRQHandler                          0x08000237   Thumb Code     0  startup_stm32f10x_hd.o(.text)
    __user_initial_stackheap                 0x08000239   Thumb Code     0  startup_stm32f10x_hd.o(.text)
    __use_no_semihosting                     0x0800025d   Thumb Code     2  use_no_semi_2.o(.text)
    __aeabi_ldivmod                          0x0800025f   Thumb Code     0  llsdiv.o(.text)
    _ll_sdiv                                 0x0800025f   Thumb Code    72  llsdiv.o(.text)
    __2printf                                0x080002a9   Thumb Code    20  __2printf.o(.text)
    _printf_int_dec                          0x080002c1   Thumb Code   104  _printf_dec.o(.text)
    _printf_longlong_hex                     0x08000339   Thumb Code    86  _printf_hex_int_ll_ptr.o(.text)
    _printf_int_hex                          0x0800038f   Thumb Code    28  _printf_hex_int_ll_ptr.o(.text)
    _printf_ll_hex                           0x080003ab   Thumb Code    12  _printf_hex_int_ll_ptr.o(.text)
    _printf_hex_ptr                          0x080003b7   Thumb Code    18  _printf_hex_int_ll_ptr.o(.text)
    __printf                                 0x080003cd   Thumb Code   388  __printf_flags_ss_wp.o(.text)
    memcmp                                   0x08000555   Thumb Code    88  memcmp.o(.text)
    __aeabi_memset                           0x080005ad   Thumb Code    16  aeabi_memset.o(.text)
    __use_two_region_memory                  0x080005bd   Thumb Code     2  heapauxi.o(.text)
    __rt_heap_escrow$2region                 0x080005bf   Thumb Code     2  heapauxi.o(.text)
    __rt_heap_expand$2region                 0x080005c1   Thumb Code     2  heapauxi.o(.text)
    __I$use$semihosting                      0x080005c3   Thumb Code     0  use_no_semi.o(.text)
    __use_no_semihosting_swi                 0x080005c3   Thumb Code     2  use_no_semi.o(.text)
    __aeabi_uldivmod                         0x080005c5   Thumb Code     0  lludivv7m.o(.text)
    _ll_udiv                                 0x080005c5   Thumb Code   238  lludivv7m.o(.text)
    __read_errno                             0x080006b3   Thumb Code    10  _rserrno.o(.text)
    __set_errno                              0x080006bd   Thumb Code    12  _rserrno.o(.text)
    _printf_int_common                       0x080006c9   Thumb Code   178  _printf_intcommon.o(.text)
    _printf_char_common                      0x08000787   Thumb Code    32  _printf_char_common.o(.text)
    _printf_char_file                        0x080007ad   Thumb Code    32  _printf_char_file.o(.text)
    __aeabi_memclr                           0x080007d1   Thumb Code     0  rt_memclr.o(.text)
    __rt_memclr                              0x080007d1   Thumb Code    68  rt_memclr.o(.text)
    _memset                                  0x080007d5   Thumb Code     0  rt_memclr.o(.text)
    __aeabi_errno_addr                       0x08000815   Thumb Code     8  rt_errno_addr_intlibspace.o(.text)
    __errno$intlibspace                      0x08000815   Thumb Code     0  rt_errno_addr_intlibspace.o(.text)
    __rt_errno_addr$intlibspace              0x08000815   Thumb Code     0  rt_errno_addr_intlibspace.o(.text)
    ferror                                   0x0800081d   Thumb Code     8  ferror.o(.text)
    __aeabi_memclr4                          0x08000825   Thumb Code     0  rt_memclr_w.o(.text)
    __aeabi_memclr8                          0x08000825   Thumb Code     0  rt_memclr_w.o(.text)
    __rt_memclr_w                            0x08000825   Thumb Code    78  rt_memclr_w.o(.text)
    _memset_w                                0x08000829   Thumb Code     0  rt_memclr_w.o(.text)
    __user_libspace                          0x08000875   Thumb Code     8  libspace.o(.text)
    __user_perproc_libspace                  0x08000875   Thumb Code     0  libspace.o(.text)
    __user_perthread_libspace                0x08000875   Thumb Code     0  libspace.o(.text)
    __user_setup_stackheap                   0x0800087d   Thumb Code    74  sys_stackheap_outer.o(.text)
    exit                                     0x080008c7   Thumb Code    18  exit.o(.text)
    ADC_Cmd                                  0x080008d9   Thumb Code    22  stm32f10x_adc.o(i.ADC_Cmd)
    ADC_DeInit                               0x080008f1   Thumb Code    78  stm32f10x_adc.o(i.ADC_DeInit)
    ADC_GetCalibrationStatus                 0x0800094d   Thumb Code    20  stm32f10x_adc.o(i.ADC_GetCalibrationStatus)
    ADC_GetConversionValue                   0x08000961   Thumb Code     8  stm32f10x_adc.o(i.ADC_GetConversionValue)
    ADC_GetFlagStatus                        0x08000969   Thumb Code    18  stm32f10x_adc.o(i.ADC_GetFlagStatus)
    ADC_GetResetCalibrationStatus            0x0800097b   Thumb Code    20  stm32f10x_adc.o(i.ADC_GetResetCalibrationStatus)
    ADC_Init                                 0x08000991   Thumb Code    70  stm32f10x_adc.o(i.ADC_Init)
    ADC_RegularChannelConfig                 0x080009e1   Thumb Code   184  stm32f10x_adc.o(i.ADC_RegularChannelConfig)
    ADC_ResetCalibration                     0x08000a99   Thumb Code    10  stm32f10x_adc.o(i.ADC_ResetCalibration)
    ADC_SoftwareStartConvCmd                 0x08000aa3   Thumb Code    22  stm32f10x_adc.o(i.ADC_SoftwareStartConvCmd)
    ADC_StartCalibration                     0x08000ab9   Thumb Code    10  stm32f10x_adc.o(i.ADC_StartCalibration)
    Adc_Init                                 0x08000ac5   Thumb Code   274  adc.o(i.Adc_Init)
    BEEP_Init                                0x08000be9   Thumb Code    50  beep.o(i.BEEP_Init)
    BusFault_Handler                         0x08000c21   Thumb Code     4  stm32f10x_it.o(i.BusFault_Handler)
    DS18B20_Check                            0x08000c25   Thumb Code    92  ds18b20.o(i.DS18B20_Check)
    DS18B20_Get_Temp                         0x08000c89   Thumb Code   160  ds18b20.o(i.DS18B20_Get_Temp)
    DS18B20_Init                             0x08000d35   Thumb Code    58  ds18b20.o(i.DS18B20_Init)
    DS18B20_Read_Bit                         0x08000d75   Thumb Code    96  ds18b20.o(i.DS18B20_Read_Bit)
    DS18B20_Read_Byte                        0x08000de1   Thumb Code    34  ds18b20.o(i.DS18B20_Read_Byte)
    DS18B20_Rst                              0x08000e05   Thumb Code    54  ds18b20.o(i.DS18B20_Rst)
    DS18B20_Start                            0x08000e49   Thumb Code    24  ds18b20.o(i.DS18B20_Start)
    DS18B20_Write_Byte                       0x08000e61   Thumb Code   102  ds18b20.o(i.DS18B20_Write_Byte)
    DebugMon_Handler                         0x08000ed5   Thumb Code     2  stm32f10x_it.o(i.DebugMon_Handler)
    FSMC_NORSRAMCmd                          0x08000ed9   Thumb Code    46  stm32f10x_fsmc.o(i.FSMC_NORSRAMCmd)
    FSMC_NORSRAMInit                         0x08000f0d   Thumb Code   230  stm32f10x_fsmc.o(i.FSMC_NORSRAMInit)
    GPIO_Init                                0x08000ff3   Thumb Code   278  stm32f10x_gpio.o(i.GPIO_Init)
    GPIO_PinRemapConfig                      0x08001109   Thumb Code   138  stm32f10x_gpio.o(i.GPIO_PinRemapConfig)
    GPIO_ResetBits                           0x08001199   Thumb Code     4  stm32f10x_gpio.o(i.GPIO_ResetBits)
    GPIO_SetBits                             0x0800119d   Thumb Code     4  stm32f10x_gpio.o(i.GPIO_SetBits)
    Get_Adc                                  0x080011a1   Thumb Code    46  adc.o(i.Get_Adc)
    Get_Adc_Average                          0x080011d5   Thumb Code    46  adc.o(i.Get_Adc_Average)
    HardFault_Handler                        0x08001203   Thumb Code     4  stm32f10x_it.o(i.HardFault_Handler)
    KEY_Init                                 0x08001209   Thumb Code    52  key.o(i.KEY_Init)
    LCD_Clear                                0x08001245   Thumb Code   100  lcd.o(i.LCD_Clear)
    LCD_Display_Dir                          0x080012b1   Thumb Code   444  lcd.o(i.LCD_Display_Dir)
    LCD_Fast_DrawPoint                       0x08001471   Thumb Code   370  lcd.o(i.LCD_Fast_DrawPoint)
    LCD_Fill                                 0x080015ed   Thumb Code   178  lcd.o(i.LCD_Fill)
    LCD_Init                                 0x080016a9   Thumb Code 14186  lcd.o(i.LCD_Init)
    LCD_Pow                                  0x08004e1d   Thumb Code    22  lcd.o(i.LCD_Pow)
    LCD_RD_DATA                              0x08004e35   Thumb Code    14  lcd.o(i.LCD_RD_DATA)
    LCD_ReadReg                              0x08004e49   Thumb Code    22  lcd.o(i.LCD_ReadReg)
    LCD_SSD_BackLightSet                     0x08004e61   Thumb Code    80  lcd.o(i.LCD_SSD_BackLightSet)
    LCD_Scan_Dir                             0x08004eb5   Thumb Code   744  lcd.o(i.LCD_Scan_Dir)
    LCD_SetCursor                            0x080051a1   Thumb Code   418  lcd.o(i.LCD_SetCursor)
    LCD_ShowChar                             0x08005349   Thumb Code   272  lcd.o(i.LCD_ShowChar)
    LCD_ShowNum                              0x08005471   Thumb Code   148  lcd.o(i.LCD_ShowNum)
    LCD_ShowString                           0x08005505   Thumb Code   102  lcd.o(i.LCD_ShowString)
    LCD_WR_DATA                              0x0800556d   Thumb Code     6  lcd.o(i.LCD_WR_DATA)
    LCD_WR_REG                               0x08005579   Thumb Code     6  lcd.o(i.LCD_WR_REG)
    LCD_WriteRAM_Prepare                     0x08005585   Thumb Code    10  lcd.o(i.LCD_WriteRAM_Prepare)
    LCD_WriteReg                             0x08005599   Thumb Code    10  lcd.o(i.LCD_WriteReg)
    LED_Init                                 0x080055a9   Thumb Code    68  led.o(i.LED_Init)
    MPU_Get_Accelerometer                    0x080055f5   Thumb Code    80  mpu6050.o(i.MPU_Get_Accelerometer)
    MPU_Get_Gyroscope                        0x08005645   Thumb Code    80  mpu6050.o(i.MPU_Get_Gyroscope)
    MPU_Get_Temperature                      0x08005695   Thumb Code    86  mpu6050.o(i.MPU_Get_Temperature)
    MPU_IIC_Ack                              0x080056fd   Thumb Code    62  mpuiic.o(i.MPU_IIC_Ack)
    MPU_IIC_Delay                            0x08005749   Thumb Code    10  mpuiic.o(i.MPU_IIC_Delay)
    MPU_IIC_Init                             0x08005755   Thumb Code    50  mpuiic.o(i.MPU_IIC_Init)
    MPU_IIC_NAck                             0x0800578d   Thumb Code    62  mpuiic.o(i.MPU_IIC_NAck)
    MPU_IIC_Read_Byte                        0x080057d9   Thumb Code    94  mpuiic.o(i.MPU_IIC_Read_Byte)
    MPU_IIC_Send_Byte                        0x08005845   Thumb Code    80  mpuiic.o(i.MPU_IIC_Send_Byte)
    MPU_IIC_Start                            0x080058a1   Thumb Code    60  mpuiic.o(i.MPU_IIC_Start)
    MPU_IIC_Stop                             0x080058e9   Thumb Code    58  mpuiic.o(i.MPU_IIC_Stop)
    MPU_IIC_Wait_Ack                         0x08005931   Thumb Code    86  mpuiic.o(i.MPU_IIC_Wait_Ack)
    MPU_Init                                 0x08005995   Thumb Code   180  mpu6050.o(i.MPU_Init)
    MPU_Read_Byte                            0x08005a55   Thumb Code    58  mpu6050.o(i.MPU_Read_Byte)
    MPU_Read_Len                             0x08005a8f   Thumb Code   116  mpu6050.o(i.MPU_Read_Len)
    MPU_Set_Accel_Fsr                        0x08005b03   Thumb Code    16  mpu6050.o(i.MPU_Set_Accel_Fsr)
    MPU_Set_Gyro_Fsr                         0x08005b13   Thumb Code    16  mpu6050.o(i.MPU_Set_Gyro_Fsr)
    MPU_Set_LPF                              0x08005b23   Thumb Code    58  mpu6050.o(i.MPU_Set_LPF)
    MPU_Set_Rate                             0x08005b5d   Thumb Code    58  mpu6050.o(i.MPU_Set_Rate)
    MPU_Write_Byte                           0x08005b97   Thumb Code    68  mpu6050.o(i.MPU_Write_Byte)
    MPU_Write_Len                            0x08005bdb   Thumb Code    96  mpu6050.o(i.MPU_Write_Len)
    MemManage_Handler                        0x08005c3b   Thumb Code     4  stm32f10x_it.o(i.MemManage_Handler)
    NMI_Handler                              0x08005c3f   Thumb Code     2  stm32f10x_it.o(i.NMI_Handler)
    NVIC_Init                                0x08005c41   Thumb Code   100  misc.o(i.NVIC_Init)
    NVIC_PriorityGroupConfig                 0x08005cb1   Thumb Code    10  misc.o(i.NVIC_PriorityGroupConfig)
    PendSV_Handler                           0x08005cc5   Thumb Code     2  stm32f10x_it.o(i.PendSV_Handler)
    RCC_ADCCLKConfig                         0x08005cc9   Thumb Code    18  stm32f10x_rcc.o(i.RCC_ADCCLKConfig)
    RCC_AHBPeriphClockCmd                    0x08005ce1   Thumb Code    26  stm32f10x_rcc.o(i.RCC_AHBPeriphClockCmd)
    RCC_APB1PeriphClockCmd                   0x08005d01   Thumb Code    26  stm32f10x_rcc.o(i.RCC_APB1PeriphClockCmd)
    RCC_APB1PeriphResetCmd                   0x08005d21   Thumb Code    26  stm32f10x_rcc.o(i.RCC_APB1PeriphResetCmd)
    RCC_APB2PeriphClockCmd                   0x08005d41   Thumb Code    26  stm32f10x_rcc.o(i.RCC_APB2PeriphClockCmd)
    RCC_APB2PeriphResetCmd                   0x08005d61   Thumb Code    26  stm32f10x_rcc.o(i.RCC_APB2PeriphResetCmd)
    RCC_GetClocksFreq                        0x08005d81   Thumb Code   192  stm32f10x_rcc.o(i.RCC_GetClocksFreq)
    SVC_Handler                              0x08005e55   Thumb Code     2  stm32f10x_it.o(i.SVC_Handler)
    Show_Chinese                             0x08005f41   Thumb Code   128  text.o(i.Show_Chinese)
    SysTick_CLKSourceConfig                  0x08005fc9   Thumb Code    40  misc.o(i.SysTick_CLKSourceConfig)
    SysTick_Handler                          0x08005ff1   Thumb Code     2  stm32f10x_it.o(i.SysTick_Handler)
    SystemInit                               0x08005ff5   Thumb Code    78  system_stm32f10x.o(i.SystemInit)
    TIM3_IRQHandler                          0x08006055   Thumb Code   708  timer.o(i.TIM3_IRQHandler)
    TIM3_Int_Init                            0x08006361   Thumb Code    90  timer.o(i.TIM3_Int_Init)
    TIM_ClearITPendingBit                    0x080063c1   Thumb Code     6  stm32f10x_tim.o(i.TIM_ClearITPendingBit)
    TIM_Cmd                                  0x080063c7   Thumb Code    24  stm32f10x_tim.o(i.TIM_Cmd)
    TIM_GetITStatus                          0x080063df   Thumb Code    34  stm32f10x_tim.o(i.TIM_GetITStatus)
    TIM_ITConfig                             0x08006401   Thumb Code    18  stm32f10x_tim.o(i.TIM_ITConfig)
    TIM_TimeBaseInit                         0x08006415   Thumb Code   122  stm32f10x_tim.o(i.TIM_TimeBaseInit)
    USART1_IRQHandler                        0x080064b9   Thumb Code   122  usart.o(i.USART1_IRQHandler)
    USART2_IRQHandler                        0x08006541   Thumb Code   130  usart2.o(i.USART2_IRQHandler)
    USART_Cmd                                0x080065d5   Thumb Code    24  stm32f10x_usart.o(i.USART_Cmd)
    USART_DeInit                             0x080065ed   Thumb Code   134  stm32f10x_usart.o(i.USART_DeInit)
    USART_GetFlagStatus                      0x08006689   Thumb Code    26  stm32f10x_usart.o(i.USART_GetFlagStatus)
    USART_GetITStatus                        0x080066a3   Thumb Code    84  stm32f10x_usart.o(i.USART_GetITStatus)
    USART_ITConfig                           0x080066f7   Thumb Code    74  stm32f10x_usart.o(i.USART_ITConfig)
    USART_Init                               0x08006741   Thumb Code   210  stm32f10x_usart.o(i.USART_Init)
    USART_ReceiveData                        0x08006819   Thumb Code    10  stm32f10x_usart.o(i.USART_ReceiveData)
    USART_SendData                           0x08006823   Thumb Code     8  stm32f10x_usart.o(i.USART_SendData)
    UsageFault_Handler                       0x0800682b   Thumb Code     4  stm32f10x_it.o(i.UsageFault_Handler)
    Usart_SendString                         0x0800682f   Thumb Code    40  sim900a.o(i.Usart_SendString)
    __ARM_fpclassify                         0x08006857   Thumb Code    40  fpclassify.o(i.__ARM_fpclassify)
    __kernel_poly                            0x0800687f   Thumb Code   170  poly.o(i.__kernel_poly)
    __mathlib_dbl_infnan                     0x08006929   Thumb Code     6  dunder.o(i.__mathlib_dbl_infnan)
    __mathlib_dbl_infnan2                    0x0800692f   Thumb Code     4  dunder.o(i.__mathlib_dbl_infnan2)
    __mathlib_dbl_invalid                    0x08006933   Thumb Code    12  dunder.o(i.__mathlib_dbl_invalid)
    __mathlib_dbl_underflow                  0x08006941   Thumb Code    10  dunder.o(i.__mathlib_dbl_underflow)
    _is_digit                                0x08006951   Thumb Code    14  __printf_wp.o(i._is_digit)
    _sys_exit                                0x0800695f   Thumb Code     6  usart.o(i._sys_exit)
    asin                                     0x08006a0d   Thumb Code   572  asin.o(i.asin)
    atan                                     0x08006c7d   Thumb Code   474  atan.o(i.atan)
    atan2                                    0x08006e9d   Thumb Code   346  atan2.o(i.atan2)
    delay_init                               0x08007081   Thumb Code    50  delay.o(i.delay_init)
    delay_ms                                 0x080070c5   Thumb Code    72  delay.o(i.delay_ms)
    delay_us                                 0x08007111   Thumb Code    72  delay.o(i.delay_us)
    dmp_enable_6x_lp_quat                    0x0800715d   Thumb Code    60  inv_mpu_dmp_motion_driver.o(i.dmp_enable_6x_lp_quat)
    dmp_enable_feature                       0x08007199   Thumb Code   530  inv_mpu_dmp_motion_driver.o(i.dmp_enable_feature)
    dmp_enable_gyro_cal                      0x080073b5   Thumb Code    62  inv_mpu_dmp_motion_driver.o(i.dmp_enable_gyro_cal)
    dmp_enable_lp_quat                       0x0800740d   Thumb Code    60  inv_mpu_dmp_motion_driver.o(i.dmp_enable_lp_quat)
    dmp_load_motion_driver_firmware          0x08007449   Thumb Code    20  inv_mpu_dmp_motion_driver.o(i.dmp_load_motion_driver_firmware)
    dmp_read_fifo                            0x08007461   Thumb Code   456  inv_mpu_dmp_motion_driver.o(i.dmp_read_fifo)
    dmp_set_accel_bias                       0x0800762d   Thumb Code   300  inv_mpu_dmp_motion_driver.o(i.dmp_set_accel_bias)
    dmp_set_fifo_rate                        0x0800775d   Thumb Code    96  inv_mpu_dmp_motion_driver.o(i.dmp_set_fifo_rate)
    dmp_set_gyro_bias                        0x080077cd   Thumb Code   294  inv_mpu_dmp_motion_driver.o(i.dmp_set_gyro_bias)
    dmp_set_orientation                      0x080078fd   Thumb Code   290  inv_mpu_dmp_motion_driver.o(i.dmp_set_orientation)
    dmp_set_shake_reject_thresh              0x08007a35   Thumb Code    56  inv_mpu_dmp_motion_driver.o(i.dmp_set_shake_reject_thresh)
    dmp_set_shake_reject_time                0x08007a6d   Thumb Code    38  inv_mpu_dmp_motion_driver.o(i.dmp_set_shake_reject_time)
    dmp_set_shake_reject_timeout             0x08007a93   Thumb Code    38  inv_mpu_dmp_motion_driver.o(i.dmp_set_shake_reject_timeout)
    dmp_set_tap_axes                         0x08007ab9   Thumb Code    70  inv_mpu_dmp_motion_driver.o(i.dmp_set_tap_axes)
    dmp_set_tap_count                        0x08007aff   Thumb Code    38  inv_mpu_dmp_motion_driver.o(i.dmp_set_tap_count)
    dmp_set_tap_thresh                       0x08007b25   Thumb Code   396  inv_mpu_dmp_motion_driver.o(i.dmp_set_tap_thresh)
    dmp_set_tap_time                         0x08007cc5   Thumb Code    38  inv_mpu_dmp_motion_driver.o(i.dmp_set_tap_time)
    dmp_set_tap_time_multi                   0x08007ceb   Thumb Code    38  inv_mpu_dmp_motion_driver.o(i.dmp_set_tap_time_multi)
    fputc                                    0x08007d11   Thumb Code    24  usart.o(i.fputc)
    inv_orientation_matrix_to_scalar         0x08008361   Thumb Code    40  inv_mpu.o(i.inv_orientation_matrix_to_scalar)
    inv_row_2_scale                          0x08008389   Thumb Code    78  inv_mpu.o(i.inv_row_2_scale)
    main                                     0x080083d9   Thumb Code   468  main.o(i.main)
    mget_ms                                  0x0800860d   Thumb Code     2  inv_mpu.o(i.mget_ms)
    mpu_configure_fifo                       0x08008611   Thumb Code   106  inv_mpu.o(i.mpu_configure_fifo)
    mpu_dmp_get_data                         0x08008681   Thumb Code   544  inv_mpu.o(i.mpu_dmp_get_data)
    mpu_dmp_init                             0x080088a5   Thumb Code   154  inv_mpu.o(i.mpu_dmp_init)
    mpu_get_accel_fsr                        0x08008945   Thumb Code    72  inv_mpu.o(i.mpu_get_accel_fsr)
    mpu_get_accel_sens                       0x08008991   Thumb Code    78  inv_mpu.o(i.mpu_get_accel_sens)
    mpu_get_fifo_config                      0x080089e5   Thumb Code    12  inv_mpu.o(i.mpu_get_fifo_config)
    mpu_get_gyro_fsr                         0x080089f5   Thumb Code    64  inv_mpu.o(i.mpu_get_gyro_fsr)
    mpu_get_gyro_sens                        0x08008a39   Thumb Code    58  inv_mpu.o(i.mpu_get_gyro_sens)
    mpu_get_lpf                              0x08008a89   Thumb Code    74  inv_mpu.o(i.mpu_get_lpf)
    mpu_get_sample_rate                      0x08008ad9   Thumb Code    26  inv_mpu.o(i.mpu_get_sample_rate)
    mpu_init                                 0x08008af9   Thumb Code   416  inv_mpu.o(i.mpu_init)
    mpu_load_firmware                        0x08008ce9   Thumb Code   180  inv_mpu.o(i.mpu_load_firmware)
    mpu_lp_accel_mode                        0x08008da1   Thumb Code   218  inv_mpu.o(i.mpu_lp_accel_mode)
    mpu_read_fifo_stream                     0x08008e81   Thumb Code   186  inv_mpu.o(i.mpu_read_fifo_stream)
    mpu_read_mem                             0x08008f41   Thumb Code   122  inv_mpu.o(i.mpu_read_mem)
    mpu_reset_fifo                           0x08008fc1   Thumb Code   450  inv_mpu.o(i.mpu_reset_fifo)
    mpu_run_self_test                        0x08009189   Thumb Code   278  inv_mpu.o(i.mpu_run_self_test)
    mpu_set_accel_fsr                        0x080092a5   Thumb Code   126  inv_mpu.o(i.mpu_set_accel_fsr)
    mpu_set_bypass                           0x08009329   Thumb Code   328  inv_mpu.o(i.mpu_set_bypass)
    mpu_set_dmp_state                        0x08009475   Thumb Code   138  inv_mpu.o(i.mpu_set_dmp_state)
    mpu_set_gyro_fsr                         0x08009505   Thumb Code   132  inv_mpu.o(i.mpu_set_gyro_fsr)
    mpu_set_int_latched                      0x0800958d   Thumb Code   102  inv_mpu.o(i.mpu_set_int_latched)
    mpu_set_lpf                              0x080095f9   Thumb Code   126  inv_mpu.o(i.mpu_set_lpf)
    mpu_set_sample_rate                      0x0800967d   Thumb Code   152  inv_mpu.o(i.mpu_set_sample_rate)
    mpu_set_sensors                          0x08009719   Thumb Code   202  inv_mpu.o(i.mpu_set_sensors)
    mpu_write_mem                            0x080097e9   Thumb Code   122  inv_mpu.o(i.mpu_write_mem)
    run_self_test                            0x08009869   Thumb Code   148  inv_mpu.o(i.run_self_test)
    sim900a_sms_sendchinese                  0x0800998d   Thumb Code   188  sim900a.o(i.sim900a_sms_sendchinese)
    sqrt                                     0x08009b01   Thumb Code    76  sqrt.o(i.sqrt)
    uart_init                                0x08009b4d   Thumb Code   152  usart.o(i.uart_init)
    usart2_init                              0x08009bed   Thumb Code   162  usart2.o(i.usart2_init)
    xianshi                                  0x08009c9d   Thumb Code   142  text.o(i.xianshi)
    __aeabi_d2f                              0x08009d5d   Thumb Code     0  d2f.o(x$fpl$d2f)
    _d2f                                     0x08009d5d   Thumb Code    98  d2f.o(x$fpl$d2f)
    __aeabi_dadd                             0x08009dc1   Thumb Code     0  daddsub_clz.o(x$fpl$dadd)
    _dadd                                    0x08009dc1   Thumb Code   332  daddsub_clz.o(x$fpl$dadd)
    __fpl_dcheck_NaN1                        0x08009f11   Thumb Code    10  dcheck1.o(x$fpl$dcheck1)
    __aeabi_ddiv                             0x08009f21   Thumb Code     0  ddiv.o(x$fpl$ddiv)
    _ddiv                                    0x08009f21   Thumb Code   552  ddiv.o(x$fpl$ddiv)
    __aeabi_d2iz                             0x0800a1d1   Thumb Code     0  dfix.o(x$fpl$dfix)
    _dfix                                    0x0800a1d1   Thumb Code    94  dfix.o(x$fpl$dfix)
    __aeabi_d2uiz                            0x0800a231   Thumb Code     0  dfixu.o(x$fpl$dfixu)
    _dfixu                                   0x0800a231   Thumb Code    90  dfixu.o(x$fpl$dfixu)
    __aeabi_i2d                              0x0800a28b   Thumb Code     0  dflt_clz.o(x$fpl$dflt)
    _dflt                                    0x0800a28b   Thumb Code    46  dflt_clz.o(x$fpl$dflt)
    __aeabi_ui2d                             0x0800a2b9   Thumb Code     0  dflt_clz.o(x$fpl$dfltu)
    _dfltu                                   0x0800a2b9   Thumb Code    38  dflt_clz.o(x$fpl$dfltu)
    __aeabi_dmul                             0x0800a2e1   Thumb Code     0  dmul.o(x$fpl$dmul)
    _dmul                                    0x0800a2e1   Thumb Code   332  dmul.o(x$fpl$dmul)
    __fpl_dnaninf                            0x0800a435   Thumb Code   156  dnaninf.o(x$fpl$dnaninf)
    __fpl_dretinf                            0x0800a4d1   Thumb Code    12  dretinf.o(x$fpl$dretinf)
    __aeabi_drsub                            0x0800a4dd   Thumb Code     0  daddsub_clz.o(x$fpl$drsb)
    _drsb                                    0x0800a4dd   Thumb Code    22  daddsub_clz.o(x$fpl$drsb)
    _dsqrt                                   0x0800a4f5   Thumb Code   456  dsqrt_noumaal.o(x$fpl$dsqrt)
    __aeabi_dsub                             0x0800a6c1   Thumb Code     0  daddsub_clz.o(x$fpl$dsub)
    _dsub                                    0x0800a6c1   Thumb Code   464  daddsub_clz.o(x$fpl$dsub)
    __aeabi_f2d                              0x0800a895   Thumb Code     0  f2d.o(x$fpl$f2d)
    _f2d                                     0x0800a895   Thumb Code    86  f2d.o(x$fpl$f2d)
    __aeabi_fadd                             0x0800a8ed   Thumb Code     0  faddsub_clz.o(x$fpl$fadd)
    _fadd                                    0x0800a8ed   Thumb Code   196  faddsub_clz.o(x$fpl$fadd)
    __fpl_fcmp_Inf                           0x0800a9b1   Thumb Code    24  fcmpi.o(x$fpl$fcmpinf)
    __aeabi_fdiv                             0x0800a9c9   Thumb Code     0  fdiv.o(x$fpl$fdiv)
    _fdiv                                    0x0800a9c9   Thumb Code   384  fdiv.o(x$fpl$fdiv)
    __aeabi_cfcmpeq                          0x0800ab4d   Thumb Code     0  feqf.o(x$fpl$feqf)
    _fcmpeq                                  0x0800ab4d   Thumb Code   104  feqf.o(x$fpl$feqf)
    __aeabi_f2iz                             0x0800abb5   Thumb Code     0  ffix.o(x$fpl$ffix)
    _ffix                                    0x0800abb5   Thumb Code    54  ffix.o(x$fpl$ffix)
    __aeabi_f2uiz                            0x0800abed   Thumb Code     0  ffixu.o(x$fpl$ffixu)
    _ffixu                                   0x0800abed   Thumb Code    62  ffixu.o(x$fpl$ffixu)
    __aeabi_i2f                              0x0800ac2d   Thumb Code     0  fflt_clz.o(x$fpl$fflt)
    _fflt                                    0x0800ac2d   Thumb Code    48  fflt_clz.o(x$fpl$fflt)
    __aeabi_ui2f                             0x0800ac5d   Thumb Code     0  fflt_clz.o(x$fpl$ffltu)
    _ffltu                                   0x0800ac5d   Thumb Code    38  fflt_clz.o(x$fpl$ffltu)
    __aeabi_cfcmple                          0x0800ac85   Thumb Code     0  fleqf.o(x$fpl$fleqf)
    _fcmple                                  0x0800ac85   Thumb Code   104  fleqf.o(x$fpl$fleqf)
    __fpl_fcmple_InfNaN                      0x0800acd7   Thumb Code     0  fleqf.o(x$fpl$fleqf)
    __aeabi_fmul                             0x0800aced   Thumb Code     0  fmul.o(x$fpl$fmul)
    _fmul                                    0x0800aced   Thumb Code   258  fmul.o(x$fpl$fmul)
    __fpl_fnaninf                            0x0800adef   Thumb Code   140  fnaninf.o(x$fpl$fnaninf)
    __fpl_fretinf                            0x0800ae7b   Thumb Code    10  fretinf.o(x$fpl$fretinf)
    __aeabi_cfrcmple                         0x0800ae85   Thumb Code     0  frleqf.o(x$fpl$frleqf)
    _frcmple                                 0x0800ae85   Thumb Code    98  frleqf.o(x$fpl$frleqf)
    __aeabi_fsub                             0x0800aee9   Thumb Code     0  faddsub_clz.o(x$fpl$fsub)
    _fsub                                    0x0800aee9   Thumb Code   234  faddsub_clz.o(x$fpl$fsub)
    __fpl_return_NaN                         0x0800afd3   Thumb Code   100  retnan.o(x$fpl$retnan)
    __ARM_scalbn                             0x0800b037   Thumb Code    92  scalbn.o(x$fpl$scalbn)
    __fpl_cmpreturn                          0x0800b093   Thumb Code    48  trapv.o(x$fpl$trapveneer)
    __I$use$fp                               0x0800b0c2   Number         0  usenofp.o(x$fpl$usenofp)
    asc2_1206                                0x0800b0c2   Data        1140  lcd.o(.constdata)
    asc2_1608                                0x0800b536   Data        1520  lcd.o(.constdata)
    asc2_2412                                0x0800bb26   Data        3420  lcd.o(.constdata)
    reg                                      0x0800c884   Data          27  inv_mpu.o(.constdata)
    hw                                       0x0800c8a0   Data          12  inv_mpu.o(.constdata)
    test                                     0x0800c8ac   Data          40  inv_mpu.o(.constdata)
    __mathlib_zero                           0x0800d5f0   Data           8  qnan.o(.constdata)
    Region$$Table$$Base                      0x0800d648   Number         0  anon$$obj.o(Region$$Table)
    Region$$Table$$Limit                     0x0800d668   Number         0  anon$$obj.o(Region$$Table)
    BPM                                      0x20000000   Data           1  main.o(.data)
    temperature                              0x20000002   Data           2  main.o(.data)
    SystemCoreClock                          0x20000004   Data           4  system_stm32f10x.o(.data)
    AHBPrescTable                            0x20000008   Data          16  system_stm32f10x.o(.data)
    POINT_COLOR                              0x20000018   Data           2  lcd.o(.data)
    BACK_COLOR                               0x2000001a   Data           2  lcd.o(.data)
    Signal                                   0x20000054   Data           4  timer.o(.data)
    IBI                                      0x20000058   Data           4  timer.o(.data)
    Pulse                                    0x2000005c   Data           1  timer.o(.data)
    QS                                       0x2000005d   Data           1  timer.o(.data)
    sampleCounter                            0x20000060   Data           4  timer.o(.data)
    lastBeatTime                             0x20000064   Data           4  timer.o(.data)
    P                                        0x20000068   Data           4  timer.o(.data)
    T                                        0x2000006c   Data           4  timer.o(.data)
    thresh                                   0x20000070   Data           4  timer.o(.data)
    amp                                      0x20000074   Data           4  timer.o(.data)
    firstBeat                                0x20000078   Data           1  timer.o(.data)
    secondBeat                               0x20000079   Data           1  timer.o(.data)
    USART2_RX_STA                            0x2000007a   Data           2  usart2.o(.data)
    ren                                      0x2000007c   Data          32  text.o(.data)
    ti                                       0x2000009c   Data          32  text.o(.data)
    jian                                     0x200000bc   Data          32  text.o(.data)
    kang                                     0x200000dc   Data          32  text.o(.data)
    jian_1                                   0x200000fc   Data          32  text.o(.data)
    ce                                       0x2000011c   Data          32  text.o(.data)
    xi                                       0x2000013c   Data          32  text.o(.data)
    tong                                     0x2000015c   Data          32  text.o(.data)
    wen                                      0x2000017c   Data          32  text.o(.data)
    du                                       0x2000019c   Data          32  text.o(.data)
    xin                                      0x200001bc   Data          32  text.o(.data)
    lv                                       0x200001dc   Data          32  text.o(.data)
    __stdout                                 0x20000200   Data           4  usart.o(.data)
    USART_RX_STA                             0x20000204   Data           2  usart.o(.data)
    lcddev                                   0x2000021c   Data          14  lcd.o(.bss)
    rate                                     0x2000023c   Data          40  timer.o(.bss)
    USART2_RX_BUF                            0x20000264   Data         400  usart2.o(.bss)
    USART2_TX_BUF                            0x200003f4   Data         400  usart2.o(.bss)
    USART_RX_BUF                             0x20000584   Data         200  usart.o(.bss)
    __libspace_start                         0x2000064c   Data          96  libspace.o(.bss)
    __temporary_stack_top$libspace           0x200006ac   Data           0  libspace.o(.bss)



==============================================================================

Memory Map of the image

  Image Entry point : 0x08000131

  Load Region LR_IROM1 (Base: 0x08000000, Size: 0x0000d884, Max: 0x00080000, ABSOLUTE, COMPRESSED[0x0000d7f0])

    Execution Region ER_IROM1 (Exec base: 0x08000000, Load base: 0x08000000, Size: 0x0000d668, Max: 0x00080000, ABSOLUTE)

    Exec Addr    Load Addr    Size         Type   Attr      Idx    E Section Name        Object

    0x08000000   0x08000000   0x00000130   Data   RO         1540    RESET               startup_stm32f10x_hd.o
    0x08000130   0x08000130   0x00000008   Code   RO         3035  * !!!main             c_w.l(__main.o)
    0x08000138   0x08000138   0x00000034   Code   RO         3465    !!!scatter          c_w.l(__scatter.o)
    0x0800016c   0x0800016c   0x0000005a   Code   RO         3463    !!dczerorl2         c_w.l(__dczerorl2.o)
    0x080001c6   0x080001c6   0x00000002   PAD
    0x080001c8   0x080001c8   0x0000001c   Code   RO         3467    !!handler_zi        c_w.l(__scatter_zi.o)
    0x080001e4   0x080001e4   0x00000000   Code   RO         3026    .ARM.Collect$$_printf_percent$$00000000  c_w.l(_printf_percent.o)
    0x080001e4   0x080001e4   0x00000006   Code   RO         3025    .ARM.Collect$$_printf_percent$$00000009  c_w.l(_printf_d.o)
    0x080001ea   0x080001ea   0x00000006   Code   RO         3024    .ARM.Collect$$_printf_percent$$0000000C  c_w.l(_printf_x.o)
    0x080001f0   0x080001f0   0x00000004   Code   RO         3160    .ARM.Collect$$_printf_percent$$00000017  c_w.l(_printf_percent_end.o)
    0x080001f4   0x080001f4   0x00000002   Code   RO         3323    .ARM.Collect$$libinit$$00000000  c_w.l(libinit.o)
    0x080001f6   0x080001f6   0x00000000   Code   RO         3342    .ARM.Collect$$libinit$$00000002  c_w.l(libinit2.o)
    0x080001f6   0x080001f6   0x00000000   Code   RO         3344    .ARM.Collect$$libinit$$00000004  c_w.l(libinit2.o)
    0x080001f6   0x080001f6   0x00000000   Code   RO         3347    .ARM.Collect$$libinit$$0000000A  c_w.l(libinit2.o)
    0x080001f6   0x080001f6   0x00000000   Code   RO         3349    .ARM.Collect$$libinit$$0000000C  c_w.l(libinit2.o)
    0x080001f6   0x080001f6   0x00000000   Code   RO         3351    .ARM.Collect$$libinit$$0000000E  c_w.l(libinit2.o)
    0x080001f6   0x080001f6   0x00000000   Code   RO         3354    .ARM.Collect$$libinit$$00000011  c_w.l(libinit2.o)
    0x080001f6   0x080001f6   0x00000000   Code   RO         3356    .ARM.Collect$$libinit$$00000013  c_w.l(libinit2.o)
    0x080001f6   0x080001f6   0x00000000   Code   RO         3358    .ARM.Collect$$libinit$$00000015  c_w.l(libinit2.o)
    0x080001f6   0x080001f6   0x00000000   Code   RO         3360    .ARM.Collect$$libinit$$00000017  c_w.l(libinit2.o)
    0x080001f6   0x080001f6   0x00000000   Code   RO         3362    .ARM.Collect$$libinit$$00000019  c_w.l(libinit2.o)
    0x080001f6   0x080001f6   0x00000000   Code   RO         3364    .ARM.Collect$$libinit$$0000001B  c_w.l(libinit2.o)
    0x080001f6   0x080001f6   0x00000000   Code   RO         3366    .ARM.Collect$$libinit$$0000001D  c_w.l(libinit2.o)
    0x080001f6   0x080001f6   0x00000000   Code   RO         3368    .ARM.Collect$$libinit$$0000001F  c_w.l(libinit2.o)
    0x080001f6   0x080001f6   0x00000000   Code   RO         3370    .ARM.Collect$$libinit$$00000021  c_w.l(libinit2.o)
    0x080001f6   0x080001f6   0x00000000   Code   RO         3372    .ARM.Collect$$libinit$$00000023  c_w.l(libinit2.o)
    0x080001f6   0x080001f6   0x00000000   Code   RO         3374    .ARM.Collect$$libinit$$00000025  c_w.l(libinit2.o)
    0x080001f6   0x080001f6   0x00000000   Code   RO         3378    .ARM.Collect$$libinit$$0000002C  c_w.l(libinit2.o)
    0x080001f6   0x080001f6   0x00000000   Code   RO         3380    .ARM.Collect$$libinit$$0000002E  c_w.l(libinit2.o)
    0x080001f6   0x080001f6   0x00000000   Code   RO         3382    .ARM.Collect$$libinit$$00000030  c_w.l(libinit2.o)
    0x080001f6   0x080001f6   0x00000000   Code   RO         3384    .ARM.Collect$$libinit$$00000032  c_w.l(libinit2.o)
    0x080001f6   0x080001f6   0x00000002   Code   RO         3385    .ARM.Collect$$libinit$$00000033  c_w.l(libinit2.o)
    0x080001f8   0x080001f8   0x00000002   Code   RO         3415    .ARM.Collect$$libshutdown$$00000000  c_w.l(libshutdown.o)
    0x080001fa   0x080001fa   0x00000000   Code   RO         3429    .ARM.Collect$$libshutdown$$00000002  c_w.l(libshutdown2.o)
    0x080001fa   0x080001fa   0x00000000   Code   RO         3431    .ARM.Collect$$libshutdown$$00000004  c_w.l(libshutdown2.o)
    0x080001fa   0x080001fa   0x00000000   Code   RO         3434    .ARM.Collect$$libshutdown$$00000007  c_w.l(libshutdown2.o)
    0x080001fa   0x080001fa   0x00000000   Code   RO         3437    .ARM.Collect$$libshutdown$$0000000A  c_w.l(libshutdown2.o)
    0x080001fa   0x080001fa   0x00000000   Code   RO         3439    .ARM.Collect$$libshutdown$$0000000C  c_w.l(libshutdown2.o)
    0x080001fa   0x080001fa   0x00000000   Code   RO         3442    .ARM.Collect$$libshutdown$$0000000F  c_w.l(libshutdown2.o)
    0x080001fa   0x080001fa   0x00000002   Code   RO         3443    .ARM.Collect$$libshutdown$$00000010  c_w.l(libshutdown2.o)
    0x080001fc   0x080001fc   0x00000000   Code   RO         3119    .ARM.Collect$$rtentry$$00000000  c_w.l(__rtentry.o)
    0x080001fc   0x080001fc   0x00000000   Code   RO         3225    .ARM.Collect$$rtentry$$00000002  c_w.l(__rtentry2.o)
    0x080001fc   0x080001fc   0x00000006   Code   RO         3237    .ARM.Collect$$rtentry$$00000004  c_w.l(__rtentry4.o)
    0x08000202   0x08000202   0x00000000   Code   RO         3227    .ARM.Collect$$rtentry$$00000009  c_w.l(__rtentry2.o)
    0x08000202   0x08000202   0x00000004   Code   RO         3228    .ARM.Collect$$rtentry$$0000000A  c_w.l(__rtentry2.o)
    0x08000206   0x08000206   0x00000000   Code   RO         3230    .ARM.Collect$$rtentry$$0000000C  c_w.l(__rtentry2.o)
    0x08000206   0x08000206   0x00000008   Code   RO         3231    .ARM.Collect$$rtentry$$0000000D  c_w.l(__rtentry2.o)
    0x0800020e   0x0800020e   0x00000002   Code   RO         3330    .ARM.Collect$$rtexit$$00000000  c_w.l(rtexit.o)
    0x08000210   0x08000210   0x00000000   Code   RO         3389    .ARM.Collect$$rtexit$$00000002  c_w.l(rtexit2.o)
    0x08000210   0x08000210   0x00000004   Code   RO         3390    .ARM.Collect$$rtexit$$00000003  c_w.l(rtexit2.o)
    0x08000214   0x08000214   0x00000006   Code   RO         3391    .ARM.Collect$$rtexit$$00000004  c_w.l(rtexit2.o)
    0x0800021a   0x0800021a   0x00000002   PAD
    0x0800021c   0x0800021c   0x00000040   Code   RO         1541    .text               startup_stm32f10x_hd.o
    0x0800025c   0x0800025c   0x00000002   Code   RO         2967    .text               c_w.l(use_no_semi_2.o)
    0x0800025e   0x0800025e   0x00000048   Code   RO         2969    .text               c_w.l(llsdiv.o)
    0x080002a6   0x080002a6   0x00000002   PAD
    0x080002a8   0x080002a8   0x00000018   Code   RO         2973    .text               c_w.l(__2printf.o)
    0x080002c0   0x080002c0   0x00000078   Code   RO         2981    .text               c_w.l(_printf_dec.o)
    0x08000338   0x08000338   0x00000094   Code   RO         3001    .text               c_w.l(_printf_hex_int_ll_ptr.o)
    0x080003cc   0x080003cc   0x00000188   Code   RO         3021    .text               c_w.l(__printf_flags_ss_wp.o)
    0x08000554   0x08000554   0x00000058   Code   RO         3027    .text               c_w.l(memcmp.o)
    0x080005ac   0x080005ac   0x00000010   Code   RO         3031    .text               c_w.l(aeabi_memset.o)
    0x080005bc   0x080005bc   0x00000006   Code   RO         3033    .text               c_w.l(heapauxi.o)
    0x080005c2   0x080005c2   0x00000002   Code   RO         3117    .text               c_w.l(use_no_semi.o)
    0x080005c4   0x080005c4   0x000000ee   Code   RO         3120    .text               c_w.l(lludivv7m.o)
    0x080006b2   0x080006b2   0x00000016   Code   RO         3122    .text               c_w.l(_rserrno.o)
    0x080006c8   0x080006c8   0x000000b2   Code   RO         3128    .text               c_w.l(_printf_intcommon.o)
    0x0800077a   0x0800077a   0x00000002   PAD
    0x0800077c   0x0800077c   0x00000030   Code   RO         3132    .text               c_w.l(_printf_char_common.o)
    0x080007ac   0x080007ac   0x00000024   Code   RO         3136    .text               c_w.l(_printf_char_file.o)
    0x080007d0   0x080007d0   0x00000044   Code   RO         3170    .text               c_w.l(rt_memclr.o)
    0x08000814   0x08000814   0x00000008   Code   RO         3246    .text               c_w.l(rt_errno_addr_intlibspace.o)
    0x0800081c   0x0800081c   0x00000008   Code   RO         3258    .text               c_w.l(ferror.o)
    0x08000824   0x08000824   0x0000004e   Code   RO         3264    .text               c_w.l(rt_memclr_w.o)
    0x08000872   0x08000872   0x00000002   PAD
    0x08000874   0x08000874   0x00000008   Code   RO         3272    .text               c_w.l(libspace.o)
    0x0800087c   0x0800087c   0x0000004a   Code   RO         3275    .text               c_w.l(sys_stackheap_outer.o)
    0x080008c6   0x080008c6   0x00000012   Code   RO         3316    .text               c_w.l(exit.o)
    0x080008d8   0x080008d8   0x00000016   Code   RO         2749    i.ADC_Cmd           stm32f10x_adc.o
    0x080008ee   0x080008ee   0x00000002   PAD
    0x080008f0   0x080008f0   0x0000005c   Code   RO         2751    i.ADC_DeInit        stm32f10x_adc.o
    0x0800094c   0x0800094c   0x00000014   Code   RO         2757    i.ADC_GetCalibrationStatus  stm32f10x_adc.o
    0x08000960   0x08000960   0x00000008   Code   RO         2758    i.ADC_GetConversionValue  stm32f10x_adc.o
    0x08000968   0x08000968   0x00000012   Code   RO         2760    i.ADC_GetFlagStatus  stm32f10x_adc.o
    0x0800097a   0x0800097a   0x00000014   Code   RO         2763    i.ADC_GetResetCalibrationStatus  stm32f10x_adc.o
    0x0800098e   0x0800098e   0x00000002   PAD
    0x08000990   0x08000990   0x00000050   Code   RO         2767    i.ADC_Init          stm32f10x_adc.o
    0x080009e0   0x080009e0   0x000000b8   Code   RO         2771    i.ADC_RegularChannelConfig  stm32f10x_adc.o
    0x08000a98   0x08000a98   0x0000000a   Code   RO         2772    i.ADC_ResetCalibration  stm32f10x_adc.o
    0x08000aa2   0x08000aa2   0x00000016   Code   RO         2774    i.ADC_SoftwareStartConvCmd  stm32f10x_adc.o
    0x08000ab8   0x08000ab8   0x0000000a   Code   RO         2776    i.ADC_StartCalibration  stm32f10x_adc.o
    0x08000ac2   0x08000ac2   0x00000002   PAD
    0x08000ac4   0x08000ac4   0x00000124   Code   RO         1337    i.Adc_Init          adc.o
    0x08000be8   0x08000be8   0x00000038   Code   RO         1361    i.BEEP_Init         beep.o
    0x08000c20   0x08000c20   0x00000004   Code   RO          171    i.BusFault_Handler  stm32f10x_it.o
    0x08000c24   0x08000c24   0x00000064   Code   RO         1283    i.DS18B20_Check     ds18b20.o
    0x08000c88   0x08000c88   0x000000ac   Code   RO         1284    i.DS18B20_Get_Temp  ds18b20.o
    0x08000d34   0x08000d34   0x00000040   Code   RO         1285    i.DS18B20_Init      ds18b20.o
    0x08000d74   0x08000d74   0x0000006c   Code   RO         1286    i.DS18B20_Read_Bit  ds18b20.o
    0x08000de0   0x08000de0   0x00000022   Code   RO         1287    i.DS18B20_Read_Byte  ds18b20.o
    0x08000e02   0x08000e02   0x00000002   PAD
    0x08000e04   0x08000e04   0x00000044   Code   RO         1288    i.DS18B20_Rst       ds18b20.o
    0x08000e48   0x08000e48   0x00000018   Code   RO         1289    i.DS18B20_Start     ds18b20.o
    0x08000e60   0x08000e60   0x00000074   Code   RO         1290    i.DS18B20_Write_Byte  ds18b20.o
    0x08000ed4   0x08000ed4   0x00000002   Code   RO          172    i.DebugMon_Handler  stm32f10x_it.o
    0x08000ed6   0x08000ed6   0x00000002   PAD
    0x08000ed8   0x08000ed8   0x00000034   Code   RO         1592    i.FSMC_NORSRAMCmd   stm32f10x_fsmc.o
    0x08000f0c   0x08000f0c   0x000000e6   Code   RO         1594    i.FSMC_NORSRAMInit  stm32f10x_fsmc.o
    0x08000ff2   0x08000ff2   0x00000116   Code   RO         1707    i.GPIO_Init         stm32f10x_gpio.o
    0x08001108   0x08001108   0x00000090   Code   RO         1709    i.GPIO_PinRemapConfig  stm32f10x_gpio.o
    0x08001198   0x08001198   0x00000004   Code   RO         1714    i.GPIO_ResetBits    stm32f10x_gpio.o
    0x0800119c   0x0800119c   0x00000004   Code   RO         1715    i.GPIO_SetBits      stm32f10x_gpio.o
    0x080011a0   0x080011a0   0x00000034   Code   RO         1338    i.Get_Adc           adc.o
    0x080011d4   0x080011d4   0x0000002e   Code   RO         1339    i.Get_Adc_Average   adc.o
    0x08001202   0x08001202   0x00000004   Code   RO          173    i.HardFault_Handler  stm32f10x_it.o
    0x08001206   0x08001206   0x00000002   PAD
    0x08001208   0x08001208   0x0000003c   Code   RO          306    i.KEY_Init          key.o
    0x08001244   0x08001244   0x0000006c   Code   RO          326    i.LCD_Clear         lcd.o
    0x080012b0   0x080012b0   0x000001c0   Code   RO          330    i.LCD_Display_Dir   lcd.o
    0x08001470   0x08001470   0x0000017c   Code   RO          335    i.LCD_Fast_DrawPoint  lcd.o
    0x080015ec   0x080015ec   0x000000bc   Code   RO          336    i.LCD_Fill          lcd.o
    0x080016a8   0x080016a8   0x00003774   Code   RO          337    i.LCD_Init          lcd.o
    0x08004e1c   0x08004e1c   0x00000016   Code   RO          338    i.LCD_Pow           lcd.o
    0x08004e32   0x08004e32   0x00000002   PAD
    0x08004e34   0x08004e34   0x00000014   Code   RO          339    i.LCD_RD_DATA       lcd.o
    0x08004e48   0x08004e48   0x00000016   Code   RO          341    i.LCD_ReadReg       lcd.o
    0x08004e5e   0x08004e5e   0x00000002   PAD
    0x08004e60   0x08004e60   0x00000054   Code   RO          342    i.LCD_SSD_BackLightSet  lcd.o
    0x08004eb4   0x08004eb4   0x000002ec   Code   RO          343    i.LCD_Scan_Dir      lcd.o
    0x080051a0   0x080051a0   0x000001a8   Code   RO          344    i.LCD_SetCursor     lcd.o
    0x08005348   0x08005348   0x00000128   Code   RO          346    i.LCD_ShowChar      lcd.o
    0x08005470   0x08005470   0x00000094   Code   RO          347    i.LCD_ShowNum       lcd.o
    0x08005504   0x08005504   0x00000066   Code   RO          348    i.LCD_ShowString    lcd.o
    0x0800556a   0x0800556a   0x00000002   PAD
    0x0800556c   0x0800556c   0x0000000c   Code   RO          350    i.LCD_WR_DATA       lcd.o
    0x08005578   0x08005578   0x0000000c   Code   RO          351    i.LCD_WR_REG        lcd.o
    0x08005584   0x08005584   0x00000014   Code   RO          353    i.LCD_WriteRAM_Prepare  lcd.o
    0x08005598   0x08005598   0x00000010   Code   RO          354    i.LCD_WriteReg      lcd.o
    0x080055a8   0x080055a8   0x0000004c   Code   RO          294    i.LED_Init          led.o
    0x080055f4   0x080055f4   0x00000050   Code   RO          588    i.MPU_Get_Accelerometer  mpu6050.o
    0x08005644   0x08005644   0x00000050   Code   RO          589    i.MPU_Get_Gyroscope  mpu6050.o
    0x08005694   0x08005694   0x00000068   Code   RO          590    i.MPU_Get_Temperature  mpu6050.o
    0x080056fc   0x080056fc   0x0000004c   Code   RO          528    i.MPU_IIC_Ack       mpuiic.o
    0x08005748   0x08005748   0x0000000a   Code   RO          529    i.MPU_IIC_Delay     mpuiic.o
    0x08005752   0x08005752   0x00000002   PAD
    0x08005754   0x08005754   0x00000038   Code   RO          530    i.MPU_IIC_Init      mpuiic.o
    0x0800578c   0x0800578c   0x0000004c   Code   RO          531    i.MPU_IIC_NAck      mpuiic.o
    0x080057d8   0x080057d8   0x0000006c   Code   RO          532    i.MPU_IIC_Read_Byte  mpuiic.o
    0x08005844   0x08005844   0x0000005c   Code   RO          533    i.MPU_IIC_Send_Byte  mpuiic.o
    0x080058a0   0x080058a0   0x00000048   Code   RO          534    i.MPU_IIC_Start     mpuiic.o
    0x080058e8   0x080058e8   0x00000048   Code   RO          535    i.MPU_IIC_Stop      mpuiic.o
    0x08005930   0x08005930   0x00000064   Code   RO          536    i.MPU_IIC_Wait_Ack  mpuiic.o
    0x08005994   0x08005994   0x000000c0   Code   RO          591    i.MPU_Init          mpu6050.o
    0x08005a54   0x08005a54   0x0000003a   Code   RO          592    i.MPU_Read_Byte     mpu6050.o
    0x08005a8e   0x08005a8e   0x00000074   Code   RO          593    i.MPU_Read_Len      mpu6050.o
    0x08005b02   0x08005b02   0x00000010   Code   RO          594    i.MPU_Set_Accel_Fsr  mpu6050.o
    0x08005b12   0x08005b12   0x00000010   Code   RO          595    i.MPU_Set_Gyro_Fsr  mpu6050.o
    0x08005b22   0x08005b22   0x0000003a   Code   RO          596    i.MPU_Set_LPF       mpu6050.o
    0x08005b5c   0x08005b5c   0x0000003a   Code   RO          597    i.MPU_Set_Rate      mpu6050.o
    0x08005b96   0x08005b96   0x00000044   Code   RO          598    i.MPU_Write_Byte    mpu6050.o
    0x08005bda   0x08005bda   0x00000060   Code   RO          599    i.MPU_Write_Len     mpu6050.o
    0x08005c3a   0x08005c3a   0x00000004   Code   RO          174    i.MemManage_Handler  stm32f10x_it.o
    0x08005c3e   0x08005c3e   0x00000002   Code   RO          175    i.NMI_Handler       stm32f10x_it.o
    0x08005c40   0x08005c40   0x00000070   Code   RO         1545    i.NVIC_Init         misc.o
    0x08005cb0   0x08005cb0   0x00000014   Code   RO         1546    i.NVIC_PriorityGroupConfig  misc.o
    0x08005cc4   0x08005cc4   0x00000002   Code   RO          176    i.PendSV_Handler    stm32f10x_it.o
    0x08005cc6   0x08005cc6   0x00000002   PAD
    0x08005cc8   0x08005cc8   0x00000018   Code   RO         1815    i.RCC_ADCCLKConfig  stm32f10x_rcc.o
    0x08005ce0   0x08005ce0   0x00000020   Code   RO         1816    i.RCC_AHBPeriphClockCmd  stm32f10x_rcc.o
    0x08005d00   0x08005d00   0x00000020   Code   RO         1817    i.RCC_APB1PeriphClockCmd  stm32f10x_rcc.o
    0x08005d20   0x08005d20   0x00000020   Code   RO         1818    i.RCC_APB1PeriphResetCmd  stm32f10x_rcc.o
    0x08005d40   0x08005d40   0x00000020   Code   RO         1819    i.RCC_APB2PeriphClockCmd  stm32f10x_rcc.o
    0x08005d60   0x08005d60   0x00000020   Code   RO         1820    i.RCC_APB2PeriphResetCmd  stm32f10x_rcc.o
    0x08005d80   0x08005d80   0x000000d4   Code   RO         1827    i.RCC_GetClocksFreq  stm32f10x_rcc.o
    0x08005e54   0x08005e54   0x00000002   Code   RO          177    i.SVC_Handler       stm32f10x_it.o
    0x08005e56   0x08005e56   0x00000008   Code   RO          260    i.SetSysClock       system_stm32f10x.o
    0x08005e5e   0x08005e5e   0x00000002   PAD
    0x08005e60   0x08005e60   0x000000e0   Code   RO          261    i.SetSysClockTo72   system_stm32f10x.o
    0x08005f40   0x08005f40   0x00000088   Code   RO         1411    i.Show_Chinese      text.o
    0x08005fc8   0x08005fc8   0x00000028   Code   RO         1549    i.SysTick_CLKSourceConfig  misc.o
    0x08005ff0   0x08005ff0   0x00000002   Code   RO          178    i.SysTick_Handler   stm32f10x_it.o
    0x08005ff2   0x08005ff2   0x00000002   PAD
    0x08005ff4   0x08005ff4   0x00000060   Code   RO          263    i.SystemInit        system_stm32f10x.o
    0x08006054   0x08006054   0x0000030c   Code   RO         1257    i.TIM3_IRQHandler   timer.o
    0x08006360   0x08006360   0x00000060   Code   RO         1258    i.TIM3_Int_Init     timer.o
    0x080063c0   0x080063c0   0x00000006   Code   RO         2206    i.TIM_ClearITPendingBit  stm32f10x_tim.o
    0x080063c6   0x080063c6   0x00000018   Code   RO         2211    i.TIM_Cmd           stm32f10x_tim.o
    0x080063de   0x080063de   0x00000022   Code   RO         2232    i.TIM_GetITStatus   stm32f10x_tim.o
    0x08006400   0x08006400   0x00000012   Code   RO         2236    i.TIM_ITConfig      stm32f10x_tim.o
    0x08006412   0x08006412   0x00000002   PAD
    0x08006414   0x08006414   0x000000a4   Code   RO         2282    i.TIM_TimeBaseInit  stm32f10x_tim.o
    0x080064b8   0x080064b8   0x00000088   Code   RO         1487    i.USART1_IRQHandler  usart.o
    0x08006540   0x08006540   0x00000094   Code   RO         1373    i.USART2_IRQHandler  usart2.o
    0x080065d4   0x080065d4   0x00000018   Code   RO         2019    i.USART_Cmd         stm32f10x_usart.o
    0x080065ec   0x080065ec   0x0000009c   Code   RO         2021    i.USART_DeInit      stm32f10x_usart.o
    0x08006688   0x08006688   0x0000001a   Code   RO         2022    i.USART_GetFlagStatus  stm32f10x_usart.o
    0x080066a2   0x080066a2   0x00000054   Code   RO         2023    i.USART_GetITStatus  stm32f10x_usart.o
    0x080066f6   0x080066f6   0x0000004a   Code   RO         2025    i.USART_ITConfig    stm32f10x_usart.o
    0x08006740   0x08006740   0x000000d8   Code   RO         2026    i.USART_Init        stm32f10x_usart.o
    0x08006818   0x08006818   0x0000000a   Code   RO         2033    i.USART_ReceiveData  stm32f10x_usart.o
    0x08006822   0x08006822   0x00000008   Code   RO         2036    i.USART_SendData    stm32f10x_usart.o
    0x0800682a   0x0800682a   0x00000004   Code   RO          179    i.UsageFault_Handler  stm32f10x_it.o
    0x0800682e   0x0800682e   0x00000028   Code   RO         1190    i.Usart_SendString  sim900a.o
    0x08006856   0x08006856   0x00000028   Code   RO         3211    i.__ARM_fpclassify  m_ws.l(fpclassify.o)
    0x0800687e   0x0800687e   0x000000aa   Code   RO         3213    i.__kernel_poly     m_ws.l(poly.o)
    0x08006928   0x08006928   0x00000006   Code   RO         3198    i.__mathlib_dbl_infnan  m_ws.l(dunder.o)
    0x0800692e   0x0800692e   0x00000004   Code   RO         3199    i.__mathlib_dbl_infnan2  m_ws.l(dunder.o)
    0x08006932   0x08006932   0x0000000c   Code   RO         3200    i.__mathlib_dbl_invalid  m_ws.l(dunder.o)
    0x0800693e   0x0800693e   0x00000002   PAD
    0x08006940   0x08006940   0x00000010   Code   RO         3203    i.__mathlib_dbl_underflow  m_ws.l(dunder.o)
    0x08006950   0x08006950   0x0000000e   Code   RO         3014    i._is_digit         c_w.l(__printf_wp.o)
    0x0800695e   0x0800695e   0x00000006   Code   RO         1488    i._sys_exit         usart.o
    0x08006964   0x08006964   0x000000a8   Code   RO          670    i.accel_self_test   inv_mpu.o
    0x08006a0c   0x08006a0c   0x00000270   Code   RO         3100    i.asin              m_ws.l(asin.o)
    0x08006c7c   0x08006c7c   0x00000220   Code   RO         3188    i.atan              m_ws.l(atan.o)
    0x08006e9c   0x08006e9c   0x00000180   Code   RO         3110    i.atan2             m_ws.l(atan2.o)
    0x0800701c   0x0800701c   0x00000064   Code   RO         1001    i.decode_gesture    inv_mpu_dmp_motion_driver.o
    0x08007080   0x08007080   0x00000044   Code   RO         1432    i.delay_init        delay.o
    0x080070c4   0x080070c4   0x0000004c   Code   RO         1433    i.delay_ms          delay.o
    0x08007110   0x08007110   0x0000004c   Code   RO         1434    i.delay_us          delay.o
    0x0800715c   0x0800715c   0x0000003c   Code   RO         1002    i.dmp_enable_6x_lp_quat  inv_mpu_dmp_motion_driver.o
    0x08007198   0x08007198   0x0000021c   Code   RO         1003    i.dmp_enable_feature  inv_mpu_dmp_motion_driver.o
    0x080073b4   0x080073b4   0x00000058   Code   RO         1004    i.dmp_enable_gyro_cal  inv_mpu_dmp_motion_driver.o
    0x0800740c   0x0800740c   0x0000003c   Code   RO         1005    i.dmp_enable_lp_quat  inv_mpu_dmp_motion_driver.o
    0x08007448   0x08007448   0x00000018   Code   RO         1010    i.dmp_load_motion_driver_firmware  inv_mpu_dmp_motion_driver.o
    0x08007460   0x08007460   0x000001cc   Code   RO         1011    i.dmp_read_fifo     inv_mpu_dmp_motion_driver.o
    0x0800762c   0x0800762c   0x00000130   Code   RO         1014    i.dmp_set_accel_bias  inv_mpu_dmp_motion_driver.o
    0x0800775c   0x0800775c   0x00000070   Code   RO         1015    i.dmp_set_fifo_rate  inv_mpu_dmp_motion_driver.o
    0x080077cc   0x080077cc   0x00000130   Code   RO         1016    i.dmp_set_gyro_bias  inv_mpu_dmp_motion_driver.o
    0x080078fc   0x080078fc   0x00000138   Code   RO         1018    i.dmp_set_orientation  inv_mpu_dmp_motion_driver.o
    0x08007a34   0x08007a34   0x00000038   Code   RO         1021    i.dmp_set_shake_reject_thresh  inv_mpu_dmp_motion_driver.o
    0x08007a6c   0x08007a6c   0x00000026   Code   RO         1022    i.dmp_set_shake_reject_time  inv_mpu_dmp_motion_driver.o
    0x08007a92   0x08007a92   0x00000026   Code   RO         1023    i.dmp_set_shake_reject_timeout  inv_mpu_dmp_motion_driver.o
    0x08007ab8   0x08007ab8   0x00000046   Code   RO         1024    i.dmp_set_tap_axes  inv_mpu_dmp_motion_driver.o
    0x08007afe   0x08007afe   0x00000026   Code   RO         1025    i.dmp_set_tap_count  inv_mpu_dmp_motion_driver.o
    0x08007b24   0x08007b24   0x000001a0   Code   RO         1026    i.dmp_set_tap_thresh  inv_mpu_dmp_motion_driver.o
    0x08007cc4   0x08007cc4   0x00000026   Code   RO         1027    i.dmp_set_tap_time  inv_mpu_dmp_motion_driver.o
    0x08007cea   0x08007cea   0x00000026   Code   RO         1028    i.dmp_set_tap_time_multi  inv_mpu_dmp_motion_driver.o
    0x08007d10   0x08007d10   0x0000001c   Code   RO         1489    i.fputc             usart.o
    0x08007d2c   0x08007d2c   0x000000b4   Code   RO          671    i.get_accel_prod_shift  inv_mpu.o
    0x08007de0   0x08007de0   0x00000470   Code   RO          672    i.get_st_biases     inv_mpu.o
    0x08008250   0x08008250   0x00000110   Code   RO          673    i.gyro_self_test    inv_mpu.o
    0x08008360   0x08008360   0x00000028   Code   RO          674    i.inv_orientation_matrix_to_scalar  inv_mpu.o
    0x08008388   0x08008388   0x0000004e   Code   RO          675    i.inv_row_2_scale   inv_mpu.o
    0x080083d6   0x080083d6   0x00000002   PAD
    0x080083d8   0x080083d8   0x00000234   Code   RO            1    i.main              main.o
    0x0800860c   0x0800860c   0x00000002   Code   RO          676    i.mget_ms           inv_mpu.o
    0x0800860e   0x0800860e   0x00000002   PAD
    0x08008610   0x08008610   0x00000070   Code   RO          677    i.mpu_configure_fifo  inv_mpu.o
    0x08008680   0x08008680   0x00000224   Code   RO          678    i.mpu_dmp_get_data  inv_mpu.o
    0x080088a4   0x080088a4   0x000000a0   Code   RO          679    i.mpu_dmp_init      inv_mpu.o
    0x08008944   0x08008944   0x0000004c   Code   RO          680    i.mpu_get_accel_fsr  inv_mpu.o
    0x08008990   0x08008990   0x00000054   Code   RO          682    i.mpu_get_accel_sens  inv_mpu.o
    0x080089e4   0x080089e4   0x00000010   Code   RO          687    i.mpu_get_fifo_config  inv_mpu.o
    0x080089f4   0x080089f4   0x00000044   Code   RO          688    i.mpu_get_gyro_fsr  inv_mpu.o
    0x08008a38   0x08008a38   0x00000050   Code   RO          690    i.mpu_get_gyro_sens  inv_mpu.o
    0x08008a88   0x08008a88   0x00000050   Code   RO          692    i.mpu_get_lpf       inv_mpu.o
    0x08008ad8   0x08008ad8   0x00000020   Code   RO          694    i.mpu_get_sample_rate  inv_mpu.o
    0x08008af8   0x08008af8   0x000001f0   Code   RO          696    i.mpu_init          inv_mpu.o
    0x08008ce8   0x08008ce8   0x000000b8   Code   RO          697    i.mpu_load_firmware  inv_mpu.o
    0x08008da0   0x08008da0   0x000000e0   Code   RO          698    i.mpu_lp_accel_mode  inv_mpu.o
    0x08008e80   0x08008e80   0x000000c0   Code   RO          701    i.mpu_read_fifo_stream  inv_mpu.o
    0x08008f40   0x08008f40   0x00000080   Code   RO          702    i.mpu_read_mem      inv_mpu.o
    0x08008fc0   0x08008fc0   0x000001c8   Code   RO          705    i.mpu_reset_fifo    inv_mpu.o
    0x08009188   0x08009188   0x0000011c   Code   RO          706    i.mpu_run_self_test  inv_mpu.o
    0x080092a4   0x080092a4   0x00000084   Code   RO          708    i.mpu_set_accel_fsr  inv_mpu.o
    0x08009328   0x08009328   0x0000014c   Code   RO          709    i.mpu_set_bypass    inv_mpu.o
    0x08009474   0x08009474   0x00000090   Code   RO          711    i.mpu_set_dmp_state  inv_mpu.o
    0x08009504   0x08009504   0x00000088   Code   RO          712    i.mpu_set_gyro_fsr  inv_mpu.o
    0x0800958c   0x0800958c   0x0000006c   Code   RO          713    i.mpu_set_int_latched  inv_mpu.o
    0x080095f8   0x080095f8   0x00000084   Code   RO          715    i.mpu_set_lpf       inv_mpu.o
    0x0800967c   0x0800967c   0x0000009c   Code   RO          716    i.mpu_set_sample_rate  inv_mpu.o
    0x08009718   0x08009718   0x000000d0   Code   RO          717    i.mpu_set_sensors   inv_mpu.o
    0x080097e8   0x080097e8   0x00000080   Code   RO          718    i.mpu_write_mem     inv_mpu.o
    0x08009868   0x08009868   0x00000094   Code   RO          719    i.run_self_test     inv_mpu.o
    0x080098fc   0x080098fc   0x00000090   Code   RO          720    i.set_int_enable    inv_mpu.o
    0x0800998c   0x0800998c   0x00000174   Code   RO         1195    i.sim900a_sms_sendchinese  sim900a.o
    0x08009b00   0x08009b00   0x0000004c   Code   RO         3217    i.sqrt              m_ws.l(sqrt.o)
    0x08009b4c   0x08009b4c   0x000000a0   Code   RO         1490    i.uart_init         usart.o
    0x08009bec   0x08009bec   0x000000b0   Code   RO         1375    i.usart2_init       usart2.o
    0x08009c9c   0x08009c9c   0x000000c0   Code   RO         1412    i.xianshi           text.o
    0x08009d5c   0x08009d5c   0x00000062   Code   RO         3037    x$fpl$d2f           fz_ws.l(d2f.o)
    0x08009dbe   0x08009dbe   0x00000002   PAD
    0x08009dc0   0x08009dc0   0x00000150   Code   RO         3039    x$fpl$dadd          fz_ws.l(daddsub_clz.o)
    0x08009f10   0x08009f10   0x00000010   Code   RO         3266    x$fpl$dcheck1       fz_ws.l(dcheck1.o)
    0x08009f20   0x08009f20   0x000002b0   Code   RO         3046    x$fpl$ddiv          fz_ws.l(ddiv.o)
    0x0800a1d0   0x0800a1d0   0x0000005e   Code   RO         3049    x$fpl$dfix          fz_ws.l(dfix.o)
    0x0800a22e   0x0800a22e   0x00000002   PAD
    0x0800a230   0x0800a230   0x0000005a   Code   RO         3053    x$fpl$dfixu         fz_ws.l(dfixu.o)
    0x0800a28a   0x0800a28a   0x0000002e   Code   RO         3058    x$fpl$dflt          fz_ws.l(dflt_clz.o)
    0x0800a2b8   0x0800a2b8   0x00000026   Code   RO         3057    x$fpl$dfltu         fz_ws.l(dflt_clz.o)
    0x0800a2de   0x0800a2de   0x00000002   PAD
    0x0800a2e0   0x0800a2e0   0x00000154   Code   RO         3063    x$fpl$dmul          fz_ws.l(dmul.o)
    0x0800a434   0x0800a434   0x0000009c   Code   RO         3172    x$fpl$dnaninf       fz_ws.l(dnaninf.o)
    0x0800a4d0   0x0800a4d0   0x0000000c   Code   RO         3174    x$fpl$dretinf       fz_ws.l(dretinf.o)
    0x0800a4dc   0x0800a4dc   0x00000016   Code   RO         3040    x$fpl$drsb          fz_ws.l(daddsub_clz.o)
    0x0800a4f2   0x0800a4f2   0x00000002   PAD
    0x0800a4f4   0x0800a4f4   0x000001cc   Code   RO         3270    x$fpl$dsqrt         fz_ws.l(dsqrt_noumaal.o)
    0x0800a6c0   0x0800a6c0   0x000001d4   Code   RO         3041    x$fpl$dsub          fz_ws.l(daddsub_clz.o)
    0x0800a894   0x0800a894   0x00000056   Code   RO         3065    x$fpl$f2d           fz_ws.l(f2d.o)
    0x0800a8ea   0x0800a8ea   0x00000002   PAD
    0x0800a8ec   0x0800a8ec   0x000000c4   Code   RO         3067    x$fpl$fadd          fz_ws.l(faddsub_clz.o)
    0x0800a9b0   0x0800a9b0   0x00000018   Code   RO         3176    x$fpl$fcmpinf       fz_ws.l(fcmpi.o)
    0x0800a9c8   0x0800a9c8   0x00000184   Code   RO         3074    x$fpl$fdiv          fz_ws.l(fdiv.o)
    0x0800ab4c   0x0800ab4c   0x00000068   Code   RO         3077    x$fpl$feqf          fz_ws.l(feqf.o)
    0x0800abb4   0x0800abb4   0x00000036   Code   RO         3079    x$fpl$ffix          fz_ws.l(ffix.o)
    0x0800abea   0x0800abea   0x00000002   PAD
    0x0800abec   0x0800abec   0x0000003e   Code   RO         3083    x$fpl$ffixu         fz_ws.l(ffixu.o)
    0x0800ac2a   0x0800ac2a   0x00000002   PAD
    0x0800ac2c   0x0800ac2c   0x00000030   Code   RO         3088    x$fpl$fflt          fz_ws.l(fflt_clz.o)
    0x0800ac5c   0x0800ac5c   0x00000026   Code   RO         3087    x$fpl$ffltu         fz_ws.l(fflt_clz.o)
    0x0800ac82   0x0800ac82   0x00000002   PAD
    0x0800ac84   0x0800ac84   0x00000068   Code   RO         3093    x$fpl$fleqf         fz_ws.l(fleqf.o)
    0x0800acec   0x0800acec   0x00000102   Code   RO         3095    x$fpl$fmul          fz_ws.l(fmul.o)
    0x0800adee   0x0800adee   0x0000008c   Code   RO         3178    x$fpl$fnaninf       fz_ws.l(fnaninf.o)
    0x0800ae7a   0x0800ae7a   0x0000000a   Code   RO         3180    x$fpl$fretinf       fz_ws.l(fretinf.o)
    0x0800ae84   0x0800ae84   0x00000062   Code   RO         3097    x$fpl$frleqf        fz_ws.l(frleqf.o)
    0x0800aee6   0x0800aee6   0x00000002   PAD
    0x0800aee8   0x0800aee8   0x000000ea   Code   RO         3069    x$fpl$fsub          fz_ws.l(faddsub_clz.o)
    0x0800afd2   0x0800afd2   0x00000064   Code   RO         3328    x$fpl$retnan        fz_ws.l(retnan.o)
    0x0800b036   0x0800b036   0x0000005c   Code   RO         3184    x$fpl$scalbn        fz_ws.l(scalbn.o)
    0x0800b092   0x0800b092   0x00000030   Code   RO         3386    x$fpl$trapveneer    fz_ws.l(trapv.o)
    0x0800b0c2   0x0800b0c2   0x00000000   Code   RO         3186    x$fpl$usenofp       fz_ws.l(usenofp.o)
    0x0800b0c2   0x0800b0c2   0x000017c0   Data   RO          357    .constdata          lcd.o
    0x0800c882   0x0800c882   0x00000002   PAD
    0x0800c884   0x0800c884   0x00000050   Data   RO          722    .constdata          inv_mpu.o
    0x0800c8d4   0x0800c8d4   0x00000bf6   Data   RO         1030    .constdata          inv_mpu_dmp_motion_driver.o
    0x0800d4ca   0x0800d4ca   0x00000028   Data   RO         3002    .constdata          c_w.l(_printf_hex_int_ll_ptr.o)
    0x0800d4f2   0x0800d4f2   0x00000011   Data   RO         3022    .constdata          c_w.l(__printf_flags_ss_wp.o)
    0x0800d503   0x0800d503   0x00000005   PAD
    0x0800d508   0x0800d508   0x00000050   Data   RO         3101    .constdata          m_ws.l(asin.o)
    0x0800d558   0x0800d558   0x00000098   Data   RO         3189    .constdata          m_ws.l(atan.o)
    0x0800d5f0   0x0800d5f0   0x00000008   Data   RO         3215    .constdata          m_ws.l(qnan.o)
    0x0800d5f8   0x0800d5f8   0x0000004d   Data   RO          723    .conststring        inv_mpu.o
    0x0800d645   0x0800d645   0x00000003   PAD
    0x0800d648   0x0800d648   0x00000020   Data   RO         3461    Region$$Table       anon$$obj.o


    Execution Region RW_IRAM1 (Exec base: 0x20000000, Load base: 0x0800d668, Size: 0x00000cb0, Max: 0x00010000, ABSOLUTE, COMPRESSED[0x00000188])

    Exec Addr    Load Addr    Size         Type   Attr      Idx    E Section Name        Object

    0x20000000   COMPRESSED   0x00000004   Data   RW            3    .data               main.o
    0x20000004   COMPRESSED   0x00000014   Data   RW          264    .data               system_stm32f10x.o
    0x20000018   COMPRESSED   0x00000004   Data   RW          358    .data               lcd.o
    0x2000001c   COMPRESSED   0x00000035   Data   RW          724    .data               inv_mpu.o
    0x20000051   COMPRESSED   0x00000003   PAD
    0x20000054   COMPRESSED   0x00000026   Data   RW         1260    .data               timer.o
    0x2000007a   COMPRESSED   0x00000002   Data   RW         1377    .data               usart2.o
    0x2000007c   COMPRESSED   0x00000180   Data   RW         1413    .data               text.o
    0x200001fc   COMPRESSED   0x00000004   Data   RW         1435    .data               delay.o
    0x20000200   COMPRESSED   0x00000006   Data   RW         1492    .data               usart.o
    0x20000206   COMPRESSED   0x00000014   Data   RW         1847    .data               stm32f10x_rcc.o
    0x2000021a   COMPRESSED   0x00000002   PAD
    0x2000021c        -       0x0000000e   Zero   RW          356    .bss                lcd.o
    0x2000022a   COMPRESSED   0x00000002   PAD
    0x2000022c        -       0x00000010   Zero   RW         1029    .bss                inv_mpu_dmp_motion_driver.o
    0x2000023c        -       0x00000028   Zero   RW         1259    .bss                timer.o
    0x20000264        -       0x00000320   Zero   RW         1376    .bss                usart2.o
    0x20000584        -       0x000000c8   Zero   RW         1491    .bss                usart.o
    0x2000064c        -       0x00000060   Zero   RW         3273    .bss                c_w.l(libspace.o)
    0x200006ac   COMPRESSED   0x00000004   PAD
    0x200006b0        -       0x00000200   Zero   RW         1539    HEAP                startup_stm32f10x_hd.o
    0x200008b0        -       0x00000400   Zero   RW         1538    STACK               startup_stm32f10x_hd.o


==============================================================================

Image component sizes


      Code (inc. data)   RO Data    RW Data    ZI Data      Debug   Object Name

       390         24          0          0          0       1859   adc.o
        56          6          0          0          0        492   beep.o
       220         26          0          4          0       1719   delay.o
       686         66          0          0          0       4652   ds18b20.o
      6864        290        157         53          0      31208   inv_mpu.o
      3096        122       3062          0         16      20774   inv_mpu_dmp_motion_driver.o
        60          8          0          0          0        495   key.o
     17246        194       6080          4         14      22578   lcd.o
        76          8          0          0          0        499   led.o
       564         96          0          4          0     270889   main.o
       172         22          0          0          0       2049   misc.o
       942         30          0          0          0       8293   mpu6050.o
       662        100          0          0          0       4834   mpuiic.o
       412        184          0          0          0       2013   sim900a.o
        64         26        304          0       1536        796   startup_stm32f10x_hd.o
       486         24          0          0          0       8586   stm32f10x_adc.o
       282          6          0          0          0       1809   stm32f10x_fsmc.o
       430          6          0          0          0       3870   stm32f10x_gpio.o
        26          0          0          0          0       3694   stm32f10x_it.o
       396         56          0         20          0       6683   stm32f10x_rcc.o
       246         42          0          0          0       3546   stm32f10x_tim.o
       598         28          0          0          0       6776   stm32f10x_usart.o
         0          0          0          0          0         32   sys.o
       328         28          0         20          0       2077   system_stm32f10x.o
       328         58          0        384          0       2324   text.o
       876         78          0         38         40       2684   timer.o
       330         26          0          6        200       4136   usart.o
       324         32          0          2        800       2078   usart2.o

    ----------------------------------------------------------------------
     36192       1586       9640        540       2608     421445   Object Totals
         0          0         32          0          0          0   (incl. Generated)
        32          0          5          5          2          0   (incl. Padding)

    ----------------------------------------------------------------------

      Code (inc. data)   RO Data    RW Data    ZI Data      Debug   Library Member Name

        24          4          0          0          0         84   __2printf.o
        90          0          0          0          0          0   __dczerorl2.o
         8          0          0          0          0         68   __main.o
       392          4         17          0          0         92   __printf_flags_ss_wp.o
        14          0          0          0          0         68   __printf_wp.o
         0          0          0          0          0          0   __rtentry.o
        12          0          0          0          0          0   __rtentry2.o
         6          0          0          0          0          0   __rtentry4.o
        52          8          0          0          0          0   __scatter.o
        28          0          0          0          0          0   __scatter_zi.o
        48          6          0          0          0         96   _printf_char_common.o
        36          4          0          0          0         80   _printf_char_file.o
         6          0          0          0          0          0   _printf_d.o
       120         16          0          0          0         92   _printf_dec.o
       148          4         40          0          0        160   _printf_hex_int_ll_ptr.o
       178          0          0          0          0         88   _printf_intcommon.o
         0          0          0          0          0          0   _printf_percent.o
         4          0          0          0          0          0   _printf_percent_end.o
         6          0          0          0          0          0   _printf_x.o
        22          0          0          0          0        100   _rserrno.o
        16          0          0          0          0         68   aeabi_memset.o
        18          0          0          0          0         80   exit.o
         8          0          0          0          0         68   ferror.o
         6          0          0          0          0        152   heapauxi.o
         2          0          0          0          0          0   libinit.o
         2          0          0          0          0          0   libinit2.o
         2          0          0          0          0          0   libshutdown.o
         2          0          0          0          0          0   libshutdown2.o
         8          4          0          0         96         68   libspace.o
        72          0          0          0          0         76   llsdiv.o
       238          0          0          0          0        100   lludivv7m.o
        88          0          0          0          0         76   memcmp.o
         8          4          0          0          0         68   rt_errno_addr_intlibspace.o
        68          0          0          0          0         68   rt_memclr.o
        78          0          0          0          0         80   rt_memclr_w.o
         2          0          0          0          0          0   rtexit.o
        10          0          0          0          0          0   rtexit2.o
        74          0          0          0          0         80   sys_stackheap_outer.o
         2          0          0          0          0         68   use_no_semi.o
         2          0          0          0          0         68   use_no_semi_2.o
        98          4          0          0          0         92   d2f.o
       826         16          0          0          0        348   daddsub_clz.o
        16          4          0          0          0         68   dcheck1.o
       688        140          0          0          0        208   ddiv.o
        94          4          0          0          0         92   dfix.o
        90          4          0          0          0         92   dfixu.o
        84          0          0          0          0        136   dflt_clz.o
       340         12          0          0          0        104   dmul.o
       156          4          0          0          0         92   dnaninf.o
        12          0          0          0          0         68   dretinf.o
       460         56          0          0          0        120   dsqrt_noumaal.o
        86          4          0          0          0         84   f2d.o
       430          8          0          0          0        168   faddsub_clz.o
        24          0          0          0          0         68   fcmpi.o
       388         76          0          0          0         96   fdiv.o
       104          4          0          0          0         84   feqf.o
        54          4          0          0          0         84   ffix.o
        62          4          0          0          0         84   ffixu.o
        86          0          0          0          0        136   fflt_clz.o
       104          4          0          0          0         84   fleqf.o
       258          4          0          0          0         84   fmul.o
       140          4          0          0          0         84   fnaninf.o
        10          0          0          0          0         68   fretinf.o
        98          0          0          0          0         68   frleqf.o
       100          0          0          0          0         68   retnan.o
        92          0          0          0          0         68   scalbn.o
        48          0          0          0          0         68   trapv.o
         0          0          0          0          0          0   usenofp.o
       624         52         80          0          0        168   asin.o
       544         70        152          0          0        124   atan.o
       384         38          0          0          0        144   atan2.o
        38          6          0          0          0        272   dunder.o
        40          0          0          0          0         68   fpclassify.o
       170          0          0          0          0         96   poly.o
         0          0          8          0          0          0   qnan.o
        76          0          0          0          0         84   sqrt.o

    ----------------------------------------------------------------------
      8754        576        302          0        100       5820   Library Totals
        30          0          5          0          4          0   (incl. Padding)

    ----------------------------------------------------------------------

      Code (inc. data)   RO Data    RW Data    ZI Data      Debug   Library Name

      1900         54         57          0         96       2048   c_w.l
      4948        356          0          0          0       2816   fz_ws.l
      1876        166        240          0          0        956   m_ws.l

    ----------------------------------------------------------------------
      8754        576        302          0        100       5820   Library Totals

    ----------------------------------------------------------------------

==============================================================================


      Code (inc. data)   RO Data    RW Data    ZI Data      Debug   

     44946       2162       9942        540       2708     415249   Grand Totals
     44946       2162       9942        392       2708     415249   ELF Image Totals (compressed)
     44946       2162       9942        392          0          0   ROM Totals

==============================================================================

    Total RO  Size (Code + RO Data)                54888 (  53.60kB)
    Total RW  Size (RW Data + ZI Data)              3248 (   3.17kB)
    Total ROM Size (Code + RO Data + RW Data)      55280 (  53.98kB)

==============================================================================

