Component: ARM Compiler 5.06 update 6 (build 750) Tool: armlink [4d35ed]

==============================================================================

Section Cross References

    main.o(i.main) refers to misc.o(i.NVIC_PriorityGroupConfig) for NVIC_PriorityGroupConfig
    main.o(i.main) refers to usart.o(i.uart_init) for uart_init
    main.o(i.main) refers to usart2.o(i.usart2_init) for usart2_init
    main.o(i.main) refers to delay.o(i.delay_init) for delay_init
    main.o(i.main) refers to led.o(i.LED_Init) for LED_Init
    main.o(i.main) refers to key.o(i.KEY_Init) for KEY_Init
    main.o(i.main) refers to lcd.o(i.LCD_Init) for LCD_Init
    main.o(i.main) refers to mpu6050.o(i.MPU_Init) for MPU_Init
    main.o(i.main) refers to adc.o(i.Adc_Init) for Adc_Init
    main.o(i.main) refers to beep.o(i.BEEP_Init) for BEEP_Init
    main.o(i.main) refers to timer.o(i.TIM3_Int_Init) for TIM3_Int_Init
    main.o(i.main) refers to lcd.o(i.LCD_ShowString) for LCD_ShowString
    main.o(i.main) refers to delay.o(i.delay_ms) for delay_ms
    main.o(i.main) refers to lcd.o(i.LCD_Fill) for LCD_Fill
    main.o(i.main) refers to ds18b20.o(i.DS18B20_Init) for DS18B20_Init
    main.o(i.main) refers to inv_mpu.o(i.mpu_dmp_init) for mpu_dmp_init
    main.o(i.main) refers to lcd.o(i.LCD_Clear) for LCD_Clear
    main.o(i.main) refers to text.o(i.xianshi) for xianshi
    main.o(i.main) refers to stm32f10x_tim.o(i.TIM_Cmd) for TIM_Cmd
    main.o(i.main) refers to inv_mpu.o(i.mpu_dmp_get_data) for mpu_dmp_get_data
    main.o(i.main) refers to mpu6050.o(i.MPU_Get_Temperature) for MPU_Get_Temperature
    main.o(i.main) refers to mpu6050.o(i.MPU_Get_Accelerometer) for MPU_Get_Accelerometer
    main.o(i.main) refers to mpu6050.o(i.MPU_Get_Gyroscope) for MPU_Get_Gyroscope
    main.o(i.main) refers to fmul.o(x$fpl$fmul) for __aeabi_fmul
    main.o(i.main) refers to ffix.o(x$fpl$ffix) for __aeabi_f2iz
    main.o(i.main) refers to sim900a.o(i.sim900a_sms_sendchinese) for sim900a_sms_sendchinese
    main.o(i.main) refers to usmart_config.o(.data) for usmart_dev
    main.o(i.main) refers to lcd.o(.data) for POINT_COLOR
    main.o(i.main) refers to main.o(.data) for temperature
    main.o(i.mpu6050_send_data) refers to main.o(i.usart1_niming_report) for usart1_niming_report
    main.o(i.usart1_niming_report) refers to main.o(i.usart1_send_char) for usart1_send_char
    main.o(i.usart1_report_imu) refers to main.o(i.usart1_niming_report) for usart1_niming_report
    main.o(i.usart1_send_char) refers to stm32f10x_usart.o(i.USART_GetFlagStatus) for USART_GetFlagStatus
    main.o(i.usart1_send_char) refers to stm32f10x_usart.o(i.USART_SendData) for USART_SendData
    system_stm32f10x.o(i.SetSysClock) refers to system_stm32f10x.o(i.SetSysClockTo72) for SetSysClockTo72
    system_stm32f10x.o(i.SystemCoreClockUpdate) refers to system_stm32f10x.o(.data) for SystemCoreClock
    system_stm32f10x.o(i.SystemInit) refers to system_stm32f10x.o(i.SetSysClock) for SetSysClock
    led.o(i.LED_Init) refers to stm32f10x_rcc.o(i.RCC_APB2PeriphClockCmd) for RCC_APB2PeriphClockCmd
    led.o(i.LED_Init) refers to stm32f10x_gpio.o(i.GPIO_Init) for GPIO_Init
    led.o(i.LED_Init) refers to stm32f10x_gpio.o(i.GPIO_SetBits) for GPIO_SetBits
    key.o(i.KEY_Init) refers to stm32f10x_rcc.o(i.RCC_APB2PeriphClockCmd) for RCC_APB2PeriphClockCmd
    key.o(i.KEY_Init) refers to stm32f10x_gpio.o(i.GPIO_Init) for GPIO_Init
    key.o(i.KEY_Scan) refers to stm32f10x_gpio.o(i.GPIO_ReadInputDataBit) for GPIO_ReadInputDataBit
    key.o(i.KEY_Scan) refers to delay.o(i.delay_ms) for delay_ms
    key.o(i.KEY_Scan) refers to key.o(.data) for key_up
    lcd.o(i.LCD_Clear) refers to lcd.o(i.LCD_SetCursor) for LCD_SetCursor
    lcd.o(i.LCD_Clear) refers to lcd.o(i.LCD_WriteRAM_Prepare) for LCD_WriteRAM_Prepare
    lcd.o(i.LCD_Clear) refers to lcd.o(.bss) for lcddev
    lcd.o(i.LCD_Color_Fill) refers to lcd.o(i.LCD_SetCursor) for LCD_SetCursor
    lcd.o(i.LCD_Color_Fill) refers to lcd.o(i.LCD_WriteRAM_Prepare) for LCD_WriteRAM_Prepare
    lcd.o(i.LCD_DisplayOff) refers to lcd.o(i.LCD_WR_REG) for LCD_WR_REG
    lcd.o(i.LCD_DisplayOff) refers to lcd.o(i.LCD_WriteReg) for LCD_WriteReg
    lcd.o(i.LCD_DisplayOff) refers to lcd.o(.bss) for lcddev
    lcd.o(i.LCD_DisplayOn) refers to lcd.o(i.LCD_WR_REG) for LCD_WR_REG
    lcd.o(i.LCD_DisplayOn) refers to lcd.o(i.LCD_WriteReg) for LCD_WriteReg
    lcd.o(i.LCD_DisplayOn) refers to lcd.o(.bss) for lcddev
    lcd.o(i.LCD_Display_Dir) refers to lcd.o(i.LCD_Scan_Dir) for LCD_Scan_Dir
    lcd.o(i.LCD_Display_Dir) refers to lcd.o(.bss) for lcddev
    lcd.o(i.LCD_DrawLine) refers to lcd.o(i.LCD_DrawPoint) for LCD_DrawPoint
    lcd.o(i.LCD_DrawPoint) refers to lcd.o(i.LCD_SetCursor) for LCD_SetCursor
    lcd.o(i.LCD_DrawPoint) refers to lcd.o(i.LCD_WriteRAM_Prepare) for LCD_WriteRAM_Prepare
    lcd.o(i.LCD_DrawPoint) refers to lcd.o(.data) for POINT_COLOR
[...]
    ADC_GetConversionValue                   0x08001bcd   Thumb Code     8  stm32f10x_adc.o(i.ADC_GetConversionValue)
    ADC_GetFlagStatus                        0x08001bd5   Thumb Code    18  stm32f10x_adc.o(i.ADC_GetFlagStatus)
    ADC_GetResetCalibrationStatus            0x08001be7   Thumb Code    20  stm32f10x_adc.o(i.ADC_GetResetCalibrationStatus)
    ADC_Init                                 0x08001bfd   Thumb Code    70  stm32f10x_adc.o(i.ADC_Init)
    ADC_RegularChannelConfig                 0x08001c4d   Thumb Code   184  stm32f10x_adc.o(i.ADC_RegularChannelConfig)
    ADC_ResetCalibration                     0x08001d05   Thumb Code    10  stm32f10x_adc.o(i.ADC_ResetCalibration)
    ADC_SoftwareStartConvCmd                 0x08001d0f   Thumb Code    22  stm32f10x_adc.o(i.ADC_SoftwareStartConvCmd)
    ADC_StartCalibration                     0x08001d25   Thumb Code    10  stm32f10x_adc.o(i.ADC_StartCalibration)
    Adc_Init                                 0x08001d31   Thumb Code   274  adc.o(i.Adc_Init)
    BEEP_Init                                0x08001e55   Thumb Code    50  beep.o(i.BEEP_Init)
    BusFault_Handler                         0x08001e8d   Thumb Code     4  stm32f10x_it.o(i.BusFault_Handler)
    DS18B20_Check                            0x08001e91   Thumb Code    92  ds18b20.o(i.DS18B20_Check)
    DS18B20_Get_Temp                         0x08001ef5   Thumb Code   160  ds18b20.o(i.DS18B20_Get_Temp)
    DS18B20_Init                             0x08001fa1   Thumb Code    58  ds18b20.o(i.DS18B20_Init)
    DS18B20_Read_Bit                         0x08001fe1   Thumb Code    96  ds18b20.o(i.DS18B20_Read_Bit)
    DS18B20_Read_Byte                        0x0800204d   Thumb Code    34  ds18b20.o(i.DS18B20_Read_Byte)
    DS18B20_Rst                              0x08002071   Thumb Code    54  ds18b20.o(i.DS18B20_Rst)
    DS18B20_Start                            0x080020b5   Thumb Code    24  ds18b20.o(i.DS18B20_Start)
    DS18B20_Write_Byte                       0x080020cd   Thumb Code   102  ds18b20.o(i.DS18B20_Write_Byte)
    DebugMon_Handler                         0x08002141   Thumb Code     2  stm32f10x_it.o(i.DebugMon_Handler)
    FSMC_NORSRAMCmd                          0x08002145   Thumb Code    46  stm32f10x_fsmc.o(i.FSMC_NORSRAMCmd)
    FSMC_NORSRAMInit                         0x08002179   Thumb Code   230  stm32f10x_fsmc.o(i.FSMC_NORSRAMInit)
    GPIO_Init                                0x0800225f   Thumb Code   278  stm32f10x_gpio.o(i.GPIO_Init)
    GPIO_PinRemapConfig                      0x08002375   Thumb Code   138  stm32f10x_gpio.o(i.GPIO_PinRemapConfig)
    GPIO_ResetBits                           0x08002405   Thumb Code     4  stm32f10x_gpio.o(i.GPIO_ResetBits)
    GPIO_SetBits                             0x08002409   Thumb Code     4  stm32f10x_gpio.o(i.GPIO_SetBits)
    Get_Adc                                  0x0800240d   Thumb Code    46  adc.o(i.Get_Adc)
    Get_Adc_Average                          0x08002441   Thumb Code    46  adc.o(i.Get_Adc_Average)
    HardFault_Handler                        0x0800246f   Thumb Code     4  stm32f10x_it.o(i.HardFault_Handler)
    KEY_Init                                 0x08002475   Thumb Code    52  key.o(i.KEY_Init)
    LCD_Clear                                0x080024b1   Thumb Code   100  lcd.o(i.LCD_Clear)
    LCD_Display_Dir                          0x0800251d   Thumb Code   444  lcd.o(i.LCD_Display_Dir)
    LCD_Fast_DrawPoint                       0x080026dd   Thumb Code   370  lcd.o(i.LCD_Fast_DrawPoint)
    LCD_Fill                                 0x08002859   Thumb Code   178  lcd.o(i.LCD_Fill)
    LCD_Init                                 0x08002915   Thumb Code 14186  lcd.o(i.LCD_Init)
    LCD_Pow                                  0x08006089   Thumb Code    22  lcd.o(i.LCD_Pow)
    LCD_RD_DATA                              0x080060a1   Thumb Code    14  lcd.o(i.LCD_RD_DATA)
    LCD_ReadReg                              0x080060b5   Thumb Code    22  lcd.o(i.LCD_ReadReg)
    LCD_SSD_BackLightSet                     0x080060cd   Thumb Code    80  lcd.o(i.LCD_SSD_BackLightSet)
    LCD_Scan_Dir                             0x08006121   Thumb Code   744  lcd.o(i.LCD_Scan_Dir)
    LCD_SetCursor                            0x0800640d   Thumb Code   418  lcd.o(i.LCD_SetCursor)
    LCD_ShowChar                             0x080065b5   Thumb Code   272  lcd.o(i.LCD_ShowChar)
    LCD_ShowNum                              0x080066dd   Thumb Code   148  lcd.o(i.LCD_ShowNum)
    LCD_ShowString                           0x08006771   Thumb Code   102  lcd.o(i.LCD_ShowString)
    LCD_WR_DATA                              0x080067d9   Thumb Code     6  lcd.o(i.LCD_WR_DATA)
    LCD_WR_REG                               0x080067e5   Thumb Code     6  lcd.o(i.LCD_WR_REG)
    LCD_WriteRAM_Prepare                     0x080067f1   Thumb Code    10  lcd.o(i.LCD_WriteRAM_Prepare)
    LCD_WriteReg                             0x08006805   Thumb Code    10  lcd.o(i.LCD_WriteReg)
    LED_Init                                 0x08006815   Thumb Code    68  led.o(i.LED_Init)
    MPU_Get_Accelerometer                    0x08006861   Thumb Code    80  mpu6050.o(i.MPU_Get_Accelerometer)
    MPU_Get_Gyroscope                        0x080068b1   Thumb Code    80  mpu6050.o(i.MPU_Get_Gyroscope)
    MPU_Get_Temperature                      0x08006901   Thumb Code    86  mpu6050.o(i.MPU_Get_Temperature)
    MPU_IIC_Ack                              0x08006969   Thumb Code    62  mpuiic.o(i.MPU_IIC_Ack)
    MPU_IIC_Delay                            0x080069b5   Thumb Code    10  mpuiic.o(i.MPU_IIC_Delay)
    MPU_IIC_Init                             0x080069c1   Thumb Code    50  mpuiic.o(i.MPU_IIC_Init)
    MPU_IIC_NAck                             0x080069f9   Thumb Code    62  mpuiic.o(i.MPU_IIC_NAck)
    MPU_IIC_Read_Byte                        0x08006a45   Thumb Code    94  mpuiic.o(i.MPU_IIC_Read_Byte)
    MPU_IIC_Send_Byte                        0x08006ab1   Thumb Code    80  mpuiic.o(i.MPU_IIC_Send_Byte)
    MPU_IIC_Start                            0x08006b0d   Thumb Code    60  mpuiic.o(i.MPU_IIC_Start)
    MPU_IIC_Stop                             0x08006b55   Thumb Code    58  mpuiic.o(i.MPU_IIC_Stop)
    MPU_IIC_Wait_Ack                         0x08006b9d   Thumb Code    86  mpuiic.o(i.MPU_IIC_Wait_Ack)
    MPU_Init                                 0x08006c01   Thumb Code   180  mpu6050.o(i.MPU_Init)
    MPU_Read_Byte                            0x08006cc1   Thumb Code    58  mpu6050.o(i.MPU_Read_Byte)
    MPU_Read_Len                             0x08006cfb   Thumb Code   116  mpu6050.o(i.MPU_Read_Len)
    MPU_Set_Accel_Fsr                        0x08006d6f   Thumb Code    16  mpu6050.o(i.MPU_Set_Accel_Fsr)
    MPU_Set_Gyro_Fsr                         0x08006d7f   Thumb Code    16  mpu6050.o(i.MPU_Set_Gyro_Fsr)
    MPU_Set_LPF                              0x08006d8f   Thumb Code    58  mpu6050.o(i.MPU_Set_LPF)
    MPU_Set_Rate                             0x08006dc9   Thumb Code    58  mpu6050.o(i.MPU_Set_Rate)
    MPU_Write_Byte                           0x08006e03   Thumb Code    68  mpu6050.o(i.MPU_Write_Byte)
    MPU_Write_Len                            0x08006e47   Thumb Code    96  mpu6050.o(i.MPU_Write_Len)
    MemManage_Handler                        0x08006ea7   Thumb Code     4  stm32f10x_it.o(i.MemManage_Handler)
    NMI_Handler                              0x08006eab   Thumb Code     2  stm32f10x_it.o(i.NMI_Handler)
    NVIC_Init                                0x08006ead   Thumb Code   100  misc.o(i.NVIC_Init)
    NVIC_PriorityGroupConfig                 0x08006f1d   Thumb Code    10  misc.o(i.NVIC_PriorityGroupConfig)
    PendSV_Handler                           0x08006f31   Thumb Code     2  stm32f10x_it.o(i.PendSV_Handler)
    RCC_ADCCLKConfig                         0x08006f35   Thumb Code    18  stm32f10x_rcc.o(i.RCC_ADCCLKConfig)
    RCC_AHBPeriphClockCmd                    0x08006f4d   Thumb Code    26  stm32f10x_rcc.o(i.RCC_AHBPeriphClockCmd)
    RCC_APB1PeriphClockCmd                   0x08006f6d   Thumb Code    26  stm32f10x_rcc.o(i.RCC_APB1PeriphClockCmd)
    RCC_APB1PeriphResetCmd                   0x08006f8d   Thumb Code    26  stm32f10x_rcc.o(i.RCC_APB1PeriphResetCmd)
    RCC_APB2PeriphClockCmd                   0x08006fad   Thumb Code    26  stm32f10x_rcc.o(i.RCC_APB2PeriphClockCmd)
    RCC_APB2PeriphResetCmd                   0x08006fcd   Thumb Code    26  stm32f10x_rcc.o(i.RCC_APB2PeriphResetCmd)
    RCC_GetClocksFreq                        0x08006fed   Thumb Code   192  stm32f10x_rcc.o(i.RCC_GetClocksFreq)
    SVC_Handler                              0x080070c1   Thumb Code     2  stm32f10x_it.o(i.SVC_Handler)
    Show_Chinese                             0x080071ad   Thumb Code   128  text.o(i.Show_Chinese)
    SysTick_CLKSourceConfig                  0x08007235   Thumb Code    40  misc.o(i.SysTick_CLKSourceConfig)
    SysTick_Handler                          0x0800725d   Thumb Code     2  stm32f10x_it.o(i.SysTick_Handler)
    SystemInit                               0x08007261   Thumb Code    78  system_stm32f10x.o(i.SystemInit)
    TIM3_IRQHandler                          0x080072c1   Thumb Code   706  timer.o(i.TIM3_IRQHandler)
    TIM3_Int_Init                            0x080075d1   Thumb Code    90  timer.o(i.TIM3_Int_Init)
    TIM4_IRQHandler                          0x08007631   Thumb Code    46  usmart.o(i.TIM4_IRQHandler)
    TIM_ClearFlag                            0x08007669   Thumb Code     6  stm32f10x_tim.o(i.TIM_ClearFlag)
    TIM_ClearITPendingBit                    0x0800766f   Thumb Code     6  stm32f10x_tim.o(i.TIM_ClearITPendingBit)
    TIM_Cmd                                  0x08007675   Thumb Code    24  stm32f10x_tim.o(i.TIM_Cmd)
    TIM_GetCounter                           0x0800768d   Thumb Code     6  stm32f10x_tim.o(i.TIM_GetCounter)
    TIM_GetFlagStatus                        0x08007693   Thumb Code    18  stm32f10x_tim.o(i.TIM_GetFlagStatus)
    TIM_GetITStatus                          0x080076a5   Thumb Code    34  stm32f10x_tim.o(i.TIM_GetITStatus)
    TIM_ITConfig                             0x080076c7   Thumb Code    18  stm32f10x_tim.o(i.TIM_ITConfig)
    TIM_SetAutoreload                        0x080076d9   Thumb Code     4  stm32f10x_tim.o(i.TIM_SetAutoreload)
    TIM_SetCounter                           0x080076dd   Thumb Code     4  stm32f10x_tim.o(i.TIM_SetCounter)
    TIM_TimeBaseInit                         0x080076e1   Thumb Code   122  stm32f10x_tim.o(i.TIM_TimeBaseInit)
    Timer4_Init                              0x08007785   Thumb Code    88  usmart.o(i.Timer4_Init)
    USART1_IRQHandler                        0x080077e1   Thumb Code   122  usart.o(i.USART1_IRQHandler)
    USART2_IRQHandler                        0x08007869   Thumb Code   132  usart2.o(i.USART2_IRQHandler)
    USART_Cmd                                0x080078fd   Thumb Code    24  stm32f10x_usart.o(i.USART_Cmd)
    USART_DeInit                             0x08007915   Thumb Code   134  stm32f10x_usart.o(i.USART_DeInit)
    USART_GetFlagStatus                      0x080079b1   Thumb Code    26  stm32f10x_usart.o(i.USART_GetFlagStatus)
    USART_GetITStatus                        0x080079cb   Thumb Code    84  stm32f10x_usart.o(i.USART_GetITStatus)
    USART_ITConfig                           0x08007a1f   Thumb Code    74  stm32f10x_usart.o(i.USART_ITConfig)
    USART_Init                               0x08007a69   Thumb Code   210  stm32f10x_usart.o(i.USART_Init)
    USART_ReceiveData                        0x08007b41   Thumb Code    10  stm32f10x_usart.o(i.USART_ReceiveData)
    USART_SendData                           0x08007b4b   Thumb Code     8  stm32f10x_usart.o(i.USART_SendData)
    UsageFault_Handler                       0x08007b53   Thumb Code     4  stm32f10x_it.o(i.UsageFault_Handler)
    __ARM_fpclassify                         0x08007b57   Thumb Code    40  fpclassify.o(i.__ARM_fpclassify)
    __kernel_poly                            0x08007b7f   Thumb Code   170  poly.o(i.__kernel_poly)
    __mathlib_dbl_infnan                     0x08007c29   Thumb Code     6  dunder.o(i.__mathlib_dbl_infnan)
    __mathlib_dbl_infnan2                    0x08007c2f   Thumb Code     4  dunder.o(i.__mathlib_dbl_infnan2)
    __mathlib_dbl_invalid                    0x08007c33   Thumb Code    12  dunder.o(i.__mathlib_dbl_invalid)
    __mathlib_dbl_underflow                  0x08007c41   Thumb Code    10  dunder.o(i.__mathlib_dbl_underflow)
    _is_digit                                0x08007c51   Thumb Code    14  __printf_wp.o(i._is_digit)
    _sys_exit                                0x08007c5f   Thumb Code     6  usart.o(i._sys_exit)
    asin                                     0x08007d0d   Thumb Code   572  asin.o(i.asin)
    atan                                     0x08007f7d   Thumb Code   474  atan.o(i.atan)
    atan2                                    0x0800819d   Thumb Code   346  atan2.o(i.atan2)
    delay_init                               0x08008381   Thumb Code    50  delay.o(i.delay_init)
    delay_ms                                 0x080083c5   Thumb Code    72  delay.o(i.delay_ms)
    delay_us                                 0x08008411   Thumb Code    72  delay.o(i.delay_us)
    dmp_enable_6x_lp_quat                    0x0800845d   Thumb Code    60  inv_mpu_dmp_motion_driver.o(i.dmp_enable_6x_lp_quat)
    dmp_enable_feature                       0x08008499   Thumb Code   530  inv_mpu_dmp_motion_driver.o(i.dmp_enable_feature)
    dmp_enable_gyro_cal                      0x080086b5   Thumb Code    62  inv_mpu_dmp_motion_driver.o(i.dmp_enable_gyro_cal)
    dmp_enable_lp_quat                       0x0800870d   Thumb Code    60  inv_mpu_dmp_motion_driver.o(i.dmp_enable_lp_quat)
    dmp_load_motion_driver_firmware          0x08008749   Thumb Code    20  inv_mpu_dmp_motion_driver.o(i.dmp_load_motion_driver_firmware)
    dmp_read_fifo                            0x08008761   Thumb Code   456  inv_mpu_dmp_motion_driver.o(i.dmp_read_fifo)
    dmp_set_accel_bias                       0x0800892d   Thumb Code   300  inv_mpu_dmp_motion_driver.o(i.dmp_set_accel_bias)
    dmp_set_fifo_rate                        0x08008a5d   Thumb Code    96  inv_mpu_dmp_motion_driver.o(i.dmp_set_fifo_rate)
    dmp_set_gyro_bias                        0x08008acd   Thumb Code   294  inv_mpu_dmp_motion_driver.o(i.dmp_set_gyro_bias)
    dmp_set_orientation                      0x08008bfd   Thumb Code   290  inv_mpu_dmp_motion_driver.o(i.dmp_set_orientation)
    dmp_set_shake_reject_thresh              0x08008d35   Thumb Code    56  inv_mpu_dmp_motion_driver.o(i.dmp_set_shake_reject_thresh)
    dmp_set_shake_reject_time                0x08008d6d   Thumb Code    38  inv_mpu_dmp_motion_driver.o(i.dmp_set_shake_reject_time)
    dmp_set_shake_reject_timeout             0x08008d93   Thumb Code    38  inv_mpu_dmp_motion_driver.o(i.dmp_set_shake_reject_timeout)
    dmp_set_tap_axes                         0x08008db9   Thumb Code    70  inv_mpu_dmp_motion_driver.o(i.dmp_set_tap_axes)
    dmp_set_tap_count                        0x08008dff   Thumb Code    38  inv_mpu_dmp_motion_driver.o(i.dmp_set_tap_count)
    dmp_set_tap_thresh                       0x08008e25   Thumb Code   396  inv_mpu_dmp_motion_driver.o(i.dmp_set_tap_thresh)
    dmp_set_tap_time                         0x08008fc5   Thumb Code    38  inv_mpu_dmp_motion_driver.o(i.dmp_set_tap_time)
    dmp_set_tap_time_multi                   0x08008feb   Thumb Code    38  inv_mpu_dmp_motion_driver.o(i.dmp_set_tap_time_multi)
    fputc                                    0x08009011   Thumb Code    24  usart.o(i.fputc)
    inv_orientation_matrix_to_scalar         0x08009661   Thumb Code    40  inv_mpu.o(i.inv_orientation_matrix_to_scalar)
    inv_row_2_scale                          0x08009689   Thumb Code    78  inv_mpu.o(i.inv_row_2_scale)
    main                                     0x080096d9   Thumb Code   456  main.o(i.main)
    mget_ms                                  0x08009905   Thumb Code     2  inv_mpu.o(i.mget_ms)
    mpu_configure_fifo                       0x08009909   Thumb Code   106  inv_mpu.o(i.mpu_configure_fifo)
    mpu_dmp_get_data                         0x08009979   Thumb Code   544  inv_mpu.o(i.mpu_dmp_get_data)
    mpu_dmp_init                             0x08009b9d   Thumb Code   154  inv_mpu.o(i.mpu_dmp_init)
    mpu_get_accel_fsr                        0x08009c3d   Thumb Code    72  inv_mpu.o(i.mpu_get_accel_fsr)
    mpu_get_accel_sens                       0x08009c89   Thumb Code    78  inv_mpu.o(i.mpu_get_accel_sens)
    mpu_get_fifo_config                      0x08009cdd   Thumb Code    12  inv_mpu.o(i.mpu_get_fifo_config)
    mpu_get_gyro_fsr                         0x08009ced   Thumb Code    64  inv_mpu.o(i.mpu_get_gyro_fsr)
    mpu_get_gyro_sens                        0x08009d31   Thumb Code    58  inv_mpu.o(i.mpu_get_gyro_sens)
    mpu_get_lpf                              0x08009d81   Thumb Code    74  inv_mpu.o(i.mpu_get_lpf)
    mpu_get_sample_rate                      0x08009dd1   Thumb Code    26  inv_mpu.o(i.mpu_get_sample_rate)
    mpu_init                                 0x08009df1   Thumb Code   416  inv_mpu.o(i.mpu_init)
    mpu_load_firmware                        0x08009fe1   Thumb Code   180  inv_mpu.o(i.mpu_load_firmware)
    mpu_lp_accel_mode                        0x0800a099   Thumb Code   218  inv_mpu.o(i.mpu_lp_accel_mode)
    mpu_read_fifo_stream                     0x0800a179   Thumb Code   186  inv_mpu.o(i.mpu_read_fifo_stream)
    mpu_read_mem                             0x0800a239   Thumb Code   122  inv_mpu.o(i.mpu_read_mem)
    mpu_reset_fifo                           0x0800a2b9   Thumb Code   450  inv_mpu.o(i.mpu_reset_fifo)
    mpu_run_self_test                        0x0800a481   Thumb Code   278  inv_mpu.o(i.mpu_run_self_test)
    mpu_set_accel_fsr                        0x0800a59d   Thumb Code   126  inv_mpu.o(i.mpu_set_accel_fsr)
    mpu_set_bypass                           0x0800a621   Thumb Code   328  inv_mpu.o(i.mpu_set_bypass)
    mpu_set_dmp_state                        0x0800a76d   Thumb Code   138  inv_mpu.o(i.mpu_set_dmp_state)
    mpu_set_gyro_fsr                         0x0800a7fd   Thumb Code   132  inv_mpu.o(i.mpu_set_gyro_fsr)
    mpu_set_int_latched                      0x0800a885   Thumb Code   102  inv_mpu.o(i.mpu_set_int_latched)
    mpu_set_lpf                              0x0800a8f1   Thumb Code   126  inv_mpu.o(i.mpu_set_lpf)
    mpu_set_sample_rate                      0x0800a975   Thumb Code   152  inv_mpu.o(i.mpu_set_sample_rate)
    mpu_set_sensors                          0x0800aa11   Thumb Code   202  inv_mpu.o(i.mpu_set_sensors)
    mpu_write_mem                            0x0800aae1   Thumb Code   122  inv_mpu.o(i.mpu_write_mem)
    read_addr                                0x0800ab61   Thumb Code     6  usmart.o(i.read_addr)
    run_self_test                            0x0800ab67   Thumb Code   148  inv_mpu.o(i.run_self_test)
    sim900a_sms_sendchinese                  0x0800ac8d   Thumb Code   172  sim900a.o(i.sim900a_sms_sendchinese)
    sqrt                                     0x0800adf1   Thumb Code    76  sqrt.o(i.sqrt)
    u2_printf                                0x0800ae3d   Thumb Code    72  usart2.o(i.u2_printf)
    uart_init                                0x0800ae8d   Thumb Code   152  usart.o(i.uart_init)
    usart2_init                              0x0800af2d   Thumb Code   162  usart2.o(i.usart2_init)
    usmart_cmd_rec                           0x0800afdd   Thumb Code   170  usmart.o(i.usmart_cmd_rec)
    usmart_exe                               0x0800b08d   Thumb Code   632  usmart.o(i.usmart_exe)
    usmart_get_aparm                         0x0800b361   Thumb Code   200  usmart_str.o(i.usmart_get_aparm)
    usmart_get_cmdname                       0x0800b429   Thumb Code    54  usmart_str.o(i.usmart_get_cmdname)
    usmart_get_fname                         0x0800b461   Thumb Code   440  usmart_str.o(i.usmart_get_fname)
    usmart_get_fparam                        0x0800b621   Thumb Code   262  usmart_str.o(i.usmart_get_fparam)
    usmart_get_parmpos                       0x0800b72d   Thumb Code    26  usmart_str.o(i.usmart_get_parmpos)
    usmart_get_runtime                       0x0800b74d   Thumb Code    60  usmart.o(i.usmart_get_runtime)
    usmart_init                              0x0800b791   Thumb Code    36  usmart.o(i.usmart_init)
    usmart_pow                               0x0800b7b9   Thumb Code    22  usmart_str.o(i.usmart_pow)
    usmart_reset_runtime                     0x0800b7d1   Thumb Code    38  usmart.o(i.usmart_reset_runtime)
    usmart_scan                              0x0800b801   Thumb Code   120  usmart.o(i.usmart_scan)
    usmart_search_nextc                      0x0800b8bd   Thumb Code    22  usmart_str.o(i.usmart_search_nextc)
    usmart_str2num                           0x0800b8d3   Thumb Code   202  usmart_str.o(i.usmart_str2num)
    usmart_strcmp                            0x0800b99d   Thumb Code    34  usmart_str.o(i.usmart_strcmp)
    usmart_strcopy                           0x0800b9bf   Thumb Code    22  usmart_str.o(i.usmart_strcopy)
    usmart_strlen                            0x0800b9d5   Thumb Code    24  usmart_str.o(i.usmart_strlen)
    usmart_sys_cmd_exe                       0x0800b9ed   Thumb Code  1554  usmart.o(i.usmart_sys_cmd_exe)
    write_addr                               0x0800c0d1   Thumb Code     4  usmart.o(i.write_addr)
    xianshi                                  0x0800c0d5   Thumb Code   142  text.o(i.xianshi)
    _get_lc_numeric                          0x0800c195   Thumb Code    44  lc_numeric_c.o(locale$$code)
    _get_lc_ctype                            0x0800c1c1   Thumb Code    44  lc_ctype_c.o(locale$$code)
    __aeabi_d2f                              0x0800c1ed   Thumb Code     0  d2f.o(x$fpl$d2f)
    _d2f                                     0x0800c1ed   Thumb Code    98  d2f.o(x$fpl$d2f)
    __aeabi_dadd                             0x0800c251   Thumb Code     0  daddsub_clz.o(x$fpl$dadd)
    _dadd                                    0x0800c251   Thumb Code   332  daddsub_clz.o(x$fpl$dadd)
    __fpl_dcheck_NaN1                        0x0800c3a1   Thumb Code    10  dcheck1.o(x$fpl$dcheck1)
    __aeabi_ddiv                             0x0800c3b1   Thumb Code     0  ddiv.o(x$fpl$ddiv)
    _ddiv                                    0x0800c3b1   Thumb Code   552  ddiv.o(x$fpl$ddiv)
    __aeabi_d2iz                             0x0800c661   Thumb Code     0  dfix.o(x$fpl$dfix)
    _dfix                                    0x0800c661   Thumb Code    94  dfix.o(x$fpl$dfix)
    __aeabi_d2uiz                            0x0800c6c1   Thumb Code     0  dfixu.o(x$fpl$dfixu)
    _dfixu                                   0x0800c6c1   Thumb Code    90  dfixu.o(x$fpl$dfixu)
    __aeabi_i2d                              0x0800c71b   Thumb Code     0  dflt_clz.o(x$fpl$dflt)
    _dflt                                    0x0800c71b   Thumb Code    46  dflt_clz.o(x$fpl$dflt)
    __aeabi_ui2d                             0x0800c749   Thumb Code     0  dflt_clz.o(x$fpl$dfltu)
    _dfltu                                   0x0800c749   Thumb Code    38  dflt_clz.o(x$fpl$dfltu)
    __aeabi_dmul                             0x0800c771   Thumb Code     0  dmul.o(x$fpl$dmul)
    _dmul                                    0x0800c771   Thumb Code   332  dmul.o(x$fpl$dmul)
    __fpl_dnaninf                            0x0800c8c5   Thumb Code   156  dnaninf.o(x$fpl$dnaninf)
    __fpl_dretinf                            0x0800c961   Thumb Code    12  dretinf.o(x$fpl$dretinf)
    __aeabi_drsub                            0x0800c96d   Thumb Code     0  daddsub_clz.o(x$fpl$drsb)
    _drsb                                    0x0800c96d   Thumb Code    22  daddsub_clz.o(x$fpl$drsb)
    _dsqrt                                   0x0800c985   Thumb Code   456  dsqrt_noumaal.o(x$fpl$dsqrt)
    __aeabi_dsub                             0x0800cb51   Thumb Code     0  daddsub_clz.o(x$fpl$dsub)
    _dsub                                    0x0800cb51   Thumb Code   464  daddsub_clz.o(x$fpl$dsub)
    __aeabi_f2d                              0x0800cd25   Thumb Code     0  f2d.o(x$fpl$f2d)
    _f2d                                     0x0800cd25   Thumb Code    86  f2d.o(x$fpl$f2d)
    __aeabi_fadd                             0x0800cd7d   Thumb Code     0  faddsub_clz.o(x$fpl$fadd)
    _fadd                                    0x0800cd7d   Thumb Code   196  faddsub_clz.o(x$fpl$fadd)
    __fpl_fcmp_Inf                           0x0800ce41   Thumb Code    24  fcmpi.o(x$fpl$fcmpinf)
    __aeabi_fdiv                             0x0800ce59   Thumb Code     0  fdiv.o(x$fpl$fdiv)
    _fdiv                                    0x0800ce59   Thumb Code   384  fdiv.o(x$fpl$fdiv)
    __aeabi_cfcmpeq                          0x0800cfdd   Thumb Code     0  feqf.o(x$fpl$feqf)
    _fcmpeq                                  0x0800cfdd   Thumb Code   104  feqf.o(x$fpl$feqf)
    __aeabi_f2iz                             0x0800d045   Thumb Code     0  ffix.o(x$fpl$ffix)
    _ffix                                    0x0800d045   Thumb Code    54  ffix.o(x$fpl$ffix)
    __aeabi_f2uiz                            0x0800d07d   Thumb Code     0  ffixu.o(x$fpl$ffixu)
    _ffixu                                   0x0800d07d   Thumb Code    62  ffixu.o(x$fpl$ffixu)
    __aeabi_i2f                              0x0800d0bd   Thumb Code     0  fflt_clz.o(x$fpl$fflt)
    _fflt                                    0x0800d0bd   Thumb Code    48  fflt_clz.o(x$fpl$fflt)
    __aeabi_ui2f                             0x0800d0ed   Thumb Code     0  fflt_clz.o(x$fpl$ffltu)
    _ffltu                                   0x0800d0ed   Thumb Code    38  fflt_clz.o(x$fpl$ffltu)
    __aeabi_cfcmple                          0x0800d115   Thumb Code     0  fleqf.o(x$fpl$fleqf)
    _fcmple                                  0x0800d115   Thumb Code   104  fleqf.o(x$fpl$fleqf)
    __fpl_fcmple_InfNaN                      0x0800d167   Thumb Code     0  fleqf.o(x$fpl$fleqf)
    __aeabi_fmul                             0x0800d17d   Thumb Code     0  fmul.o(x$fpl$fmul)
    _fmul                                    0x0800d17d   Thumb Code   258  fmul.o(x$fpl$fmul)
    __fpl_fnaninf                            0x0800d27f   Thumb Code   140  fnaninf.o(x$fpl$fnaninf)
    __fpl_fretinf                            0x0800d30b   Thumb Code    10  fretinf.o(x$fpl$fretinf)
    __aeabi_cfrcmple                         0x0800d315   Thumb Code     0  frleqf.o(x$fpl$frleqf)
    _frcmple                                 0x0800d315   Thumb Code    98  frleqf.o(x$fpl$frleqf)
    __aeabi_fsub                             0x0800d379   Thumb Code     0  faddsub_clz.o(x$fpl$fsub)
    _fsub                                    0x0800d379   Thumb Code   234  faddsub_clz.o(x$fpl$fsub)
    _printf_fp_dec                           0x0800d463   Thumb Code     4  printf1.o(x$fpl$printf1)
    __fpl_return_NaN                         0x0800d467   Thumb Code   100  retnan.o(x$fpl$retnan)
    __ARM_scalbn                             0x0800d4cb   Thumb Code    92  scalbn.o(x$fpl$scalbn)
    __fpl_cmpreturn                          0x0800d527   Thumb Code    48  trapv.o(x$fpl$trapveneer)
    __I$use$fp                               0x0800d556   Number         0  usenofp.o(x$fpl$usenofp)
    asc2_1206                                0x0800d556   Data        1140  lcd.o(.constdata)
    asc2_1608                                0x0800d9ca   Data        1520  lcd.o(.constdata)
    asc2_2412                                0x0800dfba   Data        3420  lcd.o(.constdata)
    reg                                      0x0800ed18   Data          27  inv_mpu.o(.constdata)
    hw                                       0x0800ed34   Data          12  inv_mpu.o(.constdata)
    test                                     0x0800ed40   Data          40  inv_mpu.o(.constdata)
    __mathlib_zero                           0x0800fa88   Data           8  qnan.o(.constdata)
    Region$$Table$$Base                      0x0800fc68   Number         0  anon$$obj.o(Region$$Table)
    Region$$Table$$Limit                     0x0800fc88   Number         0  anon$$obj.o(Region$$Table)
    __ctype                                  0x0800fcb1   Data           0  lc_ctype_c.o(locale$$data)
    QS                                       0x20000000   Data           1  main.o(.data)
    BPM                                      0x20000001   Data           1  main.o(.data)
    temperature                              0x20000002   Data           2  main.o(.data)
    SystemCoreClock                          0x20000004   Data           4  system_stm32f10x.o(.data)
    AHBPrescTable                            0x20000008   Data          16  system_stm32f10x.o(.data)
    POINT_COLOR                              0x20000018   Data           2  lcd.o(.data)
    BACK_COLOR                               0x2000001a   Data           2  lcd.o(.data)
    Signal                                   0x20000054   Data           4  timer.o(.data)
    IBI                                      0x20000058   Data           4  timer.o(.data)
    Pulse                                    0x2000005c   Data           1  timer.o(.data)
    sampleCounter                            0x20000060   Data           4  timer.o(.data)
    lastBeatTime                             0x20000064   Data           4  timer.o(.data)
    P                                        0x20000068   Data           4  timer.o(.data)
    T                                        0x2000006c   Data           4  timer.o(.data)
    thresh                                   0x20000070   Data           4  timer.o(.data)
    amp                                      0x20000074   Data           4  timer.o(.data)
    firstBeat                                0x20000078   Data           1  timer.o(.data)
    secondBeat                               0x20000079   Data           1  timer.o(.data)
    USART2_RX_STA                            0x2000007a   Data           2  usart2.o(.data)
    ren                                      0x2000007c   Data          32  text.o(.data)
    ti                                       0x2000009c   Data          32  text.o(.data)
    jian                                     0x200000bc   Data          32  text.o(.data)
    kang                                     0x200000dc   Data          32  text.o(.data)
    jian_1                                   0x200000fc   Data          32  text.o(.data)
    ce                                       0x2000011c   Data          32  text.o(.data)
    xi                                       0x2000013c   Data          32  text.o(.data)
    tong                                     0x2000015c   Data          32  text.o(.data)
    wen                                      0x2000017c   Data          32  text.o(.data)
    du                                       0x2000019c   Data          32  text.o(.data)
    xin                                      0x200001bc   Data          32  text.o(.data)
    lv                                       0x200001dc   Data          32  text.o(.data)
    __stdout                                 0x20000200   Data           4  usart.o(.data)
    USART_RX_STA                             0x20000204   Data           2  usart.o(.data)
    sys_cmd_tab                              0x2000021c   Data          28  usmart.o(.data)
    usmart_nametab                           0x20000238   Data          56  usmart_config.o(.data)
    usmart_dev                               0x20000270   Data         244  usmart_config.o(.data)
    lcddev                                   0x20000364   Data          14  lcd.o(.bss)
    rate                                     0x20000384   Data          40  timer.o(.bss)
    USART2_RX_BUF                            0x200003ac   Data         400  usart2.o(.bss)
    USART2_TX_BUF                            0x2000053c   Data         400  usart2.o(.bss)
    USART_RX_BUF                             0x200006cc   Data         200  usart.o(.bss)
    __libspace_start                         0x20000794   Data          96  libspace.o(.bss)
    __temporary_stack_top$libspace           0x200007f4   Data           0  libspace.o(.bss)



==============================================================================

Memory Map of the image

  Image Entry point : 0x08000131

  Load Region LR_IROM1 (Base: 0x08000000, Size: 0x00010118, Max: 0x00080000, ABSOLUTE, COMPRESSED[0x0000ff9c])

    Execution Region ER_IROM1 (Exec base: 0x08000000, Load base: 0x08000000, Size: 0x0000fdb4, Max: 0x00080000, ABSOLUTE)

    Exec Addr    Load Addr    Size         Type   Attr      Idx    E Section Name        Object

    0x08000000   0x08000000   0x00000130   Data   RO         1565    RESET               startup_stm32f10x_hd.o
    0x08000130   0x08000130   0x00000008   Code   RO         3226  * !!!main             c_w.l(__main.o)
    0x08000138   0x08000138   0x00000034   Code   RO         3651    !!!scatter          c_w.l(__scatter.o)
    0x0800016c   0x0800016c   0x0000005a   Code   RO         3649    !!dczerorl2         c_w.l(__dczerorl2.o)
    0x080001c6   0x080001c6   0x00000002   PAD
    0x080001c8   0x080001c8   0x0000001c   Code   RO         3653    !!handler_zi        c_w.l(__scatter_zi.o)
    0x080001e4   0x080001e4   0x00000000   Code   RO         3217    .ARM.Collect$$_printf_percent$$00000000  c_w.l(_printf_percent.o)
    0x080001e4   0x080001e4   0x00000006   Code   RO         3340    .ARM.Collect$$_printf_percent$$00000001  c_w.l(_printf_n.o)
    0x080001ea   0x080001ea   0x00000006   Code   RO         3341    .ARM.Collect$$_printf_percent$$00000002  c_w.l(_printf_p.o)
    0x080001f0   0x080001f0   0x00000006   Code   RO         3344    .ARM.Collect$$_printf_percent$$00000003  c_w.l(_printf_f.o)
    0x080001f6   0x080001f6   0x00000006   Code   RO         3345    .ARM.Collect$$_printf_percent$$00000004  c_w.l(_printf_e.o)
    0x080001fc   0x080001fc   0x00000006   Code   RO         3346    .ARM.Collect$$_printf_percent$$00000005  c_w.l(_printf_g.o)
    0x08000202   0x08000202   0x00000006   Code   RO         3347    .ARM.Collect$$_printf_percent$$00000006  c_w.l(_printf_a.o)
    0x08000208   0x08000208   0x0000000a   Code   RO         3352    .ARM.Collect$$_printf_percent$$00000007  c_w.l(_printf_ll.o)
    0x08000212   0x08000212   0x00000006   Code   RO         3343    .ARM.Collect$$_printf_percent$$00000008  c_w.l(_printf_i.o)
    0x08000218   0x08000218   0x00000006   Code   RO         3215    .ARM.Collect$$_printf_percent$$00000009  c_w.l(_printf_d.o)
    0x0800021e   0x0800021e   0x00000006   Code   RO         3216    .ARM.Collect$$_printf_percent$$0000000A  c_w.l(_printf_u.o)
    0x08000224   0x08000224   0x00000006   Code   RO         3342    .ARM.Collect$$_printf_percent$$0000000B  c_w.l(_printf_o.o)
    0x0800022a   0x0800022a   0x00000006   Code   RO         3214    .ARM.Collect$$_printf_percent$$0000000C  c_w.l(_printf_x.o)
    0x08000230   0x08000230   0x00000006   Code   RO         3349    .ARM.Collect$$_printf_percent$$0000000D  c_w.l(_printf_lli.o)
    0x08000236   0x08000236   0x00000006   Code   RO         3350    .ARM.Collect$$_printf_percent$$0000000E  c_w.l(_printf_lld.o)
    0x0800023c   0x0800023c   0x00000006   Code   RO         3351    .ARM.Collect$$_printf_percent$$0000000F  c_w.l(_printf_llu.o)
    0x08000242   0x08000242   0x00000006   Code   RO         3356    .ARM.Collect$$_printf_percent$$00000010  c_w.l(_printf_llo.o)
    0x08000248   0x08000248   0x00000006   Code   RO         3357    .ARM.Collect$$_printf_percent$$00000011  c_w.l(_printf_llx.o)
    0x0800024e   0x0800024e   0x0000000a   Code   RO         3353    .ARM.Collect$$_printf_percent$$00000012  c_w.l(_printf_l.o)
    0x08000258   0x08000258   0x00000006   Code   RO         3212    .ARM.Collect$$_printf_percent$$00000013  c_w.l(_printf_c.o)
    0x0800025e   0x0800025e   0x00000006   Code   RO         3213    .ARM.Collect$$_printf_percent$$00000014  c_w.l(_printf_s.o)
    0x08000264   0x08000264   0x00000006   Code   RO         3354    .ARM.Collect$$_printf_percent$$00000015  c_w.l(_printf_lc.o)
    0x0800026a   0x0800026a   0x00000006   Code   RO         3355    .ARM.Collect$$_printf_percent$$00000016  c_w.l(_printf_ls.o)
    0x08000270   0x08000270   0x00000004   Code   RO         3348    .ARM.Collect$$_printf_percent$$00000017  c_w.l(_printf_percent_end.o)
    0x08000274   0x08000274   0x00000002   Code   RO         3509    .ARM.Collect$$libinit$$00000000  c_w.l(libinit.o)
    0x08000276   0x08000276   0x00000000   Code   RO         3528    .ARM.Collect$$libinit$$00000002  c_w.l(libinit2.o)
    0x08000276   0x08000276   0x00000000   Code   RO         3530    .ARM.Collect$$libinit$$00000004  c_w.l(libinit2.o)
    0x08000276   0x08000276   0x00000000   Code   RO         3533    .ARM.Collect$$libinit$$0000000A  c_w.l(libinit2.o)
    0x08000276   0x08000276   0x00000000   Code   RO         3535    .ARM.Collect$$libinit$$0000000C  c_w.l(libinit2.o)
    0x08000276   0x08000276   0x00000000   Code   RO         3537    .ARM.Collect$$libinit$$0000000E  c_w.l(libinit2.o)
    0x08000276   0x08000276   0x00000006   Code   RO         3538    .ARM.Collect$$libinit$$0000000F  c_w.l(libinit2.o)
    0x0800027c   0x0800027c   0x00000000   Code   RO         3540    .ARM.Collect$$libinit$$00000011  c_w.l(libinit2.o)
    0x0800027c   0x0800027c   0x0000000c   Code   RO         3541    .ARM.Collect$$libinit$$00000012  c_w.l(libinit2.o)
    0x08000288   0x08000288   0x00000000   Code   RO         3542    .ARM.Collect$$libinit$$00000013  c_w.l(libinit2.o)
    0x08000288   0x08000288   0x00000000   Code   RO         3544    .ARM.Collect$$libinit$$00000015  c_w.l(libinit2.o)
    0x08000288   0x08000288   0x0000000a   Code   RO         3545    .ARM.Collect$$libinit$$00000016  c_w.l(libinit2.o)
    0x08000292   0x08000292   0x00000000   Code   RO         3546    .ARM.Collect$$libinit$$00000017  c_w.l(libinit2.o)
    0x08000292   0x08000292   0x00000000   Code   RO         3548    .ARM.Collect$$libinit$$00000019  c_w.l(libinit2.o)
    0x08000292   0x08000292   0x00000000   Code   RO         3550    .ARM.Collect$$libinit$$0000001B  c_w.l(libinit2.o)
    0x08000292   0x08000292   0x00000000   Code   RO         3552    .ARM.Collect$$libinit$$0000001D  c_w.l(libinit2.o)
    0x08000292   0x08000292   0x00000000   Code   RO         3554    .ARM.Collect$$libinit$$0000001F  c_w.l(libinit2.o)
    0x08000292   0x08000292   0x00000000   Code   RO         3556    .ARM.Collect$$libinit$$00000021  c_w.l(libinit2.o)
    0x08000292   0x08000292   0x00000000   Code   RO         3558    .ARM.Collect$$libinit$$00000023  c_w.l(libinit2.o)
    0x08000292   0x08000292   0x00000000   Code   RO         3560    .ARM.Collect$$libinit$$00000025  c_w.l(libinit2.o)
    0x08000292   0x08000292   0x00000000   Code   RO         3564    .ARM.Collect$$libinit$$0000002C  c_w.l(libinit2.o)
    0x08000292   0x08000292   0x00000000   Code   RO         3566    .ARM.Collect$$libinit$$0000002E  c_w.l(libinit2.o)
    0x08000292   0x08000292   0x00000000   Code   RO         3568    .ARM.Collect$$libinit$$00000030  c_w.l(libinit2.o)
    0x08000292   0x08000292   0x00000000   Code   RO         3570    .ARM.Collect$$libinit$$00000032  c_w.l(libinit2.o)
    0x08000292   0x08000292   0x00000002   Code   RO         3571    .ARM.Collect$$libinit$$00000033  c_w.l(libinit2.o)
    0x08000294   0x08000294   0x00000002   Code   RO         3601    .ARM.Collect$$libshutdown$$00000000  c_w.l(libshutdown.o)
    0x08000296   0x08000296   0x00000000   Code   RO         3615    .ARM.Collect$$libshutdown$$00000002  c_w.l(libshutdown2.o)
    0x08000296   0x08000296   0x00000000   Code   RO         3617    .ARM.Collect$$libshutdown$$00000004  c_w.l(libshutdown2.o)
    0x08000296   0x08000296   0x00000000   Code   RO         3620    .ARM.Collect$$libshutdown$$00000007  c_w.l(libshutdown2.o)
    0x08000296   0x08000296   0x00000000   Code   RO         3623    .ARM.Collect$$libshutdown$$0000000A  c_w.l(libshutdown2.o)
    0x08000296   0x08000296   0x00000000   Code   RO         3625    .ARM.Collect$$libshutdown$$0000000C  c_w.l(libshutdown2.o)
    0x08000296   0x08000296   0x00000000   Code   RO         3628    .ARM.Collect$$libshutdown$$0000000F  c_w.l(libshutdown2.o)
    0x08000296   0x08000296   0x00000002   Code   RO         3629    .ARM.Collect$$libshutdown$$00000010  c_w.l(libshutdown2.o)
    0x08000298   0x08000298   0x00000000   Code   RO         3310    .ARM.Collect$$rtentry$$00000000  c_w.l(__rtentry.o)
    0x08000298   0x08000298   0x00000000   Code   RO         3413    .ARM.Collect$$rtentry$$00000002  c_w.l(__rtentry2.o)
    0x08000298   0x08000298   0x00000006   Code   RO         3425    .ARM.Collect$$rtentry$$00000004  c_w.l(__rtentry4.o)
    0x0800029e   0x0800029e   0x00000000   Code   RO         3415    .ARM.Collect$$rtentry$$00000009  c_w.l(__rtentry2.o)
    0x0800029e   0x0800029e   0x00000004   Code   RO         3416    .ARM.Collect$$rtentry$$0000000A  c_w.l(__rtentry2.o)
    0x080002a2   0x080002a2   0x00000000   Code   RO         3418    .ARM.Collect$$rtentry$$0000000C  c_w.l(__rtentry2.o)
    0x080002a2   0x080002a2   0x00000008   Code   RO         3419    .ARM.Collect$$rtentry$$0000000D  c_w.l(__rtentry2.o)
    0x080002aa   0x080002aa   0x00000002   Code   RO         3516    .ARM.Collect$$rtexit$$00000000  c_w.l(rtexit.o)
    0x080002ac   0x080002ac   0x00000000   Code   RO         3575    .ARM.Collect$$rtexit$$00000002  c_w.l(rtexit2.o)
    0x080002ac   0x080002ac   0x00000004   Code   RO         3576    .ARM.Collect$$rtexit$$00000003  c_w.l(rtexit2.o)
    0x080002b0   0x080002b0   0x00000006   Code   RO         3577    .ARM.Collect$$rtexit$$00000004  c_w.l(rtexit2.o)
    0x080002b6   0x080002b6   0x00000002   PAD
    0x080002b8   0x080002b8   0x00000040   Code   RO         1566    .text               startup_stm32f10x_hd.o
    0x080002f8   0x080002f8   0x00000002   Code   RO         3153    .text               c_w.l(use_no_semi_2.o)
    0x080002fa   0x080002fa   0x00000048   Code   RO         3155    .text               c_w.l(llsdiv.o)
    0x08000342   0x08000342   0x00000002   PAD
    0x08000344   0x08000344   0x00000024   Code   RO         3157    .text               c_w.l(c89vsprintf.o)
    0x08000368   0x08000368   0x00000018   Code   RO         3159    .text               c_w.l(__2printf.o)
    0x08000380   0x08000380   0x0000004e   Code   RO         3165    .text               c_w.l(_printf_pad.o)
    0x080003ce   0x080003ce   0x00000052   Code   RO         3167    .text               c_w.l(_printf_str.o)
    0x08000420   0x08000420   0x00000078   Code   RO         3169    .text               c_w.l(_printf_dec.o)
    0x08000498   0x08000498   0x00000094   Code   RO         3189    .text               c_w.l(_printf_hex_int_ll_ptr.o)
    0x0800052c   0x0800052c   0x00000188   Code   RO         3209    .text               c_w.l(__printf_flags_ss_wp.o)
    0x080006b4   0x080006b4   0x00000058   Code   RO         3218    .text               c_w.l(memcmp.o)
    0x0800070c   0x0800070c   0x0000003e   Code   RO         3220    .text               c_w.l(strlen.o)
    0x0800074a   0x0800074a   0x00000010   Code   RO         3222    .text               c_w.l(aeabi_memset.o)
    0x0800075a   0x0800075a   0x00000006   Code   RO         3224    .text               c_w.l(heapauxi.o)
    0x08000760   0x08000760   0x00000002   Code   RO         3308    .text               c_w.l(use_no_semi.o)
    0x08000762   0x08000762   0x000000ee   Code   RO         3311    .text               c_w.l(lludivv7m.o)
    0x08000850   0x08000850   0x00000016   Code   RO         3313    .text               c_w.l(_rserrno.o)
    0x08000866   0x08000866   0x00000024   Code   RO         3315    .text               c_w.l(_printf_truncate.o)
    0x0800088a   0x0800088a   0x000000b2   Code   RO         3317    .text               c_w.l(_printf_intcommon.o)
    0x0800093c   0x0800093c   0x00000028   Code   RO         3319    .text               c_w.l(_printf_charcount.o)
    0x08000964   0x08000964   0x00000030   Code   RO         3321    .text               c_w.l(_printf_char_common.o)
    0x08000994   0x08000994   0x0000000a   Code   RO         3323    .text               c_w.l(_sputc.o)
    0x0800099e   0x0800099e   0x0000002c   Code   RO         3325    .text               c_w.l(_printf_char.o)
    0x080009ca   0x080009ca   0x00000002   PAD
    0x080009cc   0x080009cc   0x00000024   Code   RO         3327    .text               c_w.l(_printf_char_file.o)
    0x080009f0   0x080009f0   0x000000bc   Code   RO         3329    .text               c_w.l(_printf_wctomb.o)
    0x08000aac   0x08000aac   0x0000007c   Code   RO         3332    .text               c_w.l(_printf_longlong_dec.o)
    0x08000b28   0x08000b28   0x00000070   Code   RO         3338    .text               c_w.l(_printf_oct_int_ll.o)
    0x08000b98   0x08000b98   0x00000044   Code   RO         3358    .text               c_w.l(rt_memclr.o)
    0x08000bdc   0x08000bdc   0x00000008   Code   RO         3434    .text               c_w.l(rt_errno_addr_intlibspace.o)
    0x08000be4   0x08000be4   0x0000008a   Code   RO         3436    .text               c_w.l(lludiv10.o)
    0x08000c6e   0x08000c6e   0x0000041e   Code   RO         3438    .text               c_w.l(_printf_fp_dec.o)
    0x0800108c   0x0800108c   0x0000002c   Code   RO         3442    .text               c_w.l(_printf_wchar.o)
    0x080010b8   0x080010b8   0x00000008   Code   RO         3444    .text               c_w.l(ferror.o)
    0x080010c0   0x080010c0   0x00000040   Code   RO         3448    .text               c_w.l(_wcrtomb.o)
    0x08001100   0x08001100   0x0000004e   Code   RO         3450    .text               c_w.l(rt_memclr_w.o)
    0x0800114e   0x0800114e   0x00000002   PAD
    0x08001150   0x08001150   0x00000008   Code   RO         3458    .text               c_w.l(libspace.o)
    0x08001158   0x08001158   0x0000004a   Code   RO         3461    .text               c_w.l(sys_stackheap_outer.o)
    0x080011a2   0x080011a2   0x00000002   PAD
    0x080011a4   0x080011a4   0x00000010   Code   RO         3463    .text               c_w.l(rt_ctype_table.o)
    0x080011b4   0x080011b4   0x00000008   Code   RO         3470    .text               c_w.l(rt_locale_intlibspace.o)
    0x080011bc   0x080011bc   0x00000080   Code   RO         3472    .text               c_w.l(_printf_fp_infnan.o)
    0x0800123c   0x0800123c   0x000000e4   Code   RO         3474    .text               c_w.l(bigflt0.o)
    0x08001320   0x08001320   0x00000012   Code   RO         3502    .text               c_w.l(exit.o)
    0x08001332   0x08001332   0x00000002   PAD
    0x08001334   0x08001334   0x00000080   Code   RO         3525    .text               c_w.l(strcmpv7m.o)
    0x080013b4   0x080013b4   0x0000003e   Code   RO         3477    CL$$btod_d2e        c_w.l(btod.o)
    0x080013f2   0x080013f2   0x00000046   Code   RO         3479    CL$$btod_d2e_denorm_low  c_w.l(btod.o)
    0x08001438   0x08001438   0x00000060   Code   RO         3478    CL$$btod_d2e_norm_op1  c_w.l(btod.o)
    0x08001498   0x08001498   0x00000338   Code   RO         3487    CL$$btod_div_common  c_w.l(btod.o)
    0x080017d0   0x080017d0   0x000000dc   Code   RO         3484    CL$$btod_e2e        c_w.l(btod.o)
    0x080018ac   0x080018ac   0x0000002a   Code   RO         3481    CL$$btod_ediv       c_w.l(btod.o)
    0x080018d6   0x080018d6   0x0000002a   Code   RO         3480    CL$$btod_emul       c_w.l(btod.o)
    0x08001900   0x08001900   0x00000244   Code   RO         3486    CL$$btod_mult_common  c_w.l(btod.o)
    0x08001b44   0x08001b44   0x00000016   Code   RO         2774    i.ADC_Cmd           stm32f10x_adc.o
    0x08001b5a   0x08001b5a   0x00000002   PAD
    0x08001b5c   0x08001b5c   0x0000005c   Code   RO         2776    i.ADC_DeInit        stm32f10x_adc.o
    0x08001bb8   0x08001bb8   0x00000014   Code   RO         2782    i.ADC_GetCalibrationStatus  stm32f10x_adc.o
    0x08001bcc   0x08001bcc   0x00000008   Code   RO         2783    i.ADC_GetConversionValue  stm32f10x_adc.o
    0x08001bd4   0x08001bd4   0x00000012   Code   RO         2785    i.ADC_GetFlagStatus  stm32f10x_adc.o
    0x08001be6   0x08001be6   0x00000014   Code   RO         2788    i.ADC_GetResetCalibrationStatus  stm32f10x_adc.o
    0x08001bfa   0x08001bfa   0x00000002   PAD
    0x08001bfc   0x08001bfc   0x00000050   Code   RO         2792    i.ADC_Init          stm32f10x_adc.o
    0x08001c4c   0x08001c4c   0x000000b8   Code   RO         2796    i.ADC_RegularChannelConfig  stm32f10x_adc.o
    0x08001d04   0x08001d04   0x0000000a   Code   RO         2797    i.ADC_ResetCalibration  stm32f10x_adc.o
    0x08001d0e   0x08001d0e   0x00000016   Code   RO         2799    i.ADC_SoftwareStartConvCmd  stm32f10x_adc.o
    0x08001d24   0x08001d24   0x0000000a   Code   RO         2801    i.ADC_StartCalibration  stm32f10x_adc.o
    0x08001d2e   0x08001d2e   0x00000002   PAD
    0x08001d30   0x08001d30   0x00000124   Code   RO         1362    i.Adc_Init          adc.o
    0x08001e54   0x08001e54   0x00000038   Code   RO         1386    i.BEEP_Init         beep.o
    0x08001e8c   0x08001e8c   0x00000004   Code   RO          196    i.BusFault_Handler  stm32f10x_it.o
    0x08001e90   0x08001e90   0x00000064   Code   RO         1308    i.DS18B20_Check     ds18b20.o
    0x08001ef4   0x08001ef4   0x000000ac   Code   RO         1309    i.DS18B20_Get_Temp  ds18b20.o
    0x08001fa0   0x08001fa0   0x00000040   Code   RO         1310    i.DS18B20_Init      ds18b20.o
    0x08001fe0   0x08001fe0   0x0000006c   Code   RO         1311    i.DS18B20_Read_Bit  ds18b20.o
    0x0800204c   0x0800204c   0x00000022   Code   RO         1312    i.DS18B20_Read_Byte  ds18b20.o
    0x0800206e   0x0800206e   0x00000002   PAD
    0x08002070   0x08002070   0x00000044   Code   RO         1313    i.DS18B20_Rst       ds18b20.o
    0x080020b4   0x080020b4   0x00000018   Code   RO         1314    i.DS18B20_Start     ds18b20.o
    0x080020cc   0x080020cc   0x00000074   Code   RO         1315    i.DS18B20_Write_Byte  ds18b20.o
    0x08002140   0x08002140   0x00000002   Code   RO          197    i.DebugMon_Handler  stm32f10x_it.o
    0x08002142   0x08002142   0x00000002   PAD
    0x08002144   0x08002144   0x00000034   Code   RO         1617    i.FSMC_NORSRAMCmd   stm32f10x_fsmc.o
    0x08002178   0x08002178   0x000000e6   Code   RO         1619    i.FSMC_NORSRAMInit  stm32f10x_fsmc.o
    0x0800225e   0x0800225e   0x00000116   Code   RO         1732    i.GPIO_Init         stm32f10x_gpio.o
    0x08002374   0x08002374   0x00000090   Code   RO         1734    i.GPIO_PinRemapConfig  stm32f10x_gpio.o
    0x08002404   0x08002404   0x00000004   Code   RO         1739    i.GPIO_ResetBits    stm32f10x_gpio.o
    0x08002408   0x08002408   0x00000004   Code   RO         1740    i.GPIO_SetBits      stm32f10x_gpio.o
    0x0800240c   0x0800240c   0x00000034   Code   RO         1363    i.Get_Adc           adc.o
    0x08002440   0x08002440   0x0000002e   Code   RO         1364    i.Get_Adc_Average   adc.o
    0x0800246e   0x0800246e   0x00000004   Code   RO          198    i.HardFault_Handler  stm32f10x_it.o
    0x08002472   0x08002472   0x00000002   PAD
    0x08002474   0x08002474   0x0000003c   Code   RO          331    i.KEY_Init          key.o
    0x080024b0   0x080024b0   0x0000006c   Code   RO          351    i.LCD_Clear         lcd.o
    0x0800251c   0x0800251c   0x000001c0   Code   RO          355    i.LCD_Display_Dir   lcd.o
    0x080026dc   0x080026dc   0x0000017c   Code   RO          360    i.LCD_Fast_DrawPoint  lcd.o
    0x08002858   0x08002858   0x000000bc   Code   RO          361    i.LCD_Fill          lcd.o
    0x08002914   0x08002914   0x00003774   Code   RO          362    i.LCD_Init          lcd.o
    0x08006088   0x08006088   0x00000016   Code   RO          363    i.LCD_Pow           lcd.o
    0x0800609e   0x0800609e   0x00000002   PAD
    0x080060a0   0x080060a0   0x00000014   Code   RO          364    i.LCD_RD_DATA       lcd.o
    0x080060b4   0x080060b4   0x00000016   Code   RO          366    i.LCD_ReadReg       lcd.o
    0x080060ca   0x080060ca   0x00000002   PAD
    0x080060cc   0x080060cc   0x00000054   Code   RO          367    i.LCD_SSD_BackLightSet  lcd.o
    0x08006120   0x08006120   0x000002ec   Code   RO          368    i.LCD_Scan_Dir      lcd.o
    0x0800640c   0x0800640c   0x000001a8   Code   RO          369    i.LCD_SetCursor     lcd.o
    0x080065b4   0x080065b4   0x00000128   Code   RO          371    i.LCD_ShowChar      lcd.o
    0x080066dc   0x080066dc   0x00000094   Code   RO          372    i.LCD_ShowNum       lcd.o
    0x08006770   0x08006770   0x00000066   Code   RO          373    i.LCD_ShowString    lcd.o
    0x080067d6   0x080067d6   0x00000002   PAD
    0x080067d8   0x080067d8   0x0000000c   Code   RO          375    i.LCD_WR_DATA       lcd.o
    0x080067e4   0x080067e4   0x0000000c   Code   RO          376    i.LCD_WR_REG        lcd.o
    0x080067f0   0x080067f0   0x00000014   Code   RO          378    i.LCD_WriteRAM_Prepare  lcd.o
    0x08006804   0x08006804   0x00000010   Code   RO          379    i.LCD_WriteReg      lcd.o
    0x08006814   0x08006814   0x0000004c   Code   RO          319    i.LED_Init          led.o
    0x08006860   0x08006860   0x00000050   Code   RO          613    i.MPU_Get_Accelerometer  mpu6050.o
    0x080068b0   0x080068b0   0x00000050   Code   RO          614    i.MPU_Get_Gyroscope  mpu6050.o
    0x08006900   0x08006900   0x00000068   Code   RO          615    i.MPU_Get_Temperature  mpu6050.o
    0x08006968   0x08006968   0x0000004c   Code   RO          553    i.MPU_IIC_Ack       mpuiic.o
    0x080069b4   0x080069b4   0x0000000a   Code   RO          554    i.MPU_IIC_Delay     mpuiic.o
    0x080069be   0x080069be   0x00000002   PAD
    0x080069c0   0x080069c0   0x00000038   Code   RO          555    i.MPU_IIC_Init      mpuiic.o
    0x080069f8   0x080069f8   0x0000004c   Code   RO          556    i.MPU_IIC_NAck      mpuiic.o
    0x08006a44   0x08006a44   0x0000006c   Code   RO          557    i.MPU_IIC_Read_Byte  mpuiic.o
    0x08006ab0   0x08006ab0   0x0000005c   Code   RO          558    i.MPU_IIC_Send_Byte  mpuiic.o
    0x08006b0c   0x08006b0c   0x00000048   Code   RO          559    i.MPU_IIC_Start     mpuiic.o
    0x08006b54   0x08006b54   0x00000048   Code   RO          560    i.MPU_IIC_Stop      mpuiic.o
    0x08006b9c   0x08006b9c   0x00000064   Code   RO          561    i.MPU_IIC_Wait_Ack  mpuiic.o
    0x08006c00   0x08006c00   0x000000c0   Code   RO          616    i.MPU_Init          mpu6050.o
    0x08006cc0   0x08006cc0   0x0000003a   Code   RO          617    i.MPU_Read_Byte     mpu6050.o
    0x08006cfa   0x08006cfa   0x00000074   Code   RO          618    i.MPU_Read_Len      mpu6050.o
    0x08006d6e   0x08006d6e   0x00000010   Code   RO          619    i.MPU_Set_Accel_Fsr  mpu6050.o
    0x08006d7e   0x08006d7e   0x00000010   Code   RO          620    i.MPU_Set_Gyro_Fsr  mpu6050.o
    0x08006d8e   0x08006d8e   0x0000003a   Code   RO          621    i.MPU_Set_LPF       mpu6050.o
    0x08006dc8   0x08006dc8   0x0000003a   Code   RO          622    i.MPU_Set_Rate      mpu6050.o
    0x08006e02   0x08006e02   0x00000044   Code   RO          623    i.MPU_Write_Byte    mpu6050.o
    0x08006e46   0x08006e46   0x00000060   Code   RO          624    i.MPU_Write_Len     mpu6050.o
    0x08006ea6   0x08006ea6   0x00000004   Code   RO          199    i.MemManage_Handler  stm32f10x_it.o
    0x08006eaa   0x08006eaa   0x00000002   Code   RO          200    i.NMI_Handler       stm32f10x_it.o
    0x08006eac   0x08006eac   0x00000070   Code   RO         1570    i.NVIC_Init         misc.o
    0x08006f1c   0x08006f1c   0x00000014   Code   RO         1571    i.NVIC_PriorityGroupConfig  misc.o
    0x08006f30   0x08006f30   0x00000002   Code   RO          201    i.PendSV_Handler    stm32f10x_it.o
    0x08006f32   0x08006f32   0x00000002   PAD
    0x08006f34   0x08006f34   0x00000018   Code   RO         1840    i.RCC_ADCCLKConfig  stm32f10x_rcc.o
    0x08006f4c   0x08006f4c   0x00000020   Code   RO         1841    i.RCC_AHBPeriphClockCmd  stm32f10x_rcc.o
    0x08006f6c   0x08006f6c   0x00000020   Code   RO         1842    i.RCC_APB1PeriphClockCmd  stm32f10x_rcc.o
    0x08006f8c   0x08006f8c   0x00000020   Code   RO         1843    i.RCC_APB1PeriphResetCmd  stm32f10x_rcc.o
    0x08006fac   0x08006fac   0x00000020   Code   RO         1844    i.RCC_APB2PeriphClockCmd  stm32f10x_rcc.o
    0x08006fcc   0x08006fcc   0x00000020   Code   RO         1845    i.RCC_APB2PeriphResetCmd  stm32f10x_rcc.o
    0x08006fec   0x08006fec   0x000000d4   Code   RO         1852    i.RCC_GetClocksFreq  stm32f10x_rcc.o
    0x080070c0   0x080070c0   0x00000002   Code   RO          202    i.SVC_Handler       stm32f10x_it.o
    0x080070c2   0x080070c2   0x00000008   Code   RO          285    i.SetSysClock       system_stm32f10x.o
    0x080070ca   0x080070ca   0x00000002   PAD
    0x080070cc   0x080070cc   0x000000e0   Code   RO          286    i.SetSysClockTo72   system_stm32f10x.o
    0x080071ac   0x080071ac   0x00000088   Code   RO         1436    i.Show_Chinese      text.o
    0x08007234   0x08007234   0x00000028   Code   RO         1574    i.SysTick_CLKSourceConfig  misc.o
    0x0800725c   0x0800725c   0x00000002   Code   RO          203    i.SysTick_Handler   stm32f10x_it.o
    0x0800725e   0x0800725e   0x00000002   PAD
    0x08007260   0x08007260   0x00000060   Code   RO          288    i.SystemInit        system_stm32f10x.o
    0x080072c0   0x080072c0   0x00000310   Code   RO         1282    i.TIM3_IRQHandler   timer.o
    0x080075d0   0x080075d0   0x00000060   Code   RO         1283    i.TIM3_Int_Init     timer.o
    0x08007630   0x08007630   0x00000038   Code   RO         2990    i.TIM4_IRQHandler   usmart.o
    0x08007668   0x08007668   0x00000006   Code   RO         2230    i.TIM_ClearFlag     stm32f10x_tim.o
    0x0800766e   0x0800766e   0x00000006   Code   RO         2231    i.TIM_ClearITPendingBit  stm32f10x_tim.o
    0x08007674   0x08007674   0x00000018   Code   RO         2236    i.TIM_Cmd           stm32f10x_tim.o
    0x0800768c   0x0800768c   0x00000006   Code   RO         2255    i.TIM_GetCounter    stm32f10x_tim.o
    0x08007692   0x08007692   0x00000012   Code   RO         2256    i.TIM_GetFlagStatus  stm32f10x_tim.o
    0x080076a4   0x080076a4   0x00000022   Code   RO         2257    i.TIM_GetITStatus   stm32f10x_tim.o
    0x080076c6   0x080076c6   0x00000012   Code   RO         2261    i.TIM_ITConfig      stm32f10x_tim.o
    0x080076d8   0x080076d8   0x00000004   Code   RO         2295    i.TIM_SetAutoreload  stm32f10x_tim.o
    0x080076dc   0x080076dc   0x00000004   Code   RO         2301    i.TIM_SetCounter    stm32f10x_tim.o
    0x080076e0   0x080076e0   0x000000a4   Code   RO         2307    i.TIM_TimeBaseInit  stm32f10x_tim.o
    0x08007784   0x08007784   0x0000005c   Code   RO         2991    i.Timer4_Init       usmart.o
    0x080077e0   0x080077e0   0x00000088   Code   RO         1512    i.USART1_IRQHandler  usart.o
    0x08007868   0x08007868   0x00000094   Code   RO         1398    i.USART2_IRQHandler  usart2.o
    0x080078fc   0x080078fc   0x00000018   Code   RO         2044    i.USART_Cmd         stm32f10x_usart.o
    0x08007914   0x08007914   0x0000009c   Code   RO         2046    i.USART_DeInit      stm32f10x_usart.o
    0x080079b0   0x080079b0   0x0000001a   Code   RO         2047    i.USART_GetFlagStatus  stm32f10x_usart.o
    0x080079ca   0x080079ca   0x00000054   Code   RO         2048    i.USART_GetITStatus  stm32f10x_usart.o
    0x08007a1e   0x08007a1e   0x0000004a   Code   RO         2050    i.USART_ITConfig    stm32f10x_usart.o
    0x08007a68   0x08007a68   0x000000d8   Code   RO         2051    i.USART_Init        stm32f10x_usart.o
    0x08007b40   0x08007b40   0x0000000a   Code   RO         2058    i.USART_ReceiveData  stm32f10x_usart.o
    0x08007b4a   0x08007b4a   0x00000008   Code   RO         2061    i.USART_SendData    stm32f10x_usart.o
    0x08007b52   0x08007b52   0x00000004   Code   RO          204    i.UsageFault_Handler  stm32f10x_it.o
    0x08007b56   0x08007b56   0x00000028   Code   RO         3399    i.__ARM_fpclassify  m_ws.l(fpclassify.o)
    0x08007b7e   0x08007b7e   0x000000aa   Code   RO         3401    i.__kernel_poly     m_ws.l(poly.o)
    0x08007c28   0x08007c28   0x00000006   Code   RO         3386    i.__mathlib_dbl_infnan  m_ws.l(dunder.o)
    0x08007c2e   0x08007c2e   0x00000004   Code   RO         3387    i.__mathlib_dbl_infnan2  m_ws.l(dunder.o)
    0x08007c32   0x08007c32   0x0000000c   Code   RO         3388    i.__mathlib_dbl_invalid  m_ws.l(dunder.o)
    0x08007c3e   0x08007c3e   0x00000002   PAD
    0x08007c40   0x08007c40   0x00000010   Code   RO         3391    i.__mathlib_dbl_underflow  m_ws.l(dunder.o)
    0x08007c50   0x08007c50   0x0000000e   Code   RO         3202    i._is_digit         c_w.l(__printf_wp.o)
    0x08007c5e   0x08007c5e   0x00000006   Code   RO         1513    i._sys_exit         usart.o
    0x08007c64   0x08007c64   0x000000a8   Code   RO          695    i.accel_self_test   inv_mpu.o
    0x08007d0c   0x08007d0c   0x00000270   Code   RO         3291    i.asin              m_ws.l(asin.o)
    0x08007f7c   0x08007f7c   0x00000220   Code   RO         3376    i.atan              m_ws.l(atan.o)
    0x0800819c   0x0800819c   0x00000180   Code   RO         3301    i.atan2             m_ws.l(atan2.o)
    0x0800831c   0x0800831c   0x00000064   Code   RO         1026    i.decode_gesture    inv_mpu_dmp_motion_driver.o
    0x08008380   0x08008380   0x00000044   Code   RO         1457    i.delay_init        delay.o
    0x080083c4   0x080083c4   0x0000004c   Code   RO         1458    i.delay_ms          delay.o
    0x08008410   0x08008410   0x0000004c   Code   RO         1459    i.delay_us          delay.o
    0x0800845c   0x0800845c   0x0000003c   Code   RO         1027    i.dmp_enable_6x_lp_quat  inv_mpu_dmp_motion_driver.o
    0x08008498   0x08008498   0x0000021c   Code   RO         1028    i.dmp_enable_feature  inv_mpu_dmp_motion_driver.o
    0x080086b4   0x080086b4   0x00000058   Code   RO         1029    i.dmp_enable_gyro_cal  inv_mpu_dmp_motion_driver.o
    0x0800870c   0x0800870c   0x0000003c   Code   RO         1030    i.dmp_enable_lp_quat  inv_mpu_dmp_motion_driver.o
    0x08008748   0x08008748   0x00000018   Code   RO         1035    i.dmp_load_motion_driver_firmware  inv_mpu_dmp_motion_driver.o
    0x08008760   0x08008760   0x000001cc   Code   RO         1036    i.dmp_read_fifo     inv_mpu_dmp_motion_driver.o
    0x0800892c   0x0800892c   0x00000130   Code   RO         1039    i.dmp_set_accel_bias  inv_mpu_dmp_motion_driver.o
    0x08008a5c   0x08008a5c   0x00000070   Code   RO         1040    i.dmp_set_fifo_rate  inv_mpu_dmp_motion_driver.o
    0x08008acc   0x08008acc   0x00000130   Code   RO         1041    i.dmp_set_gyro_bias  inv_mpu_dmp_motion_driver.o
    0x08008bfc   0x08008bfc   0x00000138   Code   RO         1043    i.dmp_set_orientation  inv_mpu_dmp_motion_driver.o
    0x08008d34   0x08008d34   0x00000038   Code   RO         1046    i.dmp_set_shake_reject_thresh  inv_mpu_dmp_motion_driver.o
    0x08008d6c   0x08008d6c   0x00000026   Code   RO         1047    i.dmp_set_shake_reject_time  inv_mpu_dmp_motion_driver.o
    0x08008d92   0x08008d92   0x00000026   Code   RO         1048    i.dmp_set_shake_reject_timeout  inv_mpu_dmp_motion_driver.o
    0x08008db8   0x08008db8   0x00000046   Code   RO         1049    i.dmp_set_tap_axes  inv_mpu_dmp_motion_driver.o
    0x08008dfe   0x08008dfe   0x00000026   Code   RO         1050    i.dmp_set_tap_count  inv_mpu_dmp_motion_driver.o
    0x08008e24   0x08008e24   0x000001a0   Code   RO         1051    i.dmp_set_tap_thresh  inv_mpu_dmp_motion_driver.o
    0x08008fc4   0x08008fc4   0x00000026   Code   RO         1052    i.dmp_set_tap_time  inv_mpu_dmp_motion_driver.o
    0x08008fea   0x08008fea   0x00000026   Code   RO         1053    i.dmp_set_tap_time_multi  inv_mpu_dmp_motion_driver.o
    0x08009010   0x08009010   0x0000001c   Code   RO         1514    i.fputc             usart.o
    0x0800902c   0x0800902c   0x000000b4   Code   RO          696    i.get_accel_prod_shift  inv_mpu.o
    0x080090e0   0x080090e0   0x00000470   Code   RO          697    i.get_st_biases     inv_mpu.o
    0x08009550   0x08009550   0x00000110   Code   RO          698    i.gyro_self_test    inv_mpu.o
    0x08009660   0x08009660   0x00000028   Code   RO          699    i.inv_orientation_matrix_to_scalar  inv_mpu.o
    0x08009688   0x08009688   0x0000004e   Code   RO          700    i.inv_row_2_scale   inv_mpu.o
    0x080096d6   0x080096d6   0x00000002   PAD
    0x080096d8   0x080096d8   0x0000022c   Code   RO            1    i.main              main.o
    0x08009904   0x08009904   0x00000002   Code   RO          701    i.mget_ms           inv_mpu.o
    0x08009906   0x08009906   0x00000002   PAD
    0x08009908   0x08009908   0x00000070   Code   RO          702    i.mpu_configure_fifo  inv_mpu.o
    0x08009978   0x08009978   0x00000224   Code   RO          703    i.mpu_dmp_get_data  inv_mpu.o
    0x08009b9c   0x08009b9c   0x000000a0   Code   RO          704    i.mpu_dmp_init      inv_mpu.o
    0x08009c3c   0x08009c3c   0x0000004c   Code   RO          705    i.mpu_get_accel_fsr  inv_mpu.o
    0x08009c88   0x08009c88   0x00000054   Code   RO          707    i.mpu_get_accel_sens  inv_mpu.o
    0x08009cdc   0x08009cdc   0x00000010   Code   RO          712    i.mpu_get_fifo_config  inv_mpu.o
    0x08009cec   0x08009cec   0x00000044   Code   RO          713    i.mpu_get_gyro_fsr  inv_mpu.o
    0x08009d30   0x08009d30   0x00000050   Code   RO          715    i.mpu_get_gyro_sens  inv_mpu.o
    0x08009d80   0x08009d80   0x00000050   Code   RO          717    i.mpu_get_lpf       inv_mpu.o
    0x08009dd0   0x08009dd0   0x00000020   Code   RO          719    i.mpu_get_sample_rate  inv_mpu.o
    0x08009df0   0x08009df0   0x000001f0   Code   RO          721    i.mpu_init          inv_mpu.o
    0x08009fe0   0x08009fe0   0x000000b8   Code   RO          722    i.mpu_load_firmware  inv_mpu.o
    0x0800a098   0x0800a098   0x000000e0   Code   RO          723    i.mpu_lp_accel_mode  inv_mpu.o
    0x0800a178   0x0800a178   0x000000c0   Code   RO          726    i.mpu_read_fifo_stream  inv_mpu.o
    0x0800a238   0x0800a238   0x00000080   Code   RO          727    i.mpu_read_mem      inv_mpu.o
    0x0800a2b8   0x0800a2b8   0x000001c8   Code   RO          730    i.mpu_reset_fifo    inv_mpu.o
    0x0800a480   0x0800a480   0x0000011c   Code   RO          731    i.mpu_run_self_test  inv_mpu.o
    0x0800a59c   0x0800a59c   0x00000084   Code   RO          733    i.mpu_set_accel_fsr  inv_mpu.o
    0x0800a620   0x0800a620   0x0000014c   Code   RO          734    i.mpu_set_bypass    inv_mpu.o
    0x0800a76c   0x0800a76c   0x00000090   Code   RO          736    i.mpu_set_dmp_state  inv_mpu.o
    0x0800a7fc   0x0800a7fc   0x00000088   Code   RO          737    i.mpu_set_gyro_fsr  inv_mpu.o
    0x0800a884   0x0800a884   0x0000006c   Code   RO          738    i.mpu_set_int_latched  inv_mpu.o
    0x0800a8f0   0x0800a8f0   0x00000084   Code   RO          740    i.mpu_set_lpf       inv_mpu.o
    0x0800a974   0x0800a974   0x0000009c   Code   RO          741    i.mpu_set_sample_rate  inv_mpu.o
    0x0800aa10   0x0800aa10   0x000000d0   Code   RO          742    i.mpu_set_sensors   inv_mpu.o
    0x0800aae0   0x0800aae0   0x00000080   Code   RO          743    i.mpu_write_mem     inv_mpu.o
    0x0800ab60   0x0800ab60   0x00000006   Code   RO         2992    i.read_addr         usmart.o
    0x0800ab66   0x0800ab66   0x00000094   Code   RO          744    i.run_self_test     inv_mpu.o
    0x0800abfa   0x0800abfa   0x00000002   PAD
    0x0800abfc   0x0800abfc   0x00000090   Code   RO          745    i.set_int_enable    inv_mpu.o
    0x0800ac8c   0x0800ac8c   0x00000164   Code   RO         1219    i.sim900a_sms_sendchinese  sim900a.o
    0x0800adf0   0x0800adf0   0x0000004c   Code   RO         3405    i.sqrt              m_ws.l(sqrt.o)
    0x0800ae3c   0x0800ae3c   0x00000050   Code   RO         1399    i.u2_printf         usart2.o
    0x0800ae8c   0x0800ae8c   0x000000a0   Code   RO         1515    i.uart_init         usart.o
    0x0800af2c   0x0800af2c   0x000000b0   Code   RO         1400    i.usart2_init       usart2.o
    0x0800afdc   0x0800afdc   0x000000b0   Code   RO         2993    i.usmart_cmd_rec    usmart.o
    0x0800b08c   0x0800b08c   0x000002d4   Code   RO         2994    i.usmart_exe        usmart.o
    0x0800b360   0x0800b360   0x000000c8   Code   RO         3079    i.usmart_get_aparm  usmart_str.o
    0x0800b428   0x0800b428   0x00000036   Code   RO         3080    i.usmart_get_cmdname  usmart_str.o
    0x0800b45e   0x0800b45e   0x00000002   PAD
    0x0800b460   0x0800b460   0x000001c0   Code   RO         3081    i.usmart_get_fname  usmart_str.o
    0x0800b620   0x0800b620   0x0000010c   Code   RO         3082    i.usmart_get_fparam  usmart_str.o
    0x0800b72c   0x0800b72c   0x00000020   Code   RO         3083    i.usmart_get_parmpos  usmart_str.o
    0x0800b74c   0x0800b74c   0x00000044   Code   RO         2995    i.usmart_get_runtime  usmart.o
    0x0800b790   0x0800b790   0x00000028   Code   RO         2996    i.usmart_init       usmart.o
    0x0800b7b8   0x0800b7b8   0x00000016   Code   RO         3084    i.usmart_pow        usmart_str.o
    0x0800b7ce   0x0800b7ce   0x00000002   PAD
    0x0800b7d0   0x0800b7d0   0x00000030   Code   RO         2997    i.usmart_reset_runtime  usmart.o
    0x0800b800   0x0800b800   0x000000bc   Code   RO         2998    i.usmart_scan       usmart.o
    0x0800b8bc   0x0800b8bc   0x00000016   Code   RO         3085    i.usmart_search_nextc  usmart_str.o
    0x0800b8d2   0x0800b8d2   0x000000ca   Code   RO         3086    i.usmart_str2num    usmart_str.o
    0x0800b99c   0x0800b99c   0x00000022   Code   RO         3087    i.usmart_strcmp     usmart_str.o
    0x0800b9be   0x0800b9be   0x00000016   Code   RO         3088    i.usmart_strcopy    usmart_str.o
    0x0800b9d4   0x0800b9d4   0x00000018   Code   RO         3089    i.usmart_strlen     usmart_str.o
    0x0800b9ec   0x0800b9ec   0x000006e4   Code   RO         2999    i.usmart_sys_cmd_exe  usmart.o
    0x0800c0d0   0x0800c0d0   0x00000004   Code   RO         3000    i.write_addr        usmart.o
    0x0800c0d4   0x0800c0d4   0x000000c0   Code   RO         1437    i.xianshi           text.o
    0x0800c194   0x0800c194   0x0000002c   Code   RO         3500    locale$$code        c_w.l(lc_numeric_c.o)
    0x0800c1c0   0x0800c1c0   0x0000002c   Code   RO         3519    locale$$code        c_w.l(lc_ctype_c.o)
    0x0800c1ec   0x0800c1ec   0x00000062   Code   RO         3228    x$fpl$d2f           fz_ws.l(d2f.o)
    0x0800c24e   0x0800c24e   0x00000002   PAD
    0x0800c250   0x0800c250   0x00000150   Code   RO         3230    x$fpl$dadd          fz_ws.l(daddsub_clz.o)
    0x0800c3a0   0x0800c3a0   0x00000010   Code   RO         3452    x$fpl$dcheck1       fz_ws.l(dcheck1.o)
    0x0800c3b0   0x0800c3b0   0x000002b0   Code   RO         3237    x$fpl$ddiv          fz_ws.l(ddiv.o)
    0x0800c660   0x0800c660   0x0000005e   Code   RO         3240    x$fpl$dfix          fz_ws.l(dfix.o)
    0x0800c6be   0x0800c6be   0x00000002   PAD
    0x0800c6c0   0x0800c6c0   0x0000005a   Code   RO         3244    x$fpl$dfixu         fz_ws.l(dfixu.o)
    0x0800c71a   0x0800c71a   0x0000002e   Code   RO         3249    x$fpl$dflt          fz_ws.l(dflt_clz.o)
    0x0800c748   0x0800c748   0x00000026   Code   RO         3248    x$fpl$dfltu         fz_ws.l(dflt_clz.o)
    0x0800c76e   0x0800c76e   0x00000002   PAD
    0x0800c770   0x0800c770   0x00000154   Code   RO         3254    x$fpl$dmul          fz_ws.l(dmul.o)
    0x0800c8c4   0x0800c8c4   0x0000009c   Code   RO         3360    x$fpl$dnaninf       fz_ws.l(dnaninf.o)
    0x0800c960   0x0800c960   0x0000000c   Code   RO         3362    x$fpl$dretinf       fz_ws.l(dretinf.o)
    0x0800c96c   0x0800c96c   0x00000016   Code   RO         3231    x$fpl$drsb          fz_ws.l(daddsub_clz.o)
    0x0800c982   0x0800c982   0x00000002   PAD
    0x0800c984   0x0800c984   0x000001cc   Code   RO         3456    x$fpl$dsqrt         fz_ws.l(dsqrt_noumaal.o)
    0x0800cb50   0x0800cb50   0x000001d4   Code   RO         3232    x$fpl$dsub          fz_ws.l(daddsub_clz.o)
    0x0800cd24   0x0800cd24   0x00000056   Code   RO         3256    x$fpl$f2d           fz_ws.l(f2d.o)
    0x0800cd7a   0x0800cd7a   0x00000002   PAD
    0x0800cd7c   0x0800cd7c   0x000000c4   Code   RO         3258    x$fpl$fadd          fz_ws.l(faddsub_clz.o)
    0x0800ce40   0x0800ce40   0x00000018   Code   RO         3364    x$fpl$fcmpinf       fz_ws.l(fcmpi.o)
    0x0800ce58   0x0800ce58   0x00000184   Code   RO         3265    x$fpl$fdiv          fz_ws.l(fdiv.o)
    0x0800cfdc   0x0800cfdc   0x00000068   Code   RO         3268    x$fpl$feqf          fz_ws.l(feqf.o)
    0x0800d044   0x0800d044   0x00000036   Code   RO         3270    x$fpl$ffix          fz_ws.l(ffix.o)
    0x0800d07a   0x0800d07a   0x00000002   PAD
    0x0800d07c   0x0800d07c   0x0000003e   Code   RO         3274    x$fpl$ffixu         fz_ws.l(ffixu.o)
    0x0800d0ba   0x0800d0ba   0x00000002   PAD
    0x0800d0bc   0x0800d0bc   0x00000030   Code   RO         3279    x$fpl$fflt          fz_ws.l(fflt_clz.o)
    0x0800d0ec   0x0800d0ec   0x00000026   Code   RO         3278    x$fpl$ffltu         fz_ws.l(fflt_clz.o)
    0x0800d112   0x0800d112   0x00000002   PAD
    0x0800d114   0x0800d114   0x00000068   Code   RO         3284    x$fpl$fleqf         fz_ws.l(fleqf.o)
    0x0800d17c   0x0800d17c   0x00000102   Code   RO         3286    x$fpl$fmul          fz_ws.l(fmul.o)
    0x0800d27e   0x0800d27e   0x0000008c   Code   RO         3366    x$fpl$fnaninf       fz_ws.l(fnaninf.o)
    0x0800d30a   0x0800d30a   0x0000000a   Code   RO         3368    x$fpl$fretinf       fz_ws.l(fretinf.o)
    0x0800d314   0x0800d314   0x00000062   Code   RO         3288    x$fpl$frleqf        fz_ws.l(frleqf.o)
    0x0800d376   0x0800d376   0x00000002   PAD
    0x0800d378   0x0800d378   0x000000ea   Code   RO         3260    x$fpl$fsub          fz_ws.l(faddsub_clz.o)
    0x0800d462   0x0800d462   0x00000004   Code   RO         3370    x$fpl$printf1       fz_ws.l(printf1.o)
    0x0800d466   0x0800d466   0x00000064   Code   RO         3514    x$fpl$retnan        fz_ws.l(retnan.o)
    0x0800d4ca   0x0800d4ca   0x0000005c   Code   RO         3372    x$fpl$scalbn        fz_ws.l(scalbn.o)
    0x0800d526   0x0800d526   0x00000030   Code   RO         3572    x$fpl$trapveneer    fz_ws.l(trapv.o)
    0x0800d556   0x0800d556   0x00000000   Code   RO         3374    x$fpl$usenofp       fz_ws.l(usenofp.o)
    0x0800d556   0x0800d556   0x000017c0   Data   RO          382    .constdata          lcd.o
    0x0800ed16   0x0800ed16   0x00000002   PAD
    0x0800ed18   0x0800ed18   0x00000050   Data   RO          747    .constdata          inv_mpu.o
    0x0800ed68   0x0800ed68   0x00000bf6   Data   RO         1055    .constdata          inv_mpu_dmp_motion_driver.o
    0x0800f95e   0x0800f95e   0x00000028   Data   RO         3190    .constdata          c_w.l(_printf_hex_int_ll_ptr.o)
    0x0800f986   0x0800f986   0x00000011   Data   RO         3210    .constdata          c_w.l(__printf_flags_ss_wp.o)
    0x0800f997   0x0800f997   0x00000001   PAD
    0x0800f998   0x0800f998   0x00000050   Data   RO         3292    .constdata          m_ws.l(asin.o)
    0x0800f9e8   0x0800f9e8   0x00000008   Data   RO         3330    .constdata          c_w.l(_printf_wctomb.o)
    0x0800f9f0   0x0800f9f0   0x00000098   Data   RO         3377    .constdata          m_ws.l(atan.o)
    0x0800fa88   0x0800fa88   0x00000008   Data   RO         3403    .constdata          m_ws.l(qnan.o)
    0x0800fa90   0x0800fa90   0x00000094   Data   RO         3475    .constdata          c_w.l(bigflt0.o)
    0x0800fb24   0x0800fb24   0x0000004d   Data   RO          748    .conststring        inv_mpu.o
    0x0800fb71   0x0800fb71   0x00000003   PAD
    0x0800fb74   0x0800fb74   0x00000028   Data   RO         3001    .conststring        usmart.o
    0x0800fb9c   0x0800fb9c   0x000000cb   Data   RO         3066    .conststring        usmart_config.o
    0x0800fc67   0x0800fc67   0x00000001   PAD
    0x0800fc68   0x0800fc68   0x00000020   Data   RO         3647    Region$$Table       anon$$obj.o
    0x0800fc88   0x0800fc88   0x0000001c   Data   RO         3499    locale$$data        c_w.l(lc_numeric_c.o)
    0x0800fca4   0x0800fca4   0x00000110   Data   RO         3518    locale$$data        c_w.l(lc_ctype_c.o)


    Execution Region RW_IRAM1 (Exec base: 0x20000000, Load base: 0x0800fdb4, Size: 0x00000df8, Max: 0x00010000, ABSOLUTE, COMPRESSED[0x000001e8])

    Exec Addr    Load Addr    Size         Type   Attr      Idx    E Section Name        Object

    0x20000000   COMPRESSED   0x00000004   Data   RW            6    .data               main.o
    0x20000004   COMPRESSED   0x00000014   Data   RW          289    .data               system_stm32f10x.o
    0x20000018   COMPRESSED   0x00000004   Data   RW          383    .data               lcd.o
    0x2000001c   COMPRESSED   0x00000035   Data   RW          749    .data               inv_mpu.o
    0x20000051   COMPRESSED   0x00000003   PAD
    0x20000054   COMPRESSED   0x00000026   Data   RW         1285    .data               timer.o
    0x2000007a   COMPRESSED   0x00000002   Data   RW         1402    .data               usart2.o
    0x2000007c   COMPRESSED   0x00000180   Data   RW         1438    .data               text.o
    0x200001fc   COMPRESSED   0x00000004   Data   RW         1460    .data               delay.o
    0x20000200   COMPRESSED   0x00000006   Data   RW         1517    .data               usart.o
    0x20000206   COMPRESSED   0x00000014   Data   RW         1872    .data               stm32f10x_rcc.o
    0x2000021a   COMPRESSED   0x00000002   PAD
    0x2000021c   COMPRESSED   0x0000001c   Data   RW         3002    .data               usmart.o
    0x20000238   COMPRESSED   0x0000012c   Data   RW         3067    .data               usmart_config.o
    0x20000364        -       0x0000000e   Zero   RW          381    .bss                lcd.o
    0x20000372   COMPRESSED   0x00000002   PAD
    0x20000374        -       0x00000010   Zero   RW         1054    .bss                inv_mpu_dmp_motion_driver.o
    0x20000384        -       0x00000028   Zero   RW         1284    .bss                timer.o
    0x200003ac        -       0x00000320   Zero   RW         1401    .bss                usart2.o
    0x200006cc        -       0x000000c8   Zero   RW         1516    .bss                usart.o
    0x20000794        -       0x00000060   Zero   RW         3459    .bss                c_w.l(libspace.o)
    0x200007f4   COMPRESSED   0x00000004   PAD
    0x200007f8        -       0x00000200   Zero   RW         1564    HEAP                startup_stm32f10x_hd.o
    0x200009f8        -       0x00000400   Zero   RW         1563    STACK               startup_stm32f10x_hd.o


==============================================================================

Image component sizes


      Code (inc. data)   RO Data    RW Data    ZI Data      Debug   Object Name

       390         24          0          0          0       1859   adc.o
        56          6          0          0          0        492   beep.o
       220         26          0          4          0       1719   delay.o
       686         66          0          0          0       4656   ds18b20.o
      6864        290        157         53          0      31208   inv_mpu.o
      3096        122       3062          0         16      20774   inv_mpu_dmp_motion_driver.o
        60          8          0          0          0        495   key.o
     17246        194       6080          4         14      22610   lcd.o
        76          8          0          0          0        499   led.o
       556        100          0          4          0     270952   main.o
       172         22          0          0          0       2049   misc.o
       942         30          0          0          0       8293   mpu6050.o
       662        100          0          0          0       4834   mpuiic.o
       356        184          0          0          0        578   sim900a.o
        64         26        304          0       1536        796   startup_stm32f10x_hd.o
       486         24          0          0          0       8586   stm32f10x_adc.o
       282          6          0          0          0       1809   stm32f10x_fsmc.o
       430          6          0          0          0       3870   stm32f10x_gpio.o
        26          0          0          0          0       3694   stm32f10x_it.o
       396         56          0         20          0       6683   stm32f10x_rcc.o
       284         42          0          0          0       6300   stm32f10x_tim.o
       598         28          0          0          0       6776   stm32f10x_usart.o
         0          0          0          0          0         32   sys.o
       328         28          0         20          0       2077   system_stm32f10x.o
       328         58          0        384          0       2324   text.o
       880         84          0         38         40       2665   timer.o
       330         26          0          6        200       4144   usart.o
       404         38          0          2        800       3242   usart2.o
      3166       1330         40         28          0       7562   usmart.o
         0          0        203        300          0       1588   usmart_config.o
      1328         20          0          0          0       8453   usmart_str.o

    ----------------------------------------------------------------------
     40748       2952       9884        868       2608     441619   Object Totals
         0          0         32          0          0          0   (incl. Generated)
        36          0          6          5          2          0   (incl. Padding)

    ----------------------------------------------------------------------

      Code (inc. data)   RO Data    RW Data    ZI Data      Debug   Library Member Name

        24          4          0          0          0         84   __2printf.o
        90          0          0          0          0          0   __dczerorl2.o
         8          0          0          0          0         68   __main.o
       392          4         17          0          0         92   __printf_flags_ss_wp.o
        14          0          0          0          0         68   __printf_wp.o
         0          0          0          0          0          0   __rtentry.o
        12          0          0          0          0          0   __rtentry2.o
         6          0          0          0          0          0   __rtentry4.o
        52          8          0          0          0          0   __scatter.o
        28          0          0          0          0          0   __scatter_zi.o
         6          0          0          0          0          0   _printf_a.o
         6          0          0          0          0          0   _printf_c.o
        44          0          0          0          0        108   _printf_char.o
        48          6          0          0          0         96   _printf_char_common.o
        36          4          0          0          0         80   _printf_char_file.o
        40          0          0          0          0         68   _printf_charcount.o
         6          0          0          0          0          0   _printf_d.o
       120         16          0          0          0         92   _printf_dec.o
         6          0          0          0          0          0   _printf_e.o
         6          0          0          0          0          0   _printf_f.o
      1054          0          0          0          0        216   _printf_fp_dec.o
       128         16          0          0          0         84   _printf_fp_infnan.o
         6          0          0          0          0          0   _printf_g.o
       148          4         40          0          0        160   _printf_hex_int_ll_ptr.o
         6          0          0          0          0          0   _printf_i.o
       178          0          0          0          0         88   _printf_intcommon.o
        10          0          0          0          0          0   _printf_l.o
         6          0          0          0          0          0   _printf_lc.o
        10          0          0          0          0          0   _printf_ll.o
         6          0          0          0          0          0   _printf_lld.o
         6          0          0          0          0          0   _printf_lli.o
         6          0          0          0          0          0   _printf_llo.o
         6          0          0          0          0          0   _printf_llu.o
         6          0          0          0          0          0   _printf_llx.o
       124         16          0          0          0         92   _printf_longlong_dec.o
         6          0          0          0          0          0   _printf_ls.o
         6          0          0          0          0          0   _printf_n.o
         6          0          0          0          0          0   _printf_o.o
       112         10          0          0          0        124   _printf_oct_int_ll.o
         6          0          0          0          0          0   _printf_p.o
        78          0          0          0          0        108   _printf_pad.o
         0          0          0          0          0          0   _printf_percent.o
         4          0          0          0          0          0   _printf_percent_end.o
         6          0          0          0          0          0   _printf_s.o
        82          0          0          0          0         80   _printf_str.o
        36          0          0          0          0         84   _printf_truncate.o
         6          0          0          0          0          0   _printf_u.o
        44          0          0          0          0        108   _printf_wchar.o
       188          6          8          0          0         92   _printf_wctomb.o
         6          0          0          0          0          0   _printf_x.o
        22          0          0          0          0        100   _rserrno.o
        10          0          0          0          0         68   _sputc.o
        64          0          0          0          0         92   _wcrtomb.o
        16          0          0          0          0         68   aeabi_memset.o
       228          4        148          0          0         96   bigflt0.o
      1936        128          0          0          0        672   btod.o
        36          4          0          0          0         76   c89vsprintf.o
        18          0          0          0          0         80   exit.o
         8          0          0          0          0         68   ferror.o
         6          0          0          0          0        152   heapauxi.o
        44         10        272          0          0         76   lc_ctype_c.o
        44         10         28          0          0         76   lc_numeric_c.o
         2          0          0          0          0          0   libinit.o
        30          0          0          0          0          0   libinit2.o
         2          0          0          0          0          0   libshutdown.o
         2          0          0          0          0          0   libshutdown2.o
         8          4          0          0         96         68   libspace.o
        72          0          0          0          0         76   llsdiv.o
       138          0          0          0          0         80   lludiv10.o
       238          0          0          0          0        100   lludivv7m.o
        88          0          0          0          0         76   memcmp.o
        16          4          0          0          0         76   rt_ctype_table.o
         8          4          0          0          0         68   rt_errno_addr_intlibspace.o
         8          4          0          0          0         68   rt_locale_intlibspace.o
        68          0          0          0          0         68   rt_memclr.o
        78          0          0          0          0         80   rt_memclr_w.o
         2          0          0          0          0          0   rtexit.o
        10          0          0          0          0          0   rtexit2.o
       128          0          0          0          0         68   strcmpv7m.o
        62          0          0          0          0         76   strlen.o
        74          0          0          0          0         80   sys_stackheap_outer.o
         2          0          0          0          0         68   use_no_semi.o
         2          0          0          0          0         68   use_no_semi_2.o
        98          4          0          0          0         92   d2f.o
       826         16          0          0          0        348   daddsub_clz.o
        16          4          0          0          0         68   dcheck1.o
       688        140          0          0          0        208   ddiv.o
        94          4          0          0          0         92   dfix.o
        90          4          0          0          0         92   dfixu.o
        84          0          0          0          0        136   dflt_clz.o
       340         12          0          0          0        104   dmul.o
       156          4          0          0          0         92   dnaninf.o
        12          0          0          0          0         68   dretinf.o
       460         56          0          0          0        120   dsqrt_noumaal.o
        86          4          0          0          0         84   f2d.o
       430          8          0          0          0        168   faddsub_clz.o
        24          0          0          0          0         68   fcmpi.o
       388         76          0          0          0         96   fdiv.o
       104          4          0          0          0         84   feqf.o
        54          4          0          0          0         84   ffix.o
        62          4          0          0          0         84   ffixu.o
        86          0          0          0          0        136   fflt_clz.o
       104          4          0          0          0         84   fleqf.o
       258          4          0          0          0         84   fmul.o
       140          4          0          0          0         84   fnaninf.o
        10          0          0          0          0         68   fretinf.o
        98          0          0          0          0         68   frleqf.o
         4          0          0          0          0         68   printf1.o
       100          0          0          0          0         68   retnan.o
        92          0          0          0          0         68   scalbn.o
        48          0          0          0          0         68   trapv.o
         0          0          0          0          0          0   usenofp.o
       624         52         80          0          0        168   asin.o
       544         70        152          0          0        124   atan.o
       384         38          0          0          0        144   atan2.o
        38          6          0          0          0        272   dunder.o
        40          0          0          0          0         68   fpclassify.o
       170          0          0          0          0         96   poly.o
         0          0          8          0          0          0   qnan.o
        76          0          0          0          0         84   sqrt.o

    ----------------------------------------------------------------------
     13562        788        754          0        100       8576   Library Totals
        34          0          1          0          4          0   (incl. Padding)

    ----------------------------------------------------------------------

      Code (inc. data)   RO Data    RW Data    ZI Data      Debug   Library Name

      6700        266        513          0         96       4736   c_w.l
      4952        356          0          0          0       2884   fz_ws.l
      1876        166        240          0          0        956   m_ws.l

    ----------------------------------------------------------------------
     13562        788        754          0        100       8576   Library Totals

    ----------------------------------------------------------------------

==============================================================================


      Code (inc. data)   RO Data    RW Data    ZI Data      Debug   

     54310       3740      10638        868       2708     435111   Grand Totals
     54310       3740      10638        488       2708     435111   ELF Image Totals (compressed)
     54310       3740      10638        488          0          0   ROM Totals

==============================================================================

    Total RO  Size (Code + RO Data)                64948 (  63.43kB)
    Total RW  Size (RW Data + ZI Data)              3576 (   3.49kB)
    Total ROM Size (Code + RO Data + RW Data)      65436 (  63.90kB)

==============================================================================

